Archive member included to satisfy reference by file (symbol)

C:/PROGRA~2/Arm GNU Toolchain arm-none-eabi/13.3 rel1/bin/../lib/gcc/arm-none-eabi/13.3.1/thumb/v7-m/nofp\libg_nano.a(libc_a-exit.o)
                              C:/PROGRA~2/Arm GNU Toolchain arm-none-eabi/13.3 rel1/bin/../lib/gcc/arm-none-eabi/13.3.1/thumb/v7-m/nofp/crt0.o (exit)
C:/PROGRA~2/Arm GNU Toolchain arm-none-eabi/13.3 rel1/bin/../lib/gcc/arm-none-eabi/13.3.1/thumb/v7-m/nofp\libg_nano.a(libc_a-nano-vfprintf_float.o)
                              (_printf_float)
C:/PROGRA~2/Arm GNU Toolchain arm-none-eabi/13.3 rel1/bin/../lib/gcc/arm-none-eabi/13.3.1/thumb/v7-m/nofp\libg_nano.a(libc_a-nano-vfprintf_i.o)
                              C:/PROGRA~2/Arm GNU Toolchain arm-none-eabi/13.3 rel1/bin/../lib/gcc/arm-none-eabi/13.3.1/thumb/v7-m/nofp\libg_nano.a(libc_a-nano-vfprintf_float.o) (_printf_common)
C:/PROGRA~2/Arm GNU Toolchain arm-none-eabi/13.3 rel1/bin/../lib/gcc/arm-none-eabi/13.3.1/thumb/v7-m/nofp\libg_nano.a(libc_a-findfp.o)
                              C:/PROGRA~2/Arm GNU Toolchain arm-none-eabi/13.3 rel1/bin/../lib/gcc/arm-none-eabi/13.3.1/thumb/v7-m/nofp\libg_nano.a(libc_a-exit.o) (__stdio_exit_handler)
C:/PROGRA~2/Arm GNU Toolchain arm-none-eabi/13.3 rel1/bin/../lib/gcc/arm-none-eabi/13.3.1/thumb/v7-m/nofp\libg_nano.a(libc_a-fwalk.o)
                              C:/PROGRA~2/Arm GNU Toolchain arm-none-eabi/13.3 rel1/bin/../lib/gcc/arm-none-eabi/13.3.1/thumb/v7-m/nofp\libg_nano.a(libc_a-findfp.o) (_fwalk_sglue)
C:/PROGRA~2/Arm GNU Toolchain arm-none-eabi/13.3 rel1/bin/../lib/gcc/arm-none-eabi/13.3.1/thumb/v7-m/nofp\libg_nano.a(libc_a-puts.o)
                              CMakeFiles/STM32_BLDC.elf.dir/User_program/hello_world.c.obj (puts)
C:/PROGRA~2/Arm GNU Toolchain arm-none-eabi/13.3 rel1/bin/../lib/gcc/arm-none-eabi/13.3.1/thumb/v7-m/nofp\libg_nano.a(libc_a-stdio.o)
                              C:/PROGRA~2/Arm GNU Toolchain arm-none-eabi/13.3 rel1/bin/../lib/gcc/arm-none-eabi/13.3.1/thumb/v7-m/nofp\libg_nano.a(libc_a-findfp.o) (__sread)
C:/PROGRA~2/Arm GNU Toolchain arm-none-eabi/13.3 rel1/bin/../lib/gcc/arm-none-eabi/13.3.1/thumb/v7-m/nofp\libg_nano.a(libc_a-wbuf.o)
                              C:/PROGRA~2/Arm GNU Toolchain arm-none-eabi/13.3 rel1/bin/../lib/gcc/arm-none-eabi/13.3.1/thumb/v7-m/nofp\libg_nano.a(libc_a-puts.o) (__swbuf_r)
C:/PROGRA~2/Arm GNU Toolchain arm-none-eabi/13.3 rel1/bin/../lib/gcc/arm-none-eabi/13.3.1/thumb/v7-m/nofp\libg_nano.a(libc_a-wsetup.o)
                              C:/PROGRA~2/Arm GNU Toolchain arm-none-eabi/13.3 rel1/bin/../lib/gcc/arm-none-eabi/13.3.1/thumb/v7-m/nofp\libg_nano.a(libc_a-puts.o) (__swsetup_r)
C:/PROGRA~2/Arm GNU Toolchain arm-none-eabi/13.3 rel1/bin/../lib/gcc/arm-none-eabi/13.3.1/thumb/v7-m/nofp\libg_nano.a(libc_a-memset.o)
                              C:/PROGRA~2/Arm GNU Toolchain arm-none-eabi/13.3 rel1/bin/../lib/gcc/arm-none-eabi/13.3.1/thumb/v7-m/nofp/crt0.o (memset)
C:/PROGRA~2/Arm GNU Toolchain arm-none-eabi/13.3 rel1/bin/../lib/gcc/arm-none-eabi/13.3.1/thumb/v7-m/nofp\libg_nano.a(libc_a-localeconv.o)
                              C:/PROGRA~2/Arm GNU Toolchain arm-none-eabi/13.3 rel1/bin/../lib/gcc/arm-none-eabi/13.3.1/thumb/v7-m/nofp\libg_nano.a(libc_a-nano-vfprintf_float.o) (_localeconv_r)
C:/PROGRA~2/Arm GNU Toolchain arm-none-eabi/13.3 rel1/bin/../lib/gcc/arm-none-eabi/13.3.1/thumb/v7-m/nofp\libg_nano.a(libc_a-closer.o)
                              C:/PROGRA~2/Arm GNU Toolchain arm-none-eabi/13.3 rel1/bin/../lib/gcc/arm-none-eabi/13.3.1/thumb/v7-m/nofp\libg_nano.a(libc_a-stdio.o) (_close_r)
C:/PROGRA~2/Arm GNU Toolchain arm-none-eabi/13.3 rel1/bin/../lib/gcc/arm-none-eabi/13.3.1/thumb/v7-m/nofp\libg_nano.a(libc_a-reent.o)
                              C:/PROGRA~2/Arm GNU Toolchain arm-none-eabi/13.3 rel1/bin/../lib/gcc/arm-none-eabi/13.3.1/thumb/v7-m/nofp\libg_nano.a(libc_a-closer.o) (errno)
C:/PROGRA~2/Arm GNU Toolchain arm-none-eabi/13.3 rel1/bin/../lib/gcc/arm-none-eabi/13.3.1/thumb/v7-m/nofp\libg_nano.a(libc_a-impure.o)
                              C:/PROGRA~2/Arm GNU Toolchain arm-none-eabi/13.3 rel1/bin/../lib/gcc/arm-none-eabi/13.3.1/thumb/v7-m/nofp\libg_nano.a(libc_a-puts.o) (_impure_ptr)
C:/PROGRA~2/Arm GNU Toolchain arm-none-eabi/13.3 rel1/bin/../lib/gcc/arm-none-eabi/13.3.1/thumb/v7-m/nofp\libg_nano.a(libc_a-lseekr.o)
                              C:/PROGRA~2/Arm GNU Toolchain arm-none-eabi/13.3 rel1/bin/../lib/gcc/arm-none-eabi/13.3.1/thumb/v7-m/nofp\libg_nano.a(libc_a-stdio.o) (_lseek_r)
C:/PROGRA~2/Arm GNU Toolchain arm-none-eabi/13.3 rel1/bin/../lib/gcc/arm-none-eabi/13.3.1/thumb/v7-m/nofp\libg_nano.a(libc_a-readr.o)
                              C:/PROGRA~2/Arm GNU Toolchain arm-none-eabi/13.3 rel1/bin/../lib/gcc/arm-none-eabi/13.3.1/thumb/v7-m/nofp\libg_nano.a(libc_a-stdio.o) (_read_r)
C:/PROGRA~2/Arm GNU Toolchain arm-none-eabi/13.3 rel1/bin/../lib/gcc/arm-none-eabi/13.3.1/thumb/v7-m/nofp\libg_nano.a(libc_a-writer.o)
[...]
Memory Configuration

Name             Origin             Length             Attributes
RAM              0x20000000         0x00005000         xrw
FLASH            0x08000000         0x00010000         xr
*default*        0x00000000         0xffffffff

Linker script and memory map

LOAD C:/PROGRA~2/Arm GNU Toolchain arm-none-eabi/13.3 rel1/bin/../lib/gcc/arm-none-eabi/13.3.1/thumb/v7-m/nofp/crti.o
LOAD C:/PROGRA~2/Arm GNU Toolchain arm-none-eabi/13.3 rel1/bin/../lib/gcc/arm-none-eabi/13.3.1/thumb/v7-m/nofp/crtbegin.o
LOAD C:/PROGRA~2/Arm GNU Toolchain arm-none-eabi/13.3 rel1/bin/../lib/gcc/arm-none-eabi/13.3.1/thumb/v7-m/nofp/crt0.o
LOAD CMakeFiles/STM32_BLDC.elf.dir/User_program/ADC_int.c.obj
LOAD CMakeFiles/STM32_BLDC.elf.dir/User_program/GPIO_int.c.obj
LOAD CMakeFiles/STM32_BLDC.elf.dir/User_program/IQ_math.c.obj
LOAD CMakeFiles/STM32_BLDC.elf.dir/User_program/PI_Cale.c.obj
LOAD CMakeFiles/STM32_BLDC.elf.dir/User_program/Task_function.c.obj
LOAD CMakeFiles/STM32_BLDC.elf.dir/User_program/ThreeHall.c.obj
LOAD CMakeFiles/STM32_BLDC.elf.dir/User_program/Tim1_ISR_MCLoop.c.obj
LOAD CMakeFiles/STM32_BLDC.elf.dir/User_program/Tim1_PWM.c.obj
LOAD CMakeFiles/STM32_BLDC.elf.dir/User_program/Tim4_Encoder_PWMDAC.c.obj
LOAD CMakeFiles/STM32_BLDC.elf.dir/User_program/Timer.c.obj
LOAD CMakeFiles/STM32_BLDC.elf.dir/User_program/Usart_RS232.c.obj
LOAD CMakeFiles/STM32_BLDC.elf.dir/User_program/hello_world.c.obj
LOAD CMakeFiles/STM32_BLDC.elf.dir/User_program/syscalls.c.obj
LOAD CMakeFiles/STM32_BLDC.elf.dir/FWlib/src/misc.c.obj
LOAD CMakeFiles/STM32_BLDC.elf.dir/FWlib/src/stm32f10x_adc.c.obj
LOAD CMakeFiles/STM32_BLDC.elf.dir/FWlib/src/stm32f10x_bkp.c.obj
LOAD CMakeFiles/STM32_BLDC.elf.dir/FWlib/src/stm32f10x_can.c.obj
LOAD CMakeFiles/STM32_BLDC.elf.dir/FWlib/src/stm32f10x_cec.c.obj
LOAD CMakeFiles/STM32_BLDC.elf.dir/FWlib/src/stm32f10x_crc.c.obj
LOAD CMakeFiles/STM32_BLDC.elf.dir/FWlib/src/stm32f10x_dac.c.obj
LOAD CMakeFiles/STM32_BLDC.elf.dir/FWlib/src/stm32f10x_dbgmcu.c.obj
LOAD CMakeFiles/STM32_BLDC.elf.dir/FWlib/src/stm32f10x_dma.c.obj
LOAD CMakeFiles/STM32_BLDC.elf.dir/FWlib/src/stm32f10x_exti.c.obj
LOAD CMakeFiles/STM32_BLDC.elf.dir/FWlib/src/stm32f10x_flash.c.obj
LOAD CMakeFiles/STM32_BLDC.elf.dir/FWlib/src/stm32f10x_fsmc.c.obj
LOAD CMakeFiles/STM32_BLDC.elf.dir/FWlib/src/stm32f10x_gpio.c.obj
LOAD CMakeFiles/STM32_BLDC.elf.dir/FWlib/src/stm32f10x_i2c.c.obj
LOAD CMakeFiles/STM32_BLDC.elf.dir/FWlib/src/stm32f10x_iwdg.c.obj
LOAD CMakeFiles/STM32_BLDC.elf.dir/FWlib/src/stm32f10x_pwr.c.obj
LOAD CMakeFiles/STM32_BLDC.elf.dir/FWlib/src/stm32f10x_rcc.c.obj
LOAD CMakeFiles/STM32_BLDC.elf.dir/FWlib/src/stm32f10x_rtc.c.obj
LOAD CMakeFiles/STM32_BLDC.elf.dir/FWlib/src/stm32f10x_sdio.c.obj
LOAD CMakeFiles/STM32_BLDC.elf.dir/FWlib/src/stm32f10x_spi.c.obj
LOAD CMakeFiles/STM32_BLDC.elf.dir/FWlib/src/stm32f10x_tim.c.obj
LOAD CMakeFiles/STM32_BLDC.elf.dir/FWlib/src/stm32f10x_usart.c.obj
LOAD CMakeFiles/STM32_BLDC.elf.dir/FWlib/src/stm32f10x_wwdg.c.obj
LOAD CMakeFiles/STM32_BLDC.elf.dir/FWlib/src/system_stm32f10x.c.obj
LOAD CMakeFiles/STM32_BLDC.elf.dir/main.c.obj
LOAD CMakeFiles/STM32_BLDC.elf.dir/startup/startup_stm32f103xb.s.obj
LOAD CMakeFiles/STM32_BLDC.elf.dir/CMSIS/core_cm3.c.obj
START GROUP
LOAD C:/PROGRA~2/Arm GNU Toolchain arm-none-eabi/13.3 rel1/bin/../lib/gcc/arm-none-eabi/13.3.1/thumb/v7-m/nofp\libgcc.a
LOAD C:/PROGRA~2/Arm GNU Toolchain arm-none-eabi/13.3 rel1/bin/../lib/gcc/arm-none-eabi/13.3.1/thumb/v7-m/nofp\libg_nano.a
LOAD C:/PROGRA~2/Arm GNU Toolchain arm-none-eabi/13.3 rel1/bin/../lib/gcc/arm-none-eabi/13.3.1/thumb/v7-m/nofp\libc_nano.a
END GROUP
START GROUP
LOAD C:/PROGRA~2/Arm GNU Toolchain arm-none-eabi/13.3 rel1/bin/../lib/gcc/arm-none-eabi/13.3.1/thumb/v7-m/nofp\libgcc.a
LOAD C:/PROGRA~2/Arm GNU Toolchain arm-none-eabi/13.3 rel1/bin/../lib/gcc/arm-none-eabi/13.3.1/thumb/v7-m/nofp\libc_nano.a
LOAD C:/PROGRA~2/Arm GNU Toolchain arm-none-eabi/13.3 rel1/bin/../lib/gcc/arm-none-eabi/13.3.1/thumb/v7-m/nofp\libnosys.a
END GROUP
START GROUP
LOAD C:/PROGRA~2/Arm GNU Toolchain arm-none-eabi/13.3 rel1/bin/../lib/gcc/arm-none-eabi/13.3.1/thumb/v7-m/nofp\libgcc.a
LOAD C:/PROGRA~2/Arm GNU Toolchain arm-none-eabi/13.3 rel1/bin/../lib/gcc/arm-none-eabi/13.3.1/thumb/v7-m/nofp\libc_nano.a
LOAD C:/PROGRA~2/Arm GNU Toolchain arm-none-eabi/13.3 rel1/bin/../lib/gcc/arm-none-eabi/13.3.1/thumb/v7-m/nofp\libnosys.a
END GROUP
LOAD C:/PROGRA~2/Arm GNU Toolchain arm-none-eabi/13.3 rel1/bin/../lib/gcc/arm-none-eabi/13.3.1/thumb/v7-m/nofp/crtend.o
LOAD C:/PROGRA~2/Arm GNU Toolchain arm-none-eabi/13.3 rel1/bin/../lib/gcc/arm-none-eabi/13.3.1/thumb/v7-m/nofp/crtn.o
                0x20005000                        _estack = 0x20005000
                0x00000200                        _Min_Heap_Size = 0x200
                0x00000400                        _Min_Stack_Size = 0x400

.isr_vector     0x08000000      0x10c
                0x08000000                        . = ALIGN (0x4)
 *(.isr_vector)
 .isr_vector    0x08000000      0x10c CMakeFiles/STM32_BLDC.elf.dir/startup/startup_stm32f103xb.s.obj
                0x08000000                g_pfnVectors
                0x0800010c                        . = ALIGN (0x4)

.text           0x08000110     0x527c
                0x08000110                        . = ALIGN (0x4)
 *(.text)
 .text          0x08000110       0x10 C:/PROGRA~2/Arm GNU Toolchain arm-none-eabi/13.3 rel1/bin/../lib/gcc/arm-none-eabi/13.3.1/thumb/v7-m/nofp\libg_nano.a(libc_a-strlen.o)
                0x08000110                strlen
 .text          0x08000120      0x378 C:/PROGRA~2/Arm GNU Toolchain arm-none-eabi/13.3 rel1/bin/../lib/gcc/arm-none-eabi/13.3.1/thumb/v7-m/nofp\libgcc.a(_arm_addsubdf3.o)
                0x08000120                __aeabi_drsub
                0x08000128                __aeabi_dsub
                0x08000128                __subdf3
                0x0800012c                __aeabi_dadd
                0x0800012c                __adddf3
                0x080003a4                __floatunsidf
                0x080003a4                __aeabi_ui2d
                0x080003c4                __floatsidf
                0x080003c4                __aeabi_i2d
                0x080003e8                __aeabi_f2d
                0x080003e8                __extendsfdf2
                0x0800042c                __floatundidf
                0x0800042c                __aeabi_ul2d
                0x0800043c                __floatdidf
                0x0800043c                __aeabi_l2d
 .text          0x08000498      0x424 C:/PROGRA~2/Arm GNU Toolchain arm-none-eabi/13.3 rel1/bin/../lib/gcc/arm-none-eabi/13.3.1/thumb/v7-m/nofp\libgcc.a(_arm_muldivdf3.o)
                0x08000498                __aeabi_dmul
                0x08000498                __muldf3
                0x080006ec                __divdf3
                0x080006ec                __aeabi_ddiv
 .text          0x080008bc      0x110 C:/PROGRA~2/Arm GNU Toolchain arm-none-eabi/13.3 rel1/bin/../lib/gcc/arm-none-eabi/13.3.1/thumb/v7-m/nofp\libgcc.a(_arm_cmpdf2.o)
                0x080008bc                __gtdf2
                0x080008bc                __gedf2
                0x080008c4                __ltdf2
                0x080008c4                __ledf2
                0x080008cc                __nedf2
                0x080008cc                __eqdf2
                0x080008cc                __cmpdf2
                0x08000948                __aeabi_cdrcmple
                0x08000958                __aeabi_cdcmpeq
                0x08000958                __aeabi_cdcmple
                0x08000968                __aeabi_dcmpeq
                0x0800097c                __aeabi_dcmplt
                0x08000990                __aeabi_dcmple
                0x080009a4                __aeabi_dcmpge
                0x080009b8                __aeabi_dcmpgt
 .text          0x080009cc       0x2c C:/PROGRA~2/Arm GNU Toolchain arm-none-eabi/13.3 rel1/bin/../lib/gcc/arm-none-eabi/13.3.1/thumb/v7-m/nofp\libgcc.a(_arm_unorddf2.o)
                0x080009cc                __unorddf2
                0x080009cc                __aeabi_dcmpun
 .text          0x080009f8       0x50 C:/PROGRA~2/Arm GNU Toolchain arm-none-eabi/13.3 rel1/bin/../lib/gcc/arm-none-eabi/13.3.1/thumb/v7-m/nofp\libgcc.a(_arm_fixdfsi.o)
                0x080009f8                __aeabi_d2iz
                0x080009f8                __fixdfsi
 *(.text*)
 .text.deregister_tm_clones
                0x08000a48       0x1c C:/PROGRA~2/Arm GNU Toolchain arm-none-eabi/13.3 rel1/bin/../lib/gcc/arm-none-eabi/13.3.1/thumb/v7-m/nofp/crtbegin.o
 .text.register_tm_clones
                0x08000a64       0x24 C:/PROGRA~2/Arm GNU Toolchain arm-none-eabi/13.3 rel1/bin/../lib/gcc/arm-none-eabi/13.3.1/thumb/v7-m/nofp/crtbegin.o
 .text.__do_global_dtors_aux
                0x08000a88       0x28 C:/PROGRA~2/Arm GNU Toolchain arm-none-eabi/13.3 rel1/bin/../lib/gcc/arm-none-eabi/13.3.1/thumb/v7-m/nofp/crtbegin.o
 .text.frame_dummy
                0x08000ab0       0x24 C:/PROGRA~2/Arm GNU Toolchain arm-none-eabi/13.3 rel1/bin/../lib/gcc/arm-none-eabi/13.3.1/thumb/v7-m/nofp/crtbegin.o
 .text.ADC1_Configuration
                0x08000ad4       0xc4 CMakeFiles/STM32_BLDC.elf.dir/User_program/ADC_int.c.obj
                0x08000ad4                ADC1_Configuration
 .text.DMA_Configuration
                0x08000b98       0x64 CMakeFiles/STM32_BLDC.elf.dir/User_program/ADC_int.c.obj
                0x08000b98                DMA_Configuration
 .text.Offset_CurrentReading
                0x08000bfc       0x8c CMakeFiles/STM32_BLDC.elf.dir/User_program/ADC_int.c.obj
                0x08000bfc                Offset_CurrentReading
 .text.ADC_Sample
                0x08000c88       0x50 CMakeFiles/STM32_BLDC.elf.dir/User_program/ADC_int.c.obj
                0x08000c88                ADC_Sample
 .text.Protection_software
                0x08000cd8       0x30 CMakeFiles/STM32_BLDC.elf.dir/User_program/ADC_int.c.obj
                0x08000cd8                Protection_software
 .text.Delay    0x08000d08       0x16 CMakeFiles/STM32_BLDC.elf.dir/User_program/GPIO_int.c.obj
                0x08000d08                Delay
 *fill*         0x08000d1e        0x2 
 .text.GPIO_LED485RE_int
                0x08000d20       0x30 CMakeFiles/STM32_BLDC.elf.dir/User_program/GPIO_int.c.obj
                0x08000d20                GPIO_LED485RE_int
 .text.InitThreeHallGpio
                0x08000d50       0x2c CMakeFiles/STM32_BLDC.elf.dir/User_program/GPIO_int.c.obj
                0x08000d50                InitThreeHallGpio
 .text.InitUSART3_Gpio
                0x08000d7c       0x48 CMakeFiles/STM32_BLDC.elf.dir/User_program/GPIO_int.c.obj
                0x08000d7c                InitUSART3_Gpio
 .text.Init_Gpio_ADC
                0x08000dc4       0x38 CMakeFiles/STM32_BLDC.elf.dir/User_program/GPIO_int.c.obj
                0x08000dc4                Init_Gpio_ADC
 .text.Init_PWMDAC_Gpio
                0x08000dfc       0x3c CMakeFiles/STM32_BLDC.elf.dir/User_program/GPIO_int.c.obj
                0x08000dfc                Init_PWMDAC_Gpio
 .text.Init_Gpio_TIM1_PWM
                0x08000e38       0x68 CMakeFiles/STM32_BLDC.elf.dir/User_program/GPIO_int.c.obj
                0x08000e38                Init_Gpio_TIM1_PWM
 .text.LED1_Toggle
                0x08000ea0       0x1c CMakeFiles/STM32_BLDC.elf.dir/User_program/GPIO_int.c.obj
                0x08000ea0                LED1_Toggle
 .text.IQsat    0x08000ebc       0x14 CMakeFiles/STM32_BLDC.elf.dir/User_program/IQ_math.c.obj
                0x08000ebc                IQsat
 .text.PI_Controller
                0x08000ed0       0x40 CMakeFiles/STM32_BLDC.elf.dir/User_program/PI_Cale.c.obj
                0x08000ed0                PI_Controller
 .text.PI_Pare_init
                0x08000f10       0x34 CMakeFiles/STM32_BLDC.elf.dir/User_program/PI_Cale.c.obj
                0x08000f10                PI_Pare_init
 .text.knob_control
                0x08000f44       0xf8 CMakeFiles/STM32_BLDC.elf.dir/User_program/Task_function.c.obj
                0x08000f44                knob_control
 .text.ThreeHallPara_init
                0x0800103c       0x14 CMakeFiles/STM32_BLDC.elf.dir/User_program/ThreeHall.c.obj
                0x0800103c                ThreeHallPara_init
 .text.ThreeHall_huanxkz
                0x08001050      0x2a4 CMakeFiles/STM32_BLDC.elf.dir/User_program/ThreeHall.c.obj
                0x08001050                ThreeHall_huanxkz
 .text.TIM1_UP_IRQHandler
                0x080012f4      0x134 CMakeFiles/STM32_BLDC.elf.dir/User_program/Tim1_ISR_MCLoop.c.obj
                0x080012f4                TIM1_UP_IRQHandler
 .text.Tim1_PWM_Init
                0x08001428      0x140 CMakeFiles/STM32_BLDC.elf.dir/User_program/Tim1_PWM.c.obj
                0x08001428                Tim1_PWM_Init
 .text.Stop_Motor
                0x08001568       0x48 CMakeFiles/STM32_BLDC.elf.dir/User_program/Tim1_PWM.c.obj
                0x08001568                Stop_Motor
 .text.MOS_Q41PWM
                0x080015b0       0x70 CMakeFiles/STM32_BLDC.elf.dir/User_program/Tim1_PWM.c.obj
                0x080015b0                MOS_Q41PWM
 .text.MOS_Q16PWM
                0x08001620       0x70 CMakeFiles/STM32_BLDC.elf.dir/User_program/Tim1_PWM.c.obj
                0x08001620                MOS_Q16PWM
 .text.MOS_Q63PWM
                0x08001690       0x70 CMakeFiles/STM32_BLDC.elf.dir/User_program/Tim1_PWM.c.obj
                0x08001690                MOS_Q63PWM
 .text.MOS_Q32PWM
                0x08001700       0x70 CMakeFiles/STM32_BLDC.elf.dir/User_program/Tim1_PWM.c.obj
                0x08001700                MOS_Q32PWM
 .text.MOS_Q25PWM
                0x08001770       0x70 CMakeFiles/STM32_BLDC.elf.dir/User_program/Tim1_PWM.c.obj
                0x08001770                MOS_Q25PWM
 .text.MOS_Q54PWM
                0x080017e0       0x70 CMakeFiles/STM32_BLDC.elf.dir/User_program/Tim1_PWM.c.obj
                0x080017e0                MOS_Q54PWM
 .text.TIM4PWMDAC_Config
                0x08001850       0xc8 CMakeFiles/STM32_BLDC.elf.dir/User_program/Tim4_Encoder_PWMDAC.c.obj
                0x08001850                TIM4PWMDAC_Config
 .text.SysTickConfig
                0x08001918       0x44 CMakeFiles/STM32_BLDC.elf.dir/User_program/Timer.c.obj
                0x08001918                SysTickConfig
 .text.RunSystimer
                0x0800195c       0xe8 CMakeFiles/STM32_BLDC.elf.dir/User_program/Timer.c.obj
                0x0800195c                RunSystimer
 .text.CLEAR_flag
                0x08001a44       0x98 CMakeFiles/STM32_BLDC.elf.dir/User_program/Timer.c.obj
                0x08001a44                CLEAR_flag
 .text.Usart3_RS232_init
                0x08001adc       0x74 CMakeFiles/STM32_BLDC.elf.dir/User_program/Usart_RS232.c.obj
                0x08001adc                Usart3_RS232_init
 .text._getpid  0x08001b50        0x4 CMakeFiles/STM32_BLDC.elf.dir/User_program/syscalls.c.obj
                0x08001b50                _getpid
 .text._kill    0x08001b54       0x10 CMakeFiles/STM32_BLDC.elf.dir/User_program/syscalls.c.obj
                0x08001b54                _kill
 .text._exit    0x08001b64        0xc CMakeFiles/STM32_BLDC.elf.dir/User_program/syscalls.c.obj
                0x08001b64                _exit
 .text._read    0x08001b70       0x20 CMakeFiles/STM32_BLDC.elf.dir/User_program/syscalls.c.obj
                0x08001b70                _read
 .text._write   0x08001b90       0x1c CMakeFiles/STM32_BLDC.elf.dir/User_program/syscalls.c.obj
                0x08001b90                _write
 .text._sbrk    0x08001bac       0x3c CMakeFiles/STM32_BLDC.elf.dir/User_program/syscalls.c.obj
                0x08001bac                _sbrk
 .text._close   0x08001be8        0x6 CMakeFiles/STM32_BLDC.elf.dir/User_program/syscalls.c.obj
                0x08001be8                _close
 .text._fstat   0x08001bee        0xa CMakeFiles/STM32_BLDC.elf.dir/User_program/syscalls.c.obj
                0x08001bee                _fstat
 .text._isatty  0x08001bf8        0x4 CMakeFiles/STM32_BLDC.elf.dir/User_program/syscalls.c.obj
                0x08001bf8                _isatty
 .text._lseek   0x08001bfc        0x4 CMakeFiles/STM32_BLDC.elf.dir/User_program/syscalls.c.obj
                0x08001bfc                _lseek
 .text.NVIC_PriorityGroupConfig
                0x08001c00       0x14 CMakeFiles/STM32_BLDC.elf.dir/FWlib/src/misc.c.obj
                0x08001c00                NVIC_PriorityGroupConfig
 .text.NVIC_Init
                0x08001c14       0x60 CMakeFiles/STM32_BLDC.elf.dir/FWlib/src/misc.c.obj
                0x08001c14                NVIC_Init
 .text.ADC_DeInit
                0x08001c74       0x64 CMakeFiles/STM32_BLDC.elf.dir/FWlib/src/stm32f10x_adc.c.obj
                0x08001c74                ADC_DeInit
 .text.ADC_Init
                0x08001cd8       0x4c CMakeFiles/STM32_BLDC.elf.dir/FWlib/src/stm32f10x_adc.c.obj
                0x08001cd8                ADC_Init
 .text.ADC_StructInit
                0x08001d24       0x12 CMakeFiles/STM32_BLDC.elf.dir/FWlib/src/stm32f10x_adc.c.obj
                0x08001d24                ADC_StructInit
 .text.ADC_Cmd  0x08001d36       0x16 CMakeFiles/STM32_BLDC.elf.dir/FWlib/src/stm32f10x_adc.c.obj
                0x08001d36                ADC_Cmd
 .text.ADC_DMACmd
                0x08001d4c       0x16 CMakeFiles/STM32_BLDC.elf.dir/FWlib/src/stm32f10x_adc.c.obj
                0x08001d4c                ADC_DMACmd
 .text.ADC_ResetCalibration
                0x08001d62        0xa CMakeFiles/STM32_BLDC.elf.dir/FWlib/src/stm32f10x_adc.c.obj
                0x08001d62                ADC_ResetCalibration
 .text.ADC_GetResetCalibrationStatus
                0x08001d6c       0x10 CMakeFiles/STM32_BLDC.elf.dir/FWlib/src/stm32f10x_adc.c.obj
                0x08001d6c                ADC_GetResetCalibrationStatus
 .text.ADC_StartCalibration
                0x08001d7c        0xa CMakeFiles/STM32_BLDC.elf.dir/FWlib/src/stm32f10x_adc.c.obj
                0x08001d7c                ADC_StartCalibration
 .text.ADC_GetCalibrationStatus
                0x08001d86       0x10 CMakeFiles/STM32_BLDC.elf.dir/FWlib/src/stm32f10x_adc.c.obj
                0x08001d86                ADC_GetCalibrationStatus
 .text.ADC_SoftwareStartConvCmd
                0x08001d96       0x16 CMakeFiles/STM32_BLDC.elf.dir/FWlib/src/stm32f10x_adc.c.obj
                0x08001d96                ADC_SoftwareStartConvCmd
 .text.ADC_RegularChannelConfig
                0x08001dac       0x98 CMakeFiles/STM32_BLDC.elf.dir/FWlib/src/stm32f10x_adc.c.obj
                0x08001dac                ADC_RegularChannelConfig
 .text.DMA_DeInit
                0x08001e44      0x128 CMakeFiles/STM32_BLDC.elf.dir/FWlib/src/stm32f10x_dma.c.obj
                0x08001e44                DMA_DeInit
 .text.DMA_Init
                0x08001f6c       0x3a CMakeFiles/STM32_BLDC.elf.dir/FWlib/src/stm32f10x_dma.c.obj
                0x08001f6c                DMA_Init
 .text.DMA_Cmd  0x08001fa6       0x1a CMakeFiles/STM32_BLDC.elf.dir/FWlib/src/stm32f10x_dma.c.obj
                0x08001fa6                DMA_Cmd
 .text.GPIO_Init
                0x08001fc0       0xb0 CMakeFiles/STM32_BLDC.elf.dir/FWlib/src/stm32f10x_gpio.c.obj
                0x08001fc0                GPIO_Init
 .text.GPIO_StructInit
                0x08002070       0x10 CMakeFiles/STM32_BLDC.elf.dir/FWlib/src/stm32f10x_gpio.c.obj
                0x08002070                GPIO_StructInit
 .text.GPIO_ReadInputDataBit
                0x08002080        0xe CMakeFiles/STM32_BLDC.elf.dir/FWlib/src/stm32f10x_gpio.c.obj
                0x08002080                GPIO_ReadInputDataBit
 *fill*         0x0800208e        0x2 
 .text.GPIO_PinRemapConfig
                0x08002090       0x7c CMakeFiles/STM32_BLDC.elf.dir/FWlib/src/stm32f10x_gpio.c.obj
                0x08002090                GPIO_PinRemapConfig
 .text.RCC_ADCCLKConfig
                0x0800210c       0x14 CMakeFiles/STM32_BLDC.elf.dir/FWlib/src/stm32f10x_rcc.c.obj
                0x0800210c                RCC_ADCCLKConfig
 .text.RCC_GetClocksFreq
                0x08002120       0xbc CMakeFiles/STM32_BLDC.elf.dir/FWlib/src/stm32f10x_rcc.c.obj
                0x08002120                RCC_GetClocksFreq
 .text.RCC_AHBPeriphClockCmd
                0x080021dc       0x1c CMakeFiles/STM32_BLDC.elf.dir/FWlib/src/stm32f10x_rcc.c.obj
                0x080021dc                RCC_AHBPeriphClockCmd
 .text.RCC_APB2PeriphClockCmd
                0x080021f8       0x1c CMakeFiles/STM32_BLDC.elf.dir/FWlib/src/stm32f10x_rcc.c.obj
                0x080021f8                RCC_APB2PeriphClockCmd
 .text.RCC_APB1PeriphClockCmd
                0x08002214       0x1c CMakeFiles/STM32_BLDC.elf.dir/FWlib/src/stm32f10x_rcc.c.obj
                0x08002214                RCC_APB1PeriphClockCmd
 .text.RCC_APB2PeriphResetCmd
                0x08002230       0x1c CMakeFiles/STM32_BLDC.elf.dir/FWlib/src/stm32f10x_rcc.c.obj
                0x08002230                RCC_APB2PeriphResetCmd
 .text.RCC_APB1PeriphResetCmd
                0x0800224c       0x1c CMakeFiles/STM32_BLDC.elf.dir/FWlib/src/stm32f10x_rcc.c.obj
                0x0800224c                RCC_APB1PeriphResetCmd
 .text.TIM_TimeBaseInit
                0x08002268       0x94 CMakeFiles/STM32_BLDC.elf.dir/FWlib/src/stm32f10x_tim.c.obj
                0x08002268                TIM_TimeBaseInit
 .text.TIM_OC1Init
                0x080022fc       0x94 CMakeFiles/STM32_BLDC.elf.dir/FWlib/src/stm32f10x_tim.c.obj
                0x080022fc                TIM_OC1Init
 .text.TIM_OC2Init
                0x08002390       0x98 CMakeFiles/STM32_BLDC.elf.dir/FWlib/src/stm32f10x_tim.c.obj
                0x08002390                TIM_OC2Init
 .text.TIM_OC3Init
                0x08002428       0x94 CMakeFiles/STM32_BLDC.elf.dir/FWlib/src/stm32f10x_tim.c.obj
                0x08002428                TIM_OC3Init
 .text.TIM_OC4Init
                0x080024bc       0x7c CMakeFiles/STM32_BLDC.elf.dir/FWlib/src/stm32f10x_tim.c.obj
                0x080024bc                TIM_OC4Init
 .text.TIM_BDTRConfig
                0x08002538       0x2c CMakeFiles/STM32_BLDC.elf.dir/FWlib/src/stm32f10x_tim.c.obj
                0x08002538                TIM_BDTRConfig
 .text.TIM_Cmd  0x08002564       0x1c CMakeFiles/STM32_BLDC.elf.dir/FWlib/src/stm32f10x_tim.c.obj
                0x08002564                TIM_Cmd
 .text.TIM_CtrlPWMOutputs
                0x08002580       0x24 CMakeFiles/STM32_BLDC.elf.dir/FWlib/src/stm32f10x_tim.c.obj
                0x08002580                TIM_CtrlPWMOutputs
 .text.TIM_ITConfig
                0x080025a4       0x18 CMakeFiles/STM32_BLDC.elf.dir/FWlib/src/stm32f10x_tim.c.obj
                0x080025a4                TIM_ITConfig
 .text.TIM_ARRPreloadConfig
                0x080025bc       0x1c CMakeFiles/STM32_BLDC.elf.dir/FWlib/src/stm32f10x_tim.c.obj
                0x080025bc                TIM_ARRPreloadConfig
 .text.TIM_OC1PreloadConfig
                0x080025d8        0xe CMakeFiles/STM32_BLDC.elf.dir/FWlib/src/stm32f10x_tim.c.obj
                0x080025d8                TIM_OC1PreloadConfig
 .text.TIM_OC2PreloadConfig
                0x080025e6       0x12 CMakeFiles/STM32_BLDC.elf.dir/FWlib/src/stm32f10x_tim.c.obj
                0x080025e6                TIM_OC2PreloadConfig
 .text.TIM_OC3PreloadConfig
                0x080025f8        0xe CMakeFiles/STM32_BLDC.elf.dir/FWlib/src/stm32f10x_tim.c.obj
                0x080025f8                TIM_OC3PreloadConfig
 .text.TIM_OC4PreloadConfig
                0x08002606       0x12 CMakeFiles/STM32_BLDC.elf.dir/FWlib/src/stm32f10x_tim.c.obj
                0x08002606                TIM_OC4PreloadConfig
 .text.TIM_CCxCmd
                0x08002618       0x22 CMakeFiles/STM32_BLDC.elf.dir/FWlib/src/stm32f10x_tim.c.obj
                0x08002618                TIM_CCxCmd
 .text.TIM_CCxNCmd
                0x0800263a       0x22 CMakeFiles/STM32_BLDC.elf.dir/FWlib/src/stm32f10x_tim.c.obj
                0x0800263a                TIM_CCxNCmd
 .text.TIM_SelectOCxM
                0x0800265c       0x5e CMakeFiles/STM32_BLDC.elf.dir/FWlib/src/stm32f10x_tim.c.obj
                0x0800265c                TIM_SelectOCxM
 .text.TIM_SetCompare1
                0x080026ba        0x4 CMakeFiles/STM32_BLDC.elf.dir/FWlib/src/stm32f10x_tim.c.obj
                0x080026ba                TIM_SetCompare1
 .text.TIM_SetCompare2
                0x080026be        0x4 CMakeFiles/STM32_BLDC.elf.dir/FWlib/src/stm32f10x_tim.c.obj
                0x080026be                TIM_SetCompare2
 .text.TIM_SetCompare3
                0x080026c2        0x4 CMakeFiles/STM32_BLDC.elf.dir/FWlib/src/stm32f10x_tim.c.obj
                0x080026c2                TIM_SetCompare3
 .text.TIM_SetCompare4
                0x080026c6        0x6 CMakeFiles/STM32_BLDC.elf.dir/FWlib/src/stm32f10x_tim.c.obj
                0x080026c6                TIM_SetCompare4
 .text.TIM_ClearFlag
                0x080026cc        0x8 CMakeFiles/STM32_BLDC.elf.dir/FWlib/src/stm32f10x_tim.c.obj
                0x080026cc                TIM_ClearFlag
 .text.TIM_ClearITPendingBit
                0x080026d4        0x8 CMakeFiles/STM32_BLDC.elf.dir/FWlib/src/stm32f10x_tim.c.obj
                0x080026d4                TIM_ClearITPendingBit
 .text.USART_DeInit
                0x080026dc       0xa4 CMakeFiles/STM32_BLDC.elf.dir/FWlib/src/stm32f10x_usart.c.obj
                0x080026dc                USART_DeInit
 .text.USART_Init
                0x08002780       0xc4 CMakeFiles/STM32_BLDC.elf.dir/FWlib/src/stm32f10x_usart.c.obj
                0x08002780                USART_Init
 .text.USART_Cmd
                0x08002844       0x1c CMakeFiles/STM32_BLDC.elf.dir/FWlib/src/stm32f10x_usart.c.obj
                0x08002844                USART_Cmd
 .text.USART_ITConfig
                0x08002860       0x36 CMakeFiles/STM32_BLDC.elf.dir/FWlib/src/stm32f10x_usart.c.obj
                0x08002860                USART_ITConfig
 *fill*         0x08002896        0x2 
 .text.SetSysClockTo72
                0x08002898       0xc4 CMakeFiles/STM32_BLDC.elf.dir/FWlib/src/system_stm32f10x.c.obj
 .text.SetSysClock
                0x0800295c        0x8 CMakeFiles/STM32_BLDC.elf.dir/FWlib/src/system_stm32f10x.c.obj
 .text.SystemInit
                0x08002964       0x50 CMakeFiles/STM32_BLDC.elf.dir/FWlib/src/system_stm32f10x.c.obj
                0x08002964                SystemInit
 .text.main     0x080029b4       0x84 CMakeFiles/STM32_BLDC.elf.dir/main.c.obj
                0x080029b4                main
 .text.Reset_Handler
                0x08002a38       0x48 CMakeFiles/STM32_BLDC.elf.dir/startup/startup_stm32f103xb.s.obj
                0x08002a38                Reset_Handler
 .text.Default_Handler
                0x08002a80        0x2 CMakeFiles/STM32_BLDC.elf.dir/startup/startup_stm32f103xb.s.obj
                0x08002a80                RTC_Alarm_IRQHandler
                0x08002a80                EXTI2_IRQHandler
                0x08002a80                DebugMon_Handler
                0x08002a80                TIM1_CC_IRQHandler
                0x08002a80                HardFault_Handler
                0x08002a80                SysTick_Handler
                0x08002a80                PVD_IRQHandler
                0x08002a80                PendSV_Handler
                0x08002a80                NMI_Handler
                0x08002a80                EXTI3_IRQHandler
                0x08002a80                EXTI0_IRQHandler
                0x08002a80                I2C2_EV_IRQHandler
                0x08002a80                UsageFault_Handler
                0x08002a80                ADC1_2_IRQHandler
                0x08002a80                SPI1_IRQHandler
                0x08002a80                TAMPER_IRQHandler
                0x08002a80                DMA1_Channel4_IRQHandler
                0x08002a80                USART3_IRQHandler
                0x08002a80                RTC_IRQHandler
                0x08002a80                DMA1_Channel7_IRQHandler
                0x08002a80                CAN1_RX1_IRQHandler
                0x08002a80                TIM4_IRQHandler
                0x08002a80                I2C1_EV_IRQHandler
                0x08002a80                DMA1_Channel6_IRQHandler
                0x08002a80                TIM3_IRQHandler
                0x08002a80                RCC_IRQHandler
                0x08002a80                TIM1_TRG_COM_IRQHandler
                0x08002a80                DMA1_Channel1_IRQHandler
                0x08002a80                Default_Handler
                0x08002a80                EXTI15_10_IRQHandler
                0x08002a80                EXTI9_5_IRQHandler
                0x08002a80                SPI2_IRQHandler
                0x08002a80                MemManage_Handler
                0x08002a80                SVC_Handler
                0x08002a80                DMA1_Channel5_IRQHandler
                0x08002a80                EXTI4_IRQHandler
                0x08002a80                USB_LP_CAN1_RX0_IRQHandler
                0x08002a80                USB_HP_CAN1_TX_IRQHandler
                0x08002a80                DMA1_Channel3_IRQHandler
                0x08002a80                WWDG_IRQHandler
                0x08002a80                TIM2_IRQHandler
                0x08002a80                TIM1_BRK_IRQHandler
                0x08002a80                EXTI1_IRQHandler
                0x08002a80                USART2_IRQHandler
                0x08002a80                I2C2_ER_IRQHandler
                0x08002a80                DMA1_Channel2_IRQHandler
                0x08002a80                CAN1_SCE_IRQHandler
                0x08002a80                FLASH_IRQHandler
                0x08002a80                BusFault_Handler
                0x08002a80                USART1_IRQHandler
                0x08002a80                I2C1_ER_IRQHandler
                0x08002a80                USBWakeUp_IRQHandler
 .text.__cvt    0x08002a82       0xc8 C:/PROGRA~2/Arm GNU Toolchain arm-none-eabi/13.3 rel1/bin/../lib/gcc/arm-none-eabi/13.3.1/thumb/v7-m/nofp\libg_nano.a(libc_a-nano-vfprintf_float.o)
                0x08002a82                __cvt
 .text.__exponent
                0x08002b4a       0x74 C:/PROGRA~2/Arm GNU Toolchain arm-none-eabi/13.3 rel1/bin/../lib/gcc/arm-none-eabi/13.3.1/thumb/v7-m/nofp\libg_nano.a(libc_a-nano-vfprintf_float.o)
                0x08002b4a                __exponent
 *fill*         0x08002bbe        0x2 
 .text._printf_float
                0x08002bc0      0x458 C:/PROGRA~2/Arm GNU Toolchain arm-none-eabi/13.3 rel1/bin/../lib/gcc/arm-none-eabi/13.3.1/thumb/v7-m/nofp\libg_nano.a(libc_a-nano-vfprintf_float.o)
                0x08002bc0                _printf_float
 .text._printf_common
                0x08003018       0xe4 C:/PROGRA~2/Arm GNU Toolchain arm-none-eabi/13.3 rel1/bin/../lib/gcc/arm-none-eabi/13.3.1/thumb/v7-m/nofp\libg_nano.a(libc_a-nano-vfprintf_i.o)
                0x08003018                _printf_common
 .text._printf_i
                0x080030fc      0x23c C:/PROGRA~2/Arm GNU Toolchain arm-none-eabi/13.3 rel1/bin/../lib/gcc/arm-none-eabi/13.3.1/thumb/v7-m/nofp\libg_nano.a(libc_a-nano-vfprintf_i.o)
                0x080030fc                _printf_i
 .text.std      0x08003338       0x6c C:/PROGRA~2/Arm GNU Toolchain arm-none-eabi/13.3 rel1/bin/../lib/gcc/arm-none-eabi/13.3.1/thumb/v7-m/nofp\libg_nano.a(libc_a-findfp.o)
 .text.stdio_exit_handler
                0x080033a4       0x18 C:/PROGRA~2/Arm GNU Toolchain arm-none-eabi/13.3 rel1/bin/../lib/gcc/arm-none-eabi/13.3.1/thumb/v7-m/nofp\libg_nano.a(libc_a-findfp.o)
 .text.cleanup_stdio
                0x080033bc       0x40 C:/PROGRA~2/Arm GNU Toolchain arm-none-eabi/13.3 rel1/bin/../lib/gcc/arm-none-eabi/13.3.1/thumb/v7-m/nofp\libg_nano.a(libc_a-findfp.o)
 .text.global_stdio_init.part.0
                0x080033fc       0x3c C:/PROGRA~2/Arm GNU Toolchain arm-none-eabi/13.3 rel1/bin/../lib/gcc/arm-none-eabi/13.3.1/thumb/v7-m/nofp\libg_nano.a(libc_a-findfp.o)
 .text.__sfp_lock_acquire
                0x08003438        0xc C:/PROGRA~2/Arm GNU Toolchain arm-none-eabi/13.3 rel1/bin/../lib/gcc/arm-none-eabi/13.3.1/thumb/v7-m/nofp\libg_nano.a(libc_a-findfp.o)
                0x08003438                __sfp_lock_acquire
 .text.__sfp_lock_release
                0x08003444        0xc C:/PROGRA~2/Arm GNU Toolchain arm-none-eabi/13.3 rel1/bin/../lib/gcc/arm-none-eabi/13.3.1/thumb/v7-m/nofp\libg_nano.a(libc_a-findfp.o)
                0x08003444                __sfp_lock_release
 .text.__sinit  0x08003450       0x30 C:/PROGRA~2/Arm GNU Toolchain arm-none-eabi/13.3 rel1/bin/../lib/gcc/arm-none-eabi/13.3.1/thumb/v7-m/nofp\libg_nano.a(libc_a-findfp.o)
                0x08003450                __sinit
 .text._fwalk_sglue
                0x08003480       0x3c C:/PROGRA~2/Arm GNU Toolchain arm-none-eabi/13.3 rel1/bin/../lib/gcc/arm-none-eabi/13.3.1/thumb/v7-m/nofp\libg_nano.a(libc_a-fwalk.o)
                0x08003480                _fwalk_sglue
 .text.__sread  0x080034bc       0x22 C:/PROGRA~2/Arm GNU Toolchain arm-none-eabi/13.3 rel1/bin/../lib/gcc/arm-none-eabi/13.3.1/thumb/v7-m/nofp\libg_nano.a(libc_a-stdio.o)
                0x080034bc                __sread
 .text.__swrite
                0x080034de       0x38 C:/PROGRA~2/Arm GNU Toolchain arm-none-eabi/13.3 rel1/bin/../lib/gcc/arm-none-eabi/13.3.1/thumb/v7-m/nofp\libg_nano.a(libc_a-stdio.o)
                0x080034de                __swrite
 .text.__sseek  0x08003516       0x24 C:/PROGRA~2/Arm GNU Toolchain arm-none-eabi/13.3 rel1/bin/../lib/gcc/arm-none-eabi/13.3.1/thumb/v7-m/nofp\libg_nano.a(libc_a-stdio.o)
                0x08003516                __sseek
 .text.__sclose
                0x0800353a        0x8 C:/PROGRA~2/Arm GNU Toolchain arm-none-eabi/13.3 rel1/bin/../lib/gcc/arm-none-eabi/13.3.1/thumb/v7-m/nofp\libg_nano.a(libc_a-stdio.o)
                0x0800353a                __sclose
 .text.__swbuf_r
                0x08003542       0x7c C:/PROGRA~2/Arm GNU Toolchain arm-none-eabi/13.3 rel1/bin/../lib/gcc/arm-none-eabi/13.3.1/thumb/v7-m/nofp\libg_nano.a(libc_a-wbuf.o)
                0x08003542                __swbuf_r
 *fill*         0x080035be        0x2 
 .text.__swsetup_r
                0x080035c0       0xac C:/PROGRA~2/Arm GNU Toolchain arm-none-eabi/13.3 rel1/bin/../lib/gcc/arm-none-eabi/13.3.1/thumb/v7-m/nofp\libg_nano.a(libc_a-wsetup.o)
                0x080035c0                __swsetup_r
 .text.memset   0x0800366c       0x10 C:/PROGRA~2/Arm GNU Toolchain arm-none-eabi/13.3 rel1/bin/../lib/gcc/arm-none-eabi/13.3.1/thumb/v7-m/nofp\libg_nano.a(libc_a-memset.o)
                0x0800366c                memset
 .text._localeconv_r
                0x0800367c        0x8 C:/PROGRA~2/Arm GNU Toolchain arm-none-eabi/13.3 rel1/bin/../lib/gcc/arm-none-eabi/13.3.1/thumb/v7-m/nofp\libg_nano.a(libc_a-localeconv.o)
                0x0800367c                _localeconv_r
 .text._close_r
                0x08003684       0x20 C:/PROGRA~2/Arm GNU Toolchain arm-none-eabi/13.3 rel1/bin/../lib/gcc/arm-none-eabi/13.3.1/thumb/v7-m/nofp\libg_nano.a(libc_a-closer.o)
                0x08003684                _close_r
 .text._lseek_r
                0x080036a4       0x24 C:/PROGRA~2/Arm GNU Toolchain arm-none-eabi/13.3 rel1/bin/../lib/gcc/arm-none-eabi/13.3.1/thumb/v7-m/nofp\libg_nano.a(libc_a-lseekr.o)
                0x080036a4                _lseek_r
 .text._read_r  0x080036c8       0x24 C:/PROGRA~2/Arm GNU Toolchain arm-none-eabi/13.3 rel1/bin/../lib/gcc/arm-none-eabi/13.3.1/thumb/v7-m/nofp\libg_nano.a(libc_a-readr.o)
                0x080036c8                _read_r
 .text._write_r
                0x080036ec       0x24 C:/PROGRA~2/Arm GNU Toolchain arm-none-eabi/13.3 rel1/bin/../lib/gcc/arm-none-eabi/13.3.1/thumb/v7-m/nofp\libg_nano.a(libc_a-writer.o)
                0x080036ec                _write_r
 .text.__errno  0x08003710        0xc C:/PROGRA~2/Arm GNU Toolchain arm-none-eabi/13.3 rel1/bin/../lib/gcc/arm-none-eabi/13.3.1/thumb/v7-m/nofp\libg_nano.a(libc_a-errno.o)
                0x08003710                __errno
 .text.__libc_init_array
                0x0800371c       0x48 C:/PROGRA~2/Arm GNU Toolchain arm-none-eabi/13.3 rel1/bin/../lib/gcc/arm-none-eabi/13.3.1/thumb/v7-m/nofp\libg_nano.a(libc_a-init.o)
                0x0800371c                __libc_init_array
 .text.__retarget_lock_init_recursive
                0x08003764        0x2 C:/PROGRA~2/Arm GNU Toolchain arm-none-eabi/13.3 rel1/bin/../lib/gcc/arm-none-eabi/13.3.1/thumb/v7-m/nofp\libg_nano.a(libc_a-lock.o)
                0x08003764                __retarget_lock_init_recursive
 .text.__retarget_lock_acquire_recursive
                0x08003766        0x2 C:/PROGRA~2/Arm GNU Toolchain arm-none-eabi/13.3 rel1/bin/../lib/gcc/arm-none-eabi/13.3.1/thumb/v7-m/nofp\libg_nano.a(libc_a-lock.o)
                0x08003766                __retarget_lock_acquire_recursive
 .text.__retarget_lock_release_recursive
                0x08003768        0x2 C:/PROGRA~2/Arm GNU Toolchain arm-none-eabi/13.3 rel1/bin/../lib/gcc/arm-none-eabi/13.3.1/thumb/v7-m/nofp\libg_nano.a(libc_a-lock.o)
                0x08003768                __retarget_lock_release_recursive
 .text.memchr   0x0800376a       0x1c C:/PROGRA~2/Arm GNU Toolchain arm-none-eabi/13.3 rel1/bin/../lib/gcc/arm-none-eabi/13.3.1/thumb/v7-m/nofp\libg_nano.a(libc_a-memchr-stub.o)
                0x0800376a                memchr
 .text.quorem   0x08003786      0x110 C:/PROGRA~2/Arm GNU Toolchain arm-none-eabi/13.3 rel1/bin/../lib/gcc/arm-none-eabi/13.3.1/thumb/v7-m/nofp\libg_nano.a(libc_a-dtoa.o)
 *fill*         0x08003896        0x2 
 .text._dtoa_r  0x08003898      0xb7c C:/PROGRA~2/Arm GNU Toolchain arm-none-eabi/13.3 rel1/bin/../lib/gcc/arm-none-eabi/13.3.1/thumb/v7-m/nofp\libg_nano.a(libc_a-dtoa.o)
                0x08003898                _dtoa_r
 .text._free_r  0x08004414       0x90 C:/PROGRA~2/Arm GNU Toolchain arm-none-eabi/13.3 rel1/bin/../lib/gcc/arm-none-eabi/13.3.1/thumb/v7-m/nofp\libg_nano.a(libc_a-freer.o)
                0x08004414                _free_r
 .text.malloc   0x080044a4       0x10 C:/PROGRA~2/Arm GNU Toolchain arm-none-eabi/13.3 rel1/bin/../lib/gcc/arm-none-eabi/13.3.1/thumb/v7-m/nofp\libg_nano.a(libc_a-malloc.o)
                0x080044a4                malloc
 .text.sbrk_aligned
                0x080044b4       0x44 C:/PROGRA~2/Arm GNU Toolchain arm-none-eabi/13.3 rel1/bin/../lib/gcc/arm-none-eabi/13.3.1/thumb/v7-m/nofp\libg_nano.a(libc_a-mallocr.o)
 .text._malloc_r
                0x080044f8      0x100 C:/PROGRA~2/Arm GNU Toolchain arm-none-eabi/13.3 rel1/bin/../lib/gcc/arm-none-eabi/13.3.1/thumb/v7-m/nofp\libg_nano.a(libc_a-mallocr.o)
                0x080044f8                _malloc_r
 .text.__malloc_lock
                0x080045f8        0xc C:/PROGRA~2/Arm GNU Toolchain arm-none-eabi/13.3 rel1/bin/../lib/gcc/arm-none-eabi/13.3.1/thumb/v7-m/nofp\libg_nano.a(libc_a-mlock.o)
                0x080045f8                __malloc_lock
 .text.__malloc_unlock
                0x08004604        0xc C:/PROGRA~2/Arm GNU Toolchain arm-none-eabi/13.3 rel1/bin/../lib/gcc/arm-none-eabi/13.3.1/thumb/v7-m/nofp\libg_nano.a(libc_a-mlock.o)
                0x08004604                __malloc_unlock
 .text._Balloc  0x08004610       0x80 C:/PROGRA~2/Arm GNU Toolchain arm-none-eabi/13.3 rel1/bin/../lib/gcc/arm-none-eabi/13.3.1/thumb/v7-m/nofp\libg_nano.a(libc_a-mprec.o)
                0x08004610                _Balloc
 .text._Bfree   0x08004690       0x44 C:/PROGRA~2/Arm GNU Toolchain arm-none-eabi/13.3 rel1/bin/../lib/gcc/arm-none-eabi/13.3.1/thumb/v7-m/nofp\libg_nano.a(libc_a-mprec.o)
                0x08004690                _Bfree
 .text.__multadd
                0x080046d4       0x8c C:/PROGRA~2/Arm GNU Toolchain arm-none-eabi/13.3 rel1/bin/../lib/gcc/arm-none-eabi/13.3.1/thumb/v7-m/nofp\libg_nano.a(libc_a-mprec.o)
                0x080046d4                __multadd
 .text.__hi0bits
                0x08004760       0x3e C:/PROGRA~2/Arm GNU Toolchain arm-none-eabi/13.3 rel1/bin/../lib/gcc/arm-none-eabi/13.3.1/thumb/v7-m/nofp\libg_nano.a(libc_a-mprec.o)
                0x08004760                __hi0bits
 .text.__lo0bits
                0x0800479e       0x5a C:/PROGRA~2/Arm GNU Toolchain arm-none-eabi/13.3 rel1/bin/../lib/gcc/arm-none-eabi/13.3.1/thumb/v7-m/nofp\libg_nano.a(libc_a-mprec.o)
                0x0800479e                __lo0bits
 .text.__i2b    0x080047f8       0x2c C:/PROGRA~2/Arm GNU Toolchain arm-none-eabi/13.3 rel1/bin/../lib/gcc/arm-none-eabi/13.3.1/thumb/v7-m/nofp\libg_nano.a(libc_a-mprec.o)
                0x080047f8                __i2b
 .text.__multiply
                0x08004824      0x144 C:/PROGRA~2/Arm GNU Toolchain arm-none-eabi/13.3 rel1/bin/../lib/gcc/arm-none-eabi/13.3.1/thumb/v7-m/nofp\libg_nano.a(libc_a-mprec.o)
                0x08004824                __multiply
 .text.__pow5mult
                0x08004968       0xb4 C:/PROGRA~2/Arm GNU Toolchain arm-none-eabi/13.3 rel1/bin/../lib/gcc/arm-none-eabi/13.3.1/thumb/v7-m/nofp\libg_nano.a(libc_a-mprec.o)
                0x08004968                __pow5mult
 .text.__lshift
                0x08004a1c       0xd8 C:/PROGRA~2/Arm GNU Toolchain arm-none-eabi/13.3 rel1/bin/../lib/gcc/arm-none-eabi/13.3.1/thumb/v7-m/nofp\libg_nano.a(libc_a-mprec.o)
                0x08004a1c                __lshift
 .text.__mcmp   0x08004af4       0x36 C:/PROGRA~2/Arm GNU Toolchain arm-none-eabi/13.3 rel1/bin/../lib/gcc/arm-none-eabi/13.3.1/thumb/v7-m/nofp\libg_nano.a(libc_a-mprec.o)
                0x08004af4                __mcmp
 *fill*         0x08004b2a        0x2 
 .text.__mdiff  0x08004b2c      0x128 C:/PROGRA~2/Arm GNU Toolchain arm-none-eabi/13.3 rel1/bin/../lib/gcc/arm-none-eabi/13.3.1/thumb/v7-m/nofp\libg_nano.a(libc_a-mprec.o)
                0x08004b2c                __mdiff
 .text.__d2b    0x08004c54       0xb0 C:/PROGRA~2/Arm GNU Toolchain arm-none-eabi/13.3 rel1/bin/../lib/gcc/arm-none-eabi/13.3.1/thumb/v7-m/nofp\libg_nano.a(libc_a-mprec.o)
                0x08004c54                __d2b
 .text.__sflush_r
                0x08004d04      0x100 C:/PROGRA~2/Arm GNU Toolchain arm-none-eabi/13.3 rel1/bin/../lib/gcc/arm-none-eabi/13.3.1/thumb/v7-m/nofp\libg_nano.a(libc_a-fflush.o)
                0x08004d04                __sflush_r
 .text._fflush_r
                0x08004e04       0x50 C:/PROGRA~2/Arm GNU Toolchain arm-none-eabi/13.3 rel1/bin/../lib/gcc/arm-none-eabi/13.3.1/thumb/v7-m/nofp\libg_nano.a(libc_a-fflush.o)
                0x08004e04                _fflush_r
 .text.__swhatbuf_r
                0x08004e54       0x4a C:/PROGRA~2/Arm GNU Toolchain arm-none-eabi/13.3 rel1/bin/../lib/gcc/arm-none-eabi/13.3.1/thumb/v7-m/nofp\libg_nano.a(libc_a-makebuf.o)
                0x08004e54                __swhatbuf_r
 .text.__smakebuf_r
                0x08004e9e       0x78 C:/PROGRA~2/Arm GNU Toolchain arm-none-eabi/13.3 rel1/bin/../lib/gcc/arm-none-eabi/13.3.1/thumb/v7-m/nofp\libg_nano.a(libc_a-makebuf.o)
                0x08004e9e                __smakebuf_r
 *fill*         0x08004f16        0x2 
 .text._fstat_r
                0x08004f18       0x24 C:/PROGRA~2/Arm GNU Toolchain arm-none-eabi/13.3 rel1/bin/../lib/gcc/arm-none-eabi/13.3.1/thumb/v7-m/nofp\libg_nano.a(libc_a-fstatr.o)
                0x08004f18                _fstat_r
 .text._isatty_r
                0x08004f3c       0x20 C:/PROGRA~2/Arm GNU Toolchain arm-none-eabi/13.3 rel1/bin/../lib/gcc/arm-none-eabi/13.3.1/thumb/v7-m/nofp\libg_nano.a(libc_a-isattyr.o)
                0x08004f3c                _isatty_r
 .text._sbrk_r  0x08004f5c       0x20 C:/PROGRA~2/Arm GNU Toolchain arm-none-eabi/13.3 rel1/bin/../lib/gcc/arm-none-eabi/13.3.1/thumb/v7-m/nofp\libg_nano.a(libc_a-sbrkr.o)
                0x08004f5c                _sbrk_r
 .text.memcpy   0x08004f7c       0x1c C:/PROGRA~2/Arm GNU Toolchain arm-none-eabi/13.3 rel1/bin/../lib/gcc/arm-none-eabi/13.3.1/thumb/v7-m/nofp\libg_nano.a(libc_a-memcpy-stub.o)
                0x08004f7c                memcpy
 .text.__assert_func
                0x08004f98       0x3c C:/PROGRA~2/Arm GNU Toolchain arm-none-eabi/13.3 rel1/bin/../lib/gcc/arm-none-eabi/13.3.1/thumb/v7-m/nofp\libg_nano.a(libc_a-assert.o)
                0x08004f98                __assert_func
 .text._calloc_r
                0x08004fd4       0x28 C:/PROGRA~2/Arm GNU Toolchain arm-none-eabi/13.3 rel1/bin/../lib/gcc/arm-none-eabi/13.3.1/thumb/v7-m/nofp\libg_nano.a(libc_a-callocr.o)
                0x08004fd4                _calloc_r
 .text.__ascii_mbtowc
                0x08004ffc       0x24 C:/PROGRA~2/Arm GNU Toolchain arm-none-eabi/13.3 rel1/bin/../lib/gcc/arm-none-eabi/13.3.1/thumb/v7-m/nofp\libg_nano.a(libc_a-mbtowc_r.o)
                0x08004ffc                __ascii_mbtowc
 .text.__ascii_wctomb
                0x08005020       0x1a C:/PROGRA~2/Arm GNU Toolchain arm-none-eabi/13.3 rel1/bin/../lib/gcc/arm-none-eabi/13.3.1/thumb/v7-m/nofp\libg_nano.a(libc_a-wctomb_r.o)
                0x08005020                __ascii_wctomb
 *fill*         0x0800503a        0x2 
 .text.fprintf  0x0800503c       0x24 C:/PROGRA~2/Arm GNU Toolchain arm-none-eabi/13.3 rel1/bin/../lib/gcc/arm-none-eabi/13.3.1/thumb/v7-m/nofp\libg_nano.a(libc_a-fprintf.o)
                0x0800503c                fiprintf
                0x0800503c                fprintf
 .text.abort    0x08005060        0xe C:/PROGRA~2/Arm GNU Toolchain arm-none-eabi/13.3 rel1/bin/../lib/gcc/arm-none-eabi/13.3.1/thumb/v7-m/nofp\libg_nano.a(libc_a-abort.o)
                0x08005060                abort
 .text.__sfputc_r
                0x0800506e       0x2a C:/PROGRA~2/Arm GNU Toolchain arm-none-eabi/13.3 rel1/bin/../lib/gcc/arm-none-eabi/13.3.1/thumb/v7-m/nofp\libg_nano.a(libc_a-nano-vfprintf.o)
 .text.__sfputs_r
                0x08005098       0x24 C:/PROGRA~2/Arm GNU Toolchain arm-none-eabi/13.3 rel1/bin/../lib/gcc/arm-none-eabi/13.3.1/thumb/v7-m/nofp\libg_nano.a(libc_a-nano-vfprintf.o)
                0x08005098                __sfputs_r
 .text._vfprintf_r
                0x080050bc      0x230 C:/PROGRA~2/Arm GNU Toolchain arm-none-eabi/13.3 rel1/bin/../lib/gcc/arm-none-eabi/13.3.1/thumb/v7-m/nofp\libg_nano.a(libc_a-nano-vfprintf.o)
                0x080050bc                _vfprintf_r
                0x080050bc                _vfiprintf_r
 .text._raise_r
                0x080052ec       0x50 C:/PROGRA~2/Arm GNU Toolchain arm-none-eabi/13.3 rel1/bin/../lib/gcc/arm-none-eabi/13.3.1/thumb/v7-m/nofp\libg_nano.a(libc_a-signal.o)
                0x080052ec                _raise_r
 .text.raise    0x0800533c       0x10 C:/PROGRA~2/Arm GNU Toolchain arm-none-eabi/13.3 rel1/bin/../lib/gcc/arm-none-eabi/13.3.1/thumb/v7-m/nofp\libg_nano.a(libc_a-signal.o)
                0x0800533c                raise
 .text._kill_r  0x0800534c       0x24 C:/PROGRA~2/Arm GNU Toolchain arm-none-eabi/13.3 rel1/bin/../lib/gcc/arm-none-eabi/13.3.1/thumb/v7-m/nofp\libg_nano.a(libc_a-signalr.o)
                0x0800534c                _kill_r
 .text._getpid_r
                0x08005370        0x4 C:/PROGRA~2/Arm GNU Toolchain arm-none-eabi/13.3 rel1/bin/../lib/gcc/arm-none-eabi/13.3.1/thumb/v7-m/nofp\libg_nano.a(libc_a-signalr.o)
                0x08005370                _getpid_r
 *(.glue_7)
 .glue_7        0x08005374        0x0 linker stubs
 *(.glue_7t)
 .glue_7t       0x08005374        0x0 linker stubs
 *(.eh_frame)
 .eh_frame      0x08005374        0x0 C:/PROGRA~2/Arm GNU Toolchain arm-none-eabi/13.3 rel1/bin/../lib/gcc/arm-none-eabi/13.3.1/thumb/v7-m/nofp/crtbegin.o
 *(.init)
 .init          0x08005374        0x4 C:/PROGRA~2/Arm GNU Toolchain arm-none-eabi/13.3 rel1/bin/../lib/gcc/arm-none-eabi/13.3.1/thumb/v7-m/nofp/crti.o
                0x08005374                _init
 .init          0x08005378        0x8 C:/PROGRA~2/Arm GNU Toolchain arm-none-eabi/13.3 rel1/bin/../lib/gcc/arm-none-eabi/13.3.1/thumb/v7-m/nofp/crtn.o
 *(.fini)
 .fini          0x08005380        0x4 C:/PROGRA~2/Arm GNU Toolchain arm-none-eabi/13.3 rel1/bin/../lib/gcc/arm-none-eabi/13.3.1/thumb/v7-m/nofp/crti.o
                0x08005380                _fini
 .fini          0x08005384        0x8 C:/PROGRA~2/Arm GNU Toolchain arm-none-eabi/13.3 rel1/bin/../lib/gcc/arm-none-eabi/13.3.1/thumb/v7-m/nofp/crtn.o
                0x0800538c                        . = ALIGN (0x4)
                0x0800538c                        _etext = .

.vfp11_veneer   0x0800538c        0x0
 .vfp11_veneer  0x0800538c        0x0 linker stubs

.v4_bx          0x0800538c        0x0
 .v4_bx         0x0800538c        0x0 linker stubs

.iplt           0x0800538c        0x0
 .iplt          0x0800538c        0x0 C:/PROGRA~2/Arm GNU Toolchain arm-none-eabi/13.3 rel1/bin/../lib/gcc/arm-none-eabi/13.3.1/thumb/v7-m/nofp/crtbegin.o

.rodata         0x08005390      0x38c
                0x08005390                        . = ALIGN (0x4)
 *(.rodata)
 *(.rodata*)
 .rodata.ADCPrescTable
                0x08005390        0x4 CMakeFiles/STM32_BLDC.elf.dir/FWlib/src/stm32f10x_rcc.c.obj
 .rodata.APBAHBPrescTable
                0x08005394       0x10 CMakeFiles/STM32_BLDC.elf.dir/FWlib/src/stm32f10x_rcc.c.obj
 .rodata._printf_float.str1.1
                0x080053a4      0x173 C:/PROGRA~2/Arm GNU Toolchain arm-none-eabi/13.3 rel1/bin/../lib/gcc/arm-none-eabi/13.3.1/thumb/v7-m/nofp\libg_nano.a(libc_a-nano-vfprintf_float.o)
                                 0x12 (size before relaxing)
 .rodata._printf_i.str1.1
                0x08005517       0x22 C:/PROGRA~2/Arm GNU Toolchain arm-none-eabi/13.3 rel1/bin/../lib/gcc/arm-none-eabi/13.3.1/thumb/v7-m/nofp\libg_nano.a(libc_a-nano-vfprintf_i.o)
 .rodata._dtoa_r.str1.1
                0x08005517       0x90 C:/PROGRA~2/Arm GNU Toolchain arm-none-eabi/13.3 rel1/bin/../lib/gcc/arm-none-eabi/13.3.1/thumb/v7-m/nofp\libg_nano.a(libc_a-dtoa.o)
 .rodata._Balloc.str1.1
                0x08005517       0x71 C:/PROGRA~2/Arm GNU Toolchain arm-none-eabi/13.3 rel1/bin/../lib/gcc/arm-none-eabi/13.3.1/thumb/v7-m/nofp\libg_nano.a(libc_a-mprec.o)
 .rodata.__multadd.str1.1
                0x08005517       0x11 C:/PROGRA~2/Arm GNU Toolchain arm-none-eabi/13.3 rel1/bin/../lib/gcc/arm-none-eabi/13.3.1/thumb/v7-m/nofp\libg_nano.a(libc_a-mprec.o)
 *fill*         0x08005517        0x1 
 .rodata.p05.0  0x08005518        0xc C:/PROGRA~2/Arm GNU Toolchain arm-none-eabi/13.3 rel1/bin/../lib/gcc/arm-none-eabi/13.3.1/thumb/v7-m/nofp\libg_nano.a(libc_a-mprec.o)
 *fill*         0x08005524        0x4 
 .rodata.__mprec_bigtens
                0x08005528       0x28 C:/PROGRA~2/Arm GNU Toolchain arm-none-eabi/13.3 rel1/bin/../lib/gcc/arm-none-eabi/13.3.1/thumb/v7-m/nofp\libg_nano.a(libc_a-mprec.o)
                0x08005528                __mprec_bigtens
 .rodata.__mprec_tens
                0x08005550       0xc8 C:/PROGRA~2/Arm GNU Toolchain arm-none-eabi/13.3 rel1/bin/../lib/gcc/arm-none-eabi/13.3.1/thumb/v7-m/nofp\libg_nano.a(libc_a-mprec.o)
                0x08005550                __mprec_tens
 .rodata._setlocale_r.str1.1
                0x08005618        0x9 C:/PROGRA~2/Arm GNU Toolchain arm-none-eabi/13.3 rel1/bin/../lib/gcc/arm-none-eabi/13.3.1/thumb/v7-m/nofp\libg_nano.a(libc_a-locale.o)
 .rodata.str1.1
                0x08005618        0x2 C:/PROGRA~2/Arm GNU Toolchain arm-none-eabi/13.3 rel1/bin/../lib/gcc/arm-none-eabi/13.3.1/thumb/v7-m/nofp\libg_nano.a(libc_a-locale.o)
 .rodata.__assert_func.str1.1
                0x08005618       0x3d C:/PROGRA~2/Arm GNU Toolchain arm-none-eabi/13.3 rel1/bin/../lib/gcc/arm-none-eabi/13.3.1/thumb/v7-m/nofp\libg_nano.a(libc_a-assert.o)
 .rodata._ctype_
                0x08005618      0x101 C:/PROGRA~2/Arm GNU Toolchain arm-none-eabi/13.3 rel1/bin/../lib/gcc/arm-none-eabi/13.3.1/thumb/v7-m/nofp\libg_nano.a(libc_a-ctype_.o)
                0x08005618                _ctype_
 .rodata._vfprintf_r.str1.1
                0x08005719       0x11 C:/PROGRA~2/Arm GNU Toolchain arm-none-eabi/13.3 rel1/bin/../lib/gcc/arm-none-eabi/13.3.1/thumb/v7-m/nofp\libg_nano.a(libc_a-nano-vfprintf.o)
                0x0800572c                        . = ALIGN (0x4)
 *fill*         0x08005719        0x3 

.ARM.extab
 *(.ARM.extab* .gnu.linkonce.armextab.*)

.ARM            0x0800571c        0x8
                0x0800571c                        __exidx_start = .
 *(.ARM.exidx*)
 .ARM.exidx     0x0800571c        0x8 C:/PROGRA~2/Arm GNU Toolchain arm-none-eabi/13.3 rel1/bin/../lib/gcc/arm-none-eabi/13.3.1/thumb/v7-m/nofp\libg_nano.a(libc_a-strlen.o)
                0x08005724                        __exidx_end = .

.rel.dyn        0x08005724        0x0
 .rel.iplt      0x08005724        0x0 C:/PROGRA~2/Arm GNU Toolchain arm-none-eabi/13.3 rel1/bin/../lib/gcc/arm-none-eabi/13.3.1/thumb/v7-m/nofp/crtbegin.o

.preinit_array  0x08005724        0x0
                0x08005724                        PROVIDE (__preinit_array_start = .)
 *(.preinit_array*)
                0x08005724                        PROVIDE (__preinit_array_end = .)

.init_array     0x08005724        0x4
                0x08005724                        PROVIDE (__init_array_start = .)
 *(SORT_BY_NAME(.init_array.*))
 *(.init_array*)
 .init_array    0x08005724        0x4 C:/PROGRA~2/Arm GNU Toolchain arm-none-eabi/13.3 rel1/bin/../lib/gcc/arm-none-eabi/13.3.1/thumb/v7-m/nofp/crtbegin.o
                0x08005728                        PROVIDE (__init_array_end = .)

.fini_array     0x08005728        0x4
                [!provide]                        PROVIDE (__fini_array_start = .)
 *(SORT_BY_NAME(.fini_array.*))
 *(.fini_array*)
 .fini_array    0x08005728        0x4 C:/PROGRA~2/Arm GNU Toolchain arm-none-eabi/13.3 rel1/bin/../lib/gcc/arm-none-eabi/13.3.1/thumb/v7-m/nofp/crtbegin.o
                [!provide]                        PROVIDE (__fini_array_end = .)
                0x0800572c                        _sidata = LOADADDR (.data)

.data           0x20000000      0x28c load address 0x0800572c
                0x20000000                        . = ALIGN (0x4)
                0x20000000                        _sdata = .
 *(.data)
 *(.data*)
 .data.BUS_CurrProtection
                0x20000000        0x2 CMakeFiles/STM32_BLDC.elf.dir/User_program/ADC_int.c.obj
                0x20000000                BUS_CurrProtection
 .data.HallK2   0x20000002        0x2 CMakeFiles/STM32_BLDC.elf.dir/User_program/ThreeHall.c.obj
                0x20000002                HallK2
 .data.HallK1   0x20000004        0x2 CMakeFiles/STM32_BLDC.elf.dir/User_program/ThreeHall.c.obj
                0x20000004                HallK1
 .data.FilK2    0x20000006        0x2 CMakeFiles/STM32_BLDC.elf.dir/User_program/Tim1_ISR_MCLoop.c.obj
                0x20000006                FilK2
 .data.FilK1    0x20000008        0x2 CMakeFiles/STM32_BLDC.elf.dir/User_program/Tim1_ISR_MCLoop.c.obj
                0x20000008                FilK1
 *fill*         0x2000000a        0x2 
 .data.SystemCoreClock
                0x2000000c        0x4 CMakeFiles/STM32_BLDC.elf.dir/FWlib/src/system_stm32f10x.c.obj
                0x2000000c                SystemCoreClock
 .data.Hall_Three
                0x20000010       0x28 CMakeFiles/STM32_BLDC.elf.dir/main.c.obj
                0x20000010                Hall_Three
 .data.ADCSampPare
                0x20000038       0x2c CMakeFiles/STM32_BLDC.elf.dir/main.c.obj
                0x20000038                ADCSampPare
 .data.pi_ICurr
                0x20000064       0x30 CMakeFiles/STM32_BLDC.elf.dir/main.c.obj
                0x20000064                pi_ICurr
 .data.pi_spd   0x20000094       0x30 CMakeFiles/STM32_BLDC.elf.dir/main.c.obj
                0x20000094                pi_spd
 .data.__sglue  0x200000c4        0xc C:/PROGRA~2/Arm GNU Toolchain arm-none-eabi/13.3 rel1/bin/../lib/gcc/arm-none-eabi/13.3.1/thumb/v7-m/nofp\libg_nano.a(libc_a-findfp.o)
                0x200000c4                __sglue
 .data._impure_ptr
                0x200000d0        0x4 C:/PROGRA~2/Arm GNU Toolchain arm-none-eabi/13.3 rel1/bin/../lib/gcc/arm-none-eabi/13.3.1/thumb/v7-m/nofp\libg_nano.a(libc_a-impure.o)
                0x200000d0                _impure_ptr
 .data._impure_data
                0x200000d4       0x4c C:/PROGRA~2/Arm GNU Toolchain arm-none-eabi/13.3 rel1/bin/../lib/gcc/arm-none-eabi/13.3.1/thumb/v7-m/nofp\libg_nano.a(libc_a-impure.o)
                0x200000d4                _impure_data
 .data.__global_locale
                0x20000120      0x16c C:/PROGRA~2/Arm GNU Toolchain arm-none-eabi/13.3 rel1/bin/../lib/gcc/arm-none-eabi/13.3.1/thumb/v7-m/nofp\libg_nano.a(libc_a-locale.o)
                0x20000120                __global_locale
                0x2000028c                        . = ALIGN (0x4)
                0x2000028c                        _edata = .

.tm_clone_table
                0x2000028c        0x0 load address 0x080059b8
 .tm_clone_table
                0x2000028c        0x0 C:/PROGRA~2/Arm GNU Toolchain arm-none-eabi/13.3 rel1/bin/../lib/gcc/arm-none-eabi/13.3.1/thumb/v7-m/nofp/crtbegin.o
 .tm_clone_table
                0x2000028c        0x0 C:/PROGRA~2/Arm GNU Toolchain arm-none-eabi/13.3 rel1/bin/../lib/gcc/arm-none-eabi/13.3.1/thumb/v7-m/nofp/crtend.o

.igot.plt       0x2000028c        0x0 load address 0x080059b8
 .igot.plt      0x2000028c        0x0 C:/PROGRA~2/Arm GNU Toolchain arm-none-eabi/13.3 rel1/bin/../lib/gcc/arm-none-eabi/13.3.1/thumb/v7-m/nofp/crtbegin.o
                0x2000028c                        . = ALIGN (0x4)

.bss            0x2000028c      0x348 load address 0x080059b8
                0x2000028c                        _sbss = .
                0x2000028c                        __bss_start__ = _sbss
 *(.bss)
 *(.bss*)
 .bss.completed.1
                0x2000028c        0x1 C:/PROGRA~2/Arm GNU Toolchain arm-none-eabi/13.3 rel1/bin/../lib/gcc/arm-none-eabi/13.3.1/thumb/v7-m/nofp/crtbegin.o
 *fill*         0x2000028d        0x3 
 .bss.object.0  0x20000290       0x18 C:/PROGRA~2/Arm GNU Toolchain arm-none-eabi/13.3 rel1/bin/../lib/gcc/arm-none-eabi/13.3.1/thumb/v7-m/nofp/crtbegin.o
 .bss.ADC_BUS_Curr.0
                0x200002a8       0x80 CMakeFiles/STM32_BLDC.elf.dir/User_program/ADC_int.c.obj
 .bss.ADC_PhaseV_Curr.1
                0x20000328       0x80 CMakeFiles/STM32_BLDC.elf.dir/User_program/ADC_int.c.obj
 .bss.ADC_PhaseU_Curr.2
                0x200003a8       0x80 CMakeFiles/STM32_BLDC.elf.dir/User_program/ADC_int.c.obj
 .bss.i.3       0x20000428        0x1 CMakeFiles/STM32_BLDC.elf.dir/User_program/ADC_int.c.obj
 *fill*         0x20000429        0x3 
 .bss.ADC_ConvertedValue
                0x2000042c        0xa CMakeFiles/STM32_BLDC.elf.dir/User_program/ADC_int.c.obj
                0x2000042c                ADC_ConvertedValue
 .bss.DUTY      0x20000436        0x2 CMakeFiles/STM32_BLDC.elf.dir/User_program/Tim1_PWM.c.obj
                0x20000436                DUTY
 .bss.heap_end.0
                0x20000438        0x4 CMakeFiles/STM32_BLDC.elf.dir/User_program/syscalls.c.obj
 .bss.logicContr
                0x2000043c        0xa CMakeFiles/STM32_BLDC.elf.dir/main.c.obj
                0x2000043c                logicContr
 *fill*         0x20000446        0x2 
 .bss.TaskTimePare
                0x20000448       0x18 CMakeFiles/STM32_BLDC.elf.dir/main.c.obj
                0x20000448                TaskTimePare
 .bss.TestPare  0x20000460       0x28 CMakeFiles/STM32_BLDC.elf.dir/main.c.obj
                0x20000460                TestPare
 .bss.__sf      0x20000488      0x138 C:/PROGRA~2/Arm GNU Toolchain arm-none-eabi/13.3 rel1/bin/../lib/gcc/arm-none-eabi/13.3.1/thumb/v7-m/nofp\libg_nano.a(libc_a-findfp.o)
                0x20000488                __sf
 .bss.__stdio_exit_handler
                0x200005c0        0x4 C:/PROGRA~2/Arm GNU Toolchain arm-none-eabi/13.3 rel1/bin/../lib/gcc/arm-none-eabi/13.3.1/thumb/v7-m/nofp\libg_nano.a(libc_a-findfp.o)
                0x200005c0                __stdio_exit_handler
 .bss.errno     0x200005c4        0x4 C:/PROGRA~2/Arm GNU Toolchain arm-none-eabi/13.3 rel1/bin/../lib/gcc/arm-none-eabi/13.3.1/thumb/v7-m/nofp\libg_nano.a(libc_a-reent.o)
                0x200005c4                errno
 .bss.__lock___malloc_recursive_mutex
                0x200005c8        0x1 C:/PROGRA~2/Arm GNU Toolchain arm-none-eabi/13.3 rel1/bin/../lib/gcc/arm-none-eabi/13.3.1/thumb/v7-m/nofp\libg_nano.a(libc_a-lock.o)
                0x200005c8                __lock___malloc_recursive_mutex
 .bss.__lock___sfp_recursive_mutex
                0x200005c9        0x1 C:/PROGRA~2/Arm GNU Toolchain arm-none-eabi/13.3 rel1/bin/../lib/gcc/arm-none-eabi/13.3.1/thumb/v7-m/nofp\libg_nano.a(libc_a-lock.o)
                0x200005c9                __lock___sfp_recursive_mutex
 *fill*         0x200005ca        0x2 
 .bss.__malloc_sbrk_start
                0x200005cc        0x4 C:/PROGRA~2/Arm GNU Toolchain arm-none-eabi/13.3 rel1/bin/../lib/gcc/arm-none-eabi/13.3.1/thumb/v7-m/nofp\libg_nano.a(libc_a-mallocr.o)
                0x200005cc                __malloc_sbrk_start
 .bss.__malloc_free_list
                0x200005d0        0x4 C:/PROGRA~2/Arm GNU Toolchain arm-none-eabi/13.3 rel1/bin/../lib/gcc/arm-none-eabi/13.3.1/thumb/v7-m/nofp\libg_nano.a(libc_a-mallocr.o)
                0x200005d0                __malloc_free_list
 *(COMMON)
                0x200005d4                        . = ALIGN (0x4)
                0x200005d4                        _ebss = .
                0x200005d4                        __bss_end__ = _ebss

._user_heap_stack
                0x200005d4      0x604 load address 0x080059b8
                0x200005d8                        . = ALIGN (0x8)
 *fill*         0x200005d4        0x4 
                0x200005d8                        PROVIDE (end = .)
                [!provide]                        PROVIDE (_end = .)
                0x200007d8                        . = (. + _Min_Heap_Size)
 *fill*         0x200005d8      0x200 
                0x20000bd8                        . = (. + _Min_Stack_Size)
 *fill*         0x200007d8      0x400 
                0x20000bd8                        . = ALIGN (0x8)

/DISCARD/
 libc.a(*)
 libm.a(*)
 libgcc.a(*)

.ARM.attributes
                0x00000000       0x29
 *(.ARM.attributes)
 .ARM.attributes
                0x00000000       0x1d C:/PROGRA~2/Arm GNU Toolchain arm-none-eabi/13.3 rel1/bin/../lib/gcc/arm-none-eabi/13.3.1/thumb/v7-m/nofp/crti.o
 .ARM.attributes
                0x0000001d       0x2d C:/PROGRA~2/Arm GNU Toolchain arm-none-eabi/13.3 rel1/bin/../lib/gcc/arm-none-eabi/13.3.1/thumb/v7-m/nofp/crtbegin.o
 .ARM.attributes
                0x0000004a       0x2d CMakeFiles/STM32_BLDC.elf.dir/User_program/ADC_int.c.obj
 .ARM.attributes
                0x00000077       0x2d CMakeFiles/STM32_BLDC.elf.dir/User_program/GPIO_int.c.obj
 .ARM.attributes
                0x000000a4       0x2d CMakeFiles/STM32_BLDC.elf.dir/User_program/IQ_math.c.obj
 .ARM.attributes
                0x000000d1       0x2d CMakeFiles/STM32_BLDC.elf.dir/User_program/PI_Cale.c.obj
 .ARM.attributes
                0x000000fe       0x2d CMakeFiles/STM32_BLDC.elf.dir/User_program/Task_function.c.obj
 .ARM.attributes
                0x0000012b       0x2d CMakeFiles/STM32_BLDC.elf.dir/User_program/ThreeHall.c.obj
 .ARM.attributes
                0x00000158       0x2d CMakeFiles/STM32_BLDC.elf.dir/User_program/Tim1_ISR_MCLoop.c.obj
 .ARM.attributes
                0x00000185       0x2d CMakeFiles/STM32_BLDC.elf.dir/User_program/Tim1_PWM.c.obj
 .ARM.attributes
                0x000001b2       0x2d CMakeFiles/STM32_BLDC.elf.dir/User_program/Tim4_Encoder_PWMDAC.c.obj
 .ARM.attributes
                0x000001df       0x2d CMakeFiles/STM32_BLDC.elf.dir/User_program/Timer.c.obj
 .ARM.attributes
                0x0000020c       0x2d CMakeFiles/STM32_BLDC.elf.dir/User_program/Usart_RS232.c.obj
 .ARM.attributes
                0x00000239       0x2d CMakeFiles/STM32_BLDC.elf.dir/User_program/syscalls.c.obj
 .ARM.attributes
                0x00000266       0x2d CMakeFiles/STM32_BLDC.elf.dir/FWlib/src/misc.c.obj
 .ARM.attributes
                0x00000293       0x2d CMakeFiles/STM32_BLDC.elf.dir/FWlib/src/stm32f10x_adc.c.obj
 .ARM.attributes
                0x000002c0       0x2d CMakeFiles/STM32_BLDC.elf.dir/FWlib/src/stm32f10x_dma.c.obj
 .ARM.attributes
                0x000002ed       0x2d CMakeFiles/STM32_BLDC.elf.dir/FWlib/src/stm32f10x_gpio.c.obj
 .ARM.attributes
                0x0000031a       0x2d CMakeFiles/STM32_BLDC.elf.dir/FWlib/src/stm32f10x_rcc.c.obj
 .ARM.attributes
                0x00000347       0x2d CMakeFiles/STM32_BLDC.elf.dir/FWlib/src/stm32f10x_tim.c.obj
 .ARM.attributes
                0x00000374       0x2d CMakeFiles/STM32_BLDC.elf.dir/FWlib/src/stm32f10x_usart.c.obj
 .ARM.attributes
                0x000003a1       0x2d CMakeFiles/STM32_BLDC.elf.dir/FWlib/src/system_stm32f10x.c.obj
 .ARM.attributes
                0x000003ce       0x2d CMakeFiles/STM32_BLDC.elf.dir/main.c.obj
 .ARM.attributes
                0x000003fb       0x21 CMakeFiles/STM32_BLDC.elf.dir/startup/startup_stm32f103xb.s.obj
 .ARM.attributes
                0x0000041c       0x2d C:/PROGRA~2/Arm GNU Toolchain arm-none-eabi/13.3 rel1/bin/../lib/gcc/arm-none-eabi/13.3.1/thumb/v7-m/nofp\libg_nano.a(libc_a-nano-vfprintf_float.o)
 .ARM.attributes
                0x00000449       0x2d C:/PROGRA~2/Arm GNU Toolchain arm-none-eabi/13.3 rel1/bin/../lib/gcc/arm-none-eabi/13.3.1/thumb/v7-m/nofp\libg_nano.a(libc_a-nano-vfprintf_i.o)
 .ARM.attributes
                0x00000476       0x2d C:/PROGRA~2/Arm GNU Toolchain arm-none-eabi/13.3 rel1/bin/../lib/gcc/arm-none-eabi/13.3.1/thumb/v7-m/nofp\libg_nano.a(libc_a-findfp.o)
 .ARM.attributes
                0x000004a3       0x2d C:/PROGRA~2/Arm GNU Toolchain arm-none-eabi/13.3 rel1/bin/../lib/gcc/arm-none-eabi/13.3.1/thumb/v7-m/nofp\libg_nano.a(libc_a-fwalk.o)
 .ARM.attributes
                0x000004d0       0x2d C:/PROGRA~2/Arm GNU Toolchain arm-none-eabi/13.3 rel1/bin/../lib/gcc/arm-none-eabi/13.3.1/thumb/v7-m/nofp\libg_nano.a(libc_a-stdio.o)
 .ARM.attributes
                0x000004fd       0x2d C:/PROGRA~2/Arm GNU Toolchain arm-none-eabi/13.3 rel1/bin/../lib/gcc/arm-none-eabi/13.3.1/thumb/v7-m/nofp\libg_nano.a(libc_a-wbuf.o)
 .ARM.attributes
                0x0000052a       0x2d C:/PROGRA~2/Arm GNU Toolchain arm-none-eabi/13.3 rel1/bin/../lib/gcc/arm-none-eabi/13.3.1/thumb/v7-m/nofp\libg_nano.a(libc_a-wsetup.o)
 .ARM.attributes
                0x00000557       0x2d C:/PROGRA~2/Arm GNU Toolchain arm-none-eabi/13.3 rel1/bin/../lib/gcc/arm-none-eabi/13.3.1/thumb/v7-m/nofp\libg_nano.a(libc_a-memset.o)
 .ARM.attributes
                0x00000584       0x2d C:/PROGRA~2/Arm GNU Toolchain arm-none-eabi/13.3 rel1/bin/../lib/gcc/arm-none-eabi/13.3.1/thumb/v7-m/nofp\libg_nano.a(libc_a-localeconv.o)
 .ARM.attributes
                0x000005b1       0x2d C:/PROGRA~2/Arm GNU Toolchain arm-none-eabi/13.3 rel1/bin/../lib/gcc/arm-none-eabi/13.3.1/thumb/v7-m/nofp\libg_nano.a(libc_a-closer.o)
 .ARM.attributes
                0x000005de       0x2d C:/PROGRA~2/Arm GNU Toolchain arm-none-eabi/13.3 rel1/bin/../lib/gcc/arm-none-eabi/13.3.1/thumb/v7-m/nofp\libg_nano.a(libc_a-reent.o)
 .ARM.attributes
                0x0000060b       0x2d C:/PROGRA~2/Arm GNU Toolchain arm-none-eabi/13.3 rel1/bin/../lib/gcc/arm-none-eabi/13.3.1/thumb/v7-m/nofp\libg_nano.a(libc_a-impure.o)
 .ARM.attributes
                0x00000638       0x2d C:/PROGRA~2/Arm GNU Toolchain arm-none-eabi/13.3 rel1/bin/../lib/gcc/arm-none-eabi/13.3.1/thumb/v7-m/nofp\libg_nano.a(libc_a-lseekr.o)
 .ARM.attributes
                0x00000665       0x2d C:/PROGRA~2/Arm GNU Toolchain arm-none-eabi/13.3 rel1/bin/../lib/gcc/arm-none-eabi/13.3.1/thumb/v7-m/nofp\libg_nano.a(libc_a-readr.o)
 .ARM.attributes
                0x00000692       0x2d C:/PROGRA~2/Arm GNU Toolchain arm-none-eabi/13.3 rel1/bin/../lib/gcc/arm-none-eabi/13.3.1/thumb/v7-m/nofp\libg_nano.a(libc_a-writer.o)
 .ARM.attributes
                0x000006bf       0x2d C:/PROGRA~2/Arm GNU Toolchain arm-none-eabi/13.3 rel1/bin/../lib/gcc/arm-none-eabi/13.3.1/thumb/v7-m/nofp\libg_nano.a(libc_a-errno.o)
 .ARM.attributes
                0x000006ec       0x2d C:/PROGRA~2/Arm GNU Toolchain arm-none-eabi/13.3 rel1/bin/../lib/gcc/arm-none-eabi/13.3.1/thumb/v7-m/nofp\libg_nano.a(libc_a-init.o)
 .ARM.attributes
                0x00000719       0x2d C:/PROGRA~2/Arm GNU Toolchain arm-none-eabi/13.3 rel1/bin/../lib/gcc/arm-none-eabi/13.3.1/thumb/v7-m/nofp\libg_nano.a(libc_a-lock.o)
 .ARM.attributes
                0x00000746       0x2d C:/PROGRA~2/Arm GNU Toolchain arm-none-eabi/13.3 rel1/bin/../lib/gcc/arm-none-eabi/13.3.1/thumb/v7-m/nofp\libg_nano.a(libc_a-memchr-stub.o)
 .ARM.attributes
                0x00000773       0x17 C:/PROGRA~2/Arm GNU Toolchain arm-none-eabi/13.3 rel1/bin/../lib/gcc/arm-none-eabi/13.3.1/thumb/v7-m/nofp\libg_nano.a(libc_a-strlen.o)
 .ARM.attributes
                0x0000078a       0x2d C:/PROGRA~2/Arm GNU Toolchain arm-none-eabi/13.3 rel1/bin/../lib/gcc/arm-none-eabi/13.3.1/thumb/v7-m/nofp\libg_nano.a(libc_a-dtoa.o)
 .ARM.attributes
                0x000007b7       0x2d C:/PROGRA~2/Arm GNU Toolchain arm-none-eabi/13.3 rel1/bin/../lib/gcc/arm-none-eabi/13.3.1/thumb/v7-m/nofp\libg_nano.a(libc_a-freer.o)
 .ARM.attributes
                0x000007e4       0x2d C:/PROGRA~2/Arm GNU Toolchain arm-none-eabi/13.3 rel1/bin/../lib/gcc/arm-none-eabi/13.3.1/thumb/v7-m/nofp\libg_nano.a(libc_a-malloc.o)
 .ARM.attributes
                0x00000811       0x2d C:/PROGRA~2/Arm GNU Toolchain arm-none-eabi/13.3 rel1/bin/../lib/gcc/arm-none-eabi/13.3.1/thumb/v7-m/nofp\libg_nano.a(libc_a-mallocr.o)
 .ARM.attributes
                0x0000083e       0x2d C:/PROGRA~2/Arm GNU Toolchain arm-none-eabi/13.3 rel1/bin/../lib/gcc/arm-none-eabi/13.3.1/thumb/v7-m/nofp\libg_nano.a(libc_a-mlock.o)
 .ARM.attributes
                0x0000086b       0x2d C:/PROGRA~2/Arm GNU Toolchain arm-none-eabi/13.3 rel1/bin/../lib/gcc/arm-none-eabi/13.3.1/thumb/v7-m/nofp\libg_nano.a(libc_a-mprec.o)
 .ARM.attributes
                0x00000898       0x2d C:/PROGRA~2/Arm GNU Toolchain arm-none-eabi/13.3 rel1/bin/../lib/gcc/arm-none-eabi/13.3.1/thumb/v7-m/nofp\libg_nano.a(libc_a-fflush.o)
 .ARM.attributes
                0x000008c5       0x2d C:/PROGRA~2/Arm GNU Toolchain arm-none-eabi/13.3 rel1/bin/../lib/gcc/arm-none-eabi/13.3.1/thumb/v7-m/nofp\libg_nano.a(libc_a-makebuf.o)
 .ARM.attributes
                0x000008f2       0x2d C:/PROGRA~2/Arm GNU Toolchain arm-none-eabi/13.3 rel1/bin/../lib/gcc/arm-none-eabi/13.3.1/thumb/v7-m/nofp\libg_nano.a(libc_a-locale.o)
 .ARM.attributes
                0x0000091f       0x2d C:/PROGRA~2/Arm GNU Toolchain arm-none-eabi/13.3 rel1/bin/../lib/gcc/arm-none-eabi/13.3.1/thumb/v7-m/nofp\libg_nano.a(libc_a-fstatr.o)
 .ARM.attributes
                0x0000094c       0x2d C:/PROGRA~2/Arm GNU Toolchain arm-none-eabi/13.3 rel1/bin/../lib/gcc/arm-none-eabi/13.3.1/thumb/v7-m/nofp\libg_nano.a(libc_a-isattyr.o)
 .ARM.attributes
                0x00000979       0x2d C:/PROGRA~2/Arm GNU Toolchain arm-none-eabi/13.3 rel1/bin/../lib/gcc/arm-none-eabi/13.3.1/thumb/v7-m/nofp\libg_nano.a(libc_a-sbrkr.o)
 .ARM.attributes
                0x000009a6       0x2d C:/PROGRA~2/Arm GNU Toolchain arm-none-eabi/13.3 rel1/bin/../lib/gcc/arm-none-eabi/13.3.1/thumb/v7-m/nofp\libg_nano.a(libc_a-memcpy-stub.o)
 .ARM.attributes
                0x000009d3       0x2d C:/PROGRA~2/Arm GNU Toolchain arm-none-eabi/13.3 rel1/bin/../lib/gcc/arm-none-eabi/13.3.1/thumb/v7-m/nofp\libg_nano.a(libc_a-assert.o)
 .ARM.attributes
                0x00000a00       0x2d C:/PROGRA~2/Arm GNU Toolchain arm-none-eabi/13.3 rel1/bin/../lib/gcc/arm-none-eabi/13.3.1/thumb/v7-m/nofp\libg_nano.a(libc_a-callocr.o)
 .ARM.attributes
                0x00000a2d       0x2d C:/PROGRA~2/Arm GNU Toolchain arm-none-eabi/13.3 rel1/bin/../lib/gcc/arm-none-eabi/13.3.1/thumb/v7-m/nofp\libg_nano.a(libc_a-mbtowc_r.o)
 .ARM.attributes
                0x00000a5a       0x2d C:/PROGRA~2/Arm GNU Toolchain arm-none-eabi/13.3 rel1/bin/../lib/gcc/arm-none-eabi/13.3.1/thumb/v7-m/nofp\libg_nano.a(libc_a-wctomb_r.o)
 .ARM.attributes
                0x00000a87       0x2d C:/PROGRA~2/Arm GNU Toolchain arm-none-eabi/13.3 rel1/bin/../lib/gcc/arm-none-eabi/13.3.1/thumb/v7-m/nofp\libg_nano.a(libc_a-ctype_.o)
 .ARM.attributes
                0x00000ab4       0x2d C:/PROGRA~2/Arm GNU Toolchain arm-none-eabi/13.3 rel1/bin/../lib/gcc/arm-none-eabi/13.3.1/thumb/v7-m/nofp\libg_nano.a(libc_a-fprintf.o)
 .ARM.attributes
                0x00000ae1       0x2d C:/PROGRA~2/Arm GNU Toolchain arm-none-eabi/13.3 rel1/bin/../lib/gcc/arm-none-eabi/13.3.1/thumb/v7-m/nofp\libg_nano.a(libc_a-abort.o)
 .ARM.attributes
                0x00000b0e       0x2d C:/PROGRA~2/Arm GNU Toolchain arm-none-eabi/13.3 rel1/bin/../lib/gcc/arm-none-eabi/13.3.1/thumb/v7-m/nofp\libg_nano.a(libc_a-nano-vfprintf.o)
 .ARM.attributes
                0x00000b3b       0x2d C:/PROGRA~2/Arm GNU Toolchain arm-none-eabi/13.3 rel1/bin/../lib/gcc/arm-none-eabi/13.3.1/thumb/v7-m/nofp\libg_nano.a(libc_a-signal.o)
 .ARM.attributes
                0x00000b68       0x2d C:/PROGRA~2/Arm GNU Toolchain arm-none-eabi/13.3 rel1/bin/../lib/gcc/arm-none-eabi/13.3.1/thumb/v7-m/nofp\libg_nano.a(libc_a-signalr.o)
 .ARM.attributes
                0x00000b95       0x1d C:/PROGRA~2/Arm GNU Toolchain arm-none-eabi/13.3 rel1/bin/../lib/gcc/arm-none-eabi/13.3.1/thumb/v7-m/nofp\libgcc.a(_arm_addsubdf3.o)
 .ARM.attributes
                0x00000bb2       0x1d C:/PROGRA~2/Arm GNU Toolchain arm-none-eabi/13.3 rel1/bin/../lib/gcc/arm-none-eabi/13.3.1/thumb/v7-m/nofp\libgcc.a(_arm_muldivdf3.o)
 .ARM.attributes
                0x00000bcf       0x1d C:/PROGRA~2/Arm GNU Toolchain arm-none-eabi/13.3 rel1/bin/../lib/gcc/arm-none-eabi/13.3.1/thumb/v7-m/nofp\libgcc.a(_arm_cmpdf2.o)
 .ARM.attributes
                0x00000bec       0x1d C:/PROGRA~2/Arm GNU Toolchain arm-none-eabi/13.3 rel1/bin/../lib/gcc/arm-none-eabi/13.3.1/thumb/v7-m/nofp\libgcc.a(_arm_unorddf2.o)
 .ARM.attributes
                0x00000c09       0x1d C:/PROGRA~2/Arm GNU Toolchain arm-none-eabi/13.3 rel1/bin/../lib/gcc/arm-none-eabi/13.3.1/thumb/v7-m/nofp\libgcc.a(_arm_fixdfsi.o)
 .ARM.attributes
                0x00000c26       0x2d C:/PROGRA~2/Arm GNU Toolchain arm-none-eabi/13.3 rel1/bin/../lib/gcc/arm-none-eabi/13.3.1/thumb/v7-m/nofp/crtend.o
 .ARM.attributes
                0x00000c53       0x1d C:/PROGRA~2/Arm GNU Toolchain arm-none-eabi/13.3 rel1/bin/../lib/gcc/arm-none-eabi/13.3.1/thumb/v7-m/nofp/crtn.o
OUTPUT(STM32_BLDC.elf elf32-littlearm)
LOAD linker stubs
LOAD C:/PROGRA~2/Arm GNU Toolchain arm-none-eabi/13.3 rel1/bin/../lib/gcc/arm-none-eabi/13.3.1/thumb/v7-m/nofp\libc.a
LOAD C:/PROGRA~2/Arm GNU Toolchain arm-none-eabi/13.3 rel1/bin/../lib/gcc/arm-none-eabi/13.3.1/thumb/v7-m/nofp\libm.a
LOAD C:/PROGRA~2/Arm GNU Toolchain arm-none-eabi/13.3 rel1/bin/../lib/gcc/arm-none-eabi/13.3.1/thumb/v7-m/nofp\libgcc.a

.debug_info     0x00000000     0xc1ff
 .debug_info    0x00000000      0x9a3 CMakeFiles/STM32_BLDC.elf.dir/User_program/ADC_int.c.obj
 .debug_info    0x000009a3      0x5f1 CMakeFiles/STM32_BLDC.elf.dir/User_program/GPIO_int.c.obj
 .debug_info    0x00000f94      0x311 CMakeFiles/STM32_BLDC.elf.dir/User_program/IQ_math.c.obj
 .debug_info    0x000012a5      0x1a7 CMakeFiles/STM32_BLDC.elf.dir/User_program/PI_Cale.c.obj
 .debug_info    0x0000144c      0x2c4 CMakeFiles/STM32_BLDC.elf.dir/User_program/Task_function.c.obj
 .debug_info    0x00001710      0x493 CMakeFiles/STM32_BLDC.elf.dir/User_program/ThreeHall.c.obj
 .debug_info    0x00001ba3      0x96a CMakeFiles/STM32_BLDC.elf.dir/User_program/Tim1_ISR_MCLoop.c.obj
 .debug_info    0x0000250d     0x1222 CMakeFiles/STM32_BLDC.elf.dir/User_program/Tim1_PWM.c.obj
 .debug_info    0x0000372f      0x64c CMakeFiles/STM32_BLDC.elf.dir/User_program/Tim4_Encoder_PWMDAC.c.obj
 .debug_info    0x00003d7b      0x73c CMakeFiles/STM32_BLDC.elf.dir/User_program/Timer.c.obj
 .debug_info    0x000044b7      0x96c CMakeFiles/STM32_BLDC.elf.dir/User_program/Usart_RS232.c.obj
 .debug_info    0x00004e23      0x80f CMakeFiles/STM32_BLDC.elf.dir/User_program/syscalls.c.obj
 .debug_info    0x00005632      0x503 CMakeFiles/STM32_BLDC.elf.dir/FWlib/src/misc.c.obj
 .debug_info    0x00005b35      0xc96 CMakeFiles/STM32_BLDC.elf.dir/FWlib/src/stm32f10x_adc.c.obj
 .debug_info    0x000067cb      0x44d CMakeFiles/STM32_BLDC.elf.dir/FWlib/src/stm32f10x_dma.c.obj
 .debug_info    0x00006c18      0x8b5 CMakeFiles/STM32_BLDC.elf.dir/FWlib/src/stm32f10x_gpio.c.obj
 .debug_info    0x000074cd      0x8bc CMakeFiles/STM32_BLDC.elf.dir/FWlib/src/stm32f10x_rcc.c.obj
 .debug_info    0x00007d89     0x236d CMakeFiles/STM32_BLDC.elf.dir/FWlib/src/stm32f10x_tim.c.obj
 .debug_info    0x0000a0f6      0xb82 CMakeFiles/STM32_BLDC.elf.dir/FWlib/src/stm32f10x_usart.c.obj
 .debug_info    0x0000ac78      0x44c CMakeFiles/STM32_BLDC.elf.dir/FWlib/src/system_stm32f10x.c.obj
 .debug_info    0x0000b0c4     0x110b CMakeFiles/STM32_BLDC.elf.dir/main.c.obj
 .debug_info    0x0000c1cf       0x30 CMakeFiles/STM32_BLDC.elf.dir/startup/startup_stm32f103xb.s.obj

.debug_abbrev   0x00000000     0x25d2
 .debug_abbrev  0x00000000      0x229 CMakeFiles/STM32_BLDC.elf.dir/User_program/ADC_int.c.obj
 .debug_abbrev  0x00000229      0x1b8 CMakeFiles/STM32_BLDC.elf.dir/User_program/GPIO_int.c.obj
 .debug_abbrev  0x000003e1      0x16c CMakeFiles/STM32_BLDC.elf.dir/User_program/IQ_math.c.obj
 .debug_abbrev  0x0000054d       0xf9 CMakeFiles/STM32_BLDC.elf.dir/User_program/PI_Cale.c.obj
 .debug_abbrev  0x00000646       0xb6 CMakeFiles/STM32_BLDC.elf.dir/User_program/Task_function.c.obj
 .debug_abbrev  0x000006fc      0x16e CMakeFiles/STM32_BLDC.elf.dir/User_program/ThreeHall.c.obj
 .debug_abbrev  0x0000086a      0x181 CMakeFiles/STM32_BLDC.elf.dir/User_program/Tim1_ISR_MCLoop.c.obj
 .debug_abbrev  0x000009eb      0x196 CMakeFiles/STM32_BLDC.elf.dir/User_program/Tim1_PWM.c.obj
 .debug_abbrev  0x00000b81      0x146 CMakeFiles/STM32_BLDC.elf.dir/User_program/Tim4_Encoder_PWMDAC.c.obj
 .debug_abbrev  0x00000cc7      0x21b CMakeFiles/STM32_BLDC.elf.dir/User_program/Timer.c.obj
 .debug_abbrev  0x00000ee2      0x25e CMakeFiles/STM32_BLDC.elf.dir/User_program/Usart_RS232.c.obj
 .debug_abbrev  0x00001140      0x1e6 CMakeFiles/STM32_BLDC.elf.dir/User_program/syscalls.c.obj
 .debug_abbrev  0x00001326      0x1a2 CMakeFiles/STM32_BLDC.elf.dir/FWlib/src/misc.c.obj
 .debug_abbrev  0x000014c8      0x226 CMakeFiles/STM32_BLDC.elf.dir/FWlib/src/stm32f10x_adc.c.obj
 .debug_abbrev  0x000016ee      0x1b0 CMakeFiles/STM32_BLDC.elf.dir/FWlib/src/stm32f10x_dma.c.obj
 .debug_abbrev  0x0000189e      0x26f CMakeFiles/STM32_BLDC.elf.dir/FWlib/src/stm32f10x_gpio.c.obj
 .debug_abbrev  0x00001b0d      0x20d CMakeFiles/STM32_BLDC.elf.dir/FWlib/src/stm32f10x_rcc.c.obj
 .debug_abbrev  0x00001d1a      0x236 CMakeFiles/STM32_BLDC.elf.dir/FWlib/src/stm32f10x_tim.c.obj
 .debug_abbrev  0x00001f50      0x209 CMakeFiles/STM32_BLDC.elf.dir/FWlib/src/stm32f10x_usart.c.obj
 .debug_abbrev  0x00002159      0x1c5 CMakeFiles/STM32_BLDC.elf.dir/FWlib/src/system_stm32f10x.c.obj
 .debug_abbrev  0x0000231e      0x290 CMakeFiles/STM32_BLDC.elf.dir/main.c.obj
 .debug_abbrev  0x000025ae       0x24 CMakeFiles/STM32_BLDC.elf.dir/startup/startup_stm32f103xb.s.obj

.debug_loclists
                0x00000000     0x337f
 .debug_loclists
                0x00000000       0x4a CMakeFiles/STM32_BLDC.elf.dir/User_program/ADC_int.c.obj
 .debug_loclists
                0x0000004a       0x3e CMakeFiles/STM32_BLDC.elf.dir/User_program/GPIO_int.c.obj
 .debug_loclists
                0x00000088      0x1c1 CMakeFiles/STM32_BLDC.elf.dir/User_program/IQ_math.c.obj
 .debug_loclists
                0x00000249       0x2e CMakeFiles/STM32_BLDC.elf.dir/User_program/PI_Cale.c.obj
 .debug_loclists
                0x00000277       0x6b CMakeFiles/STM32_BLDC.elf.dir/User_program/Timer.c.obj
 .debug_loclists
                0x000002e2      0x23e CMakeFiles/STM32_BLDC.elf.dir/User_program/Usart_RS232.c.obj
 .debug_loclists
                0x00000520      0x31c CMakeFiles/STM32_BLDC.elf.dir/User_program/syscalls.c.obj
 .debug_loclists
                0x0000083c      0x123 CMakeFiles/STM32_BLDC.elf.dir/FWlib/src/misc.c.obj
 .debug_loclists
                0x0000095f      0x779 CMakeFiles/STM32_BLDC.elf.dir/FWlib/src/stm32f10x_adc.c.obj
 .debug_loclists
                0x000010d8      0x127 CMakeFiles/STM32_BLDC.elf.dir/FWlib/src/stm32f10x_dma.c.obj
 .debug_loclists
                0x000011ff      0x4d0 CMakeFiles/STM32_BLDC.elf.dir/FWlib/src/stm32f10x_gpio.c.obj
 .debug_loclists
                0x000016cf      0x33f CMakeFiles/STM32_BLDC.elf.dir/FWlib/src/stm32f10x_rcc.c.obj
 .debug_loclists
                0x00001a0e     0x1249 CMakeFiles/STM32_BLDC.elf.dir/FWlib/src/stm32f10x_tim.c.obj
 .debug_loclists
                0x00002c57      0x62d CMakeFiles/STM32_BLDC.elf.dir/FWlib/src/stm32f10x_usart.c.obj
 .debug_loclists
                0x00003284       0xb7 CMakeFiles/STM32_BLDC.elf.dir/FWlib/src/system_stm32f10x.c.obj
 .debug_loclists
                0x0000333b       0x44 CMakeFiles/STM32_BLDC.elf.dir/main.c.obj

.debug_aranges  0x00000000      0xb38
 .debug_aranges
                0x00000000       0x40 CMakeFiles/STM32_BLDC.elf.dir/User_program/ADC_int.c.obj
 .debug_aranges
                0x00000040       0x70 CMakeFiles/STM32_BLDC.elf.dir/User_program/GPIO_int.c.obj
 .debug_aranges
                0x000000b0       0x38 CMakeFiles/STM32_BLDC.elf.dir/User_program/IQ_math.c.obj
 .debug_aranges
                0x000000e8       0x28 CMakeFiles/STM32_BLDC.elf.dir/User_program/PI_Cale.c.obj
 .debug_aranges
                0x00000110       0x20 CMakeFiles/STM32_BLDC.elf.dir/User_program/Task_function.c.obj
 .debug_aranges
                0x00000130       0x28 CMakeFiles/STM32_BLDC.elf.dir/User_program/ThreeHall.c.obj
 .debug_aranges
                0x00000158       0x20 CMakeFiles/STM32_BLDC.elf.dir/User_program/Tim1_ISR_MCLoop.c.obj
 .debug_aranges
                0x00000178       0x58 CMakeFiles/STM32_BLDC.elf.dir/User_program/Tim1_PWM.c.obj
 .debug_aranges
                0x000001d0       0x20 CMakeFiles/STM32_BLDC.elf.dir/User_program/Tim4_Encoder_PWMDAC.c.obj
 .debug_aranges
                0x000001f0       0x30 CMakeFiles/STM32_BLDC.elf.dir/User_program/Timer.c.obj
 .debug_aranges
                0x00000220       0x48 CMakeFiles/STM32_BLDC.elf.dir/User_program/Usart_RS232.c.obj
 .debug_aranges
                0x00000268       0xb0 CMakeFiles/STM32_BLDC.elf.dir/User_program/syscalls.c.obj
 .debug_aranges
                0x00000318       0x40 CMakeFiles/STM32_BLDC.elf.dir/FWlib/src/misc.c.obj
 .debug_aranges
                0x00000358      0x138 CMakeFiles/STM32_BLDC.elf.dir/FWlib/src/stm32f10x_adc.c.obj
 .debug_aranges
                0x00000490       0x70 CMakeFiles/STM32_BLDC.elf.dir/FWlib/src/stm32f10x_dma.c.obj
 .debug_aranges
                0x00000500       0xa8 CMakeFiles/STM32_BLDC.elf.dir/FWlib/src/stm32f10x_gpio.c.obj
 .debug_aranges
                0x000005a8      0x118 CMakeFiles/STM32_BLDC.elf.dir/FWlib/src/stm32f10x_rcc.c.obj
 .debug_aranges
                0x000006c0      0x2f0 CMakeFiles/STM32_BLDC.elf.dir/FWlib/src/stm32f10x_tim.c.obj
 .debug_aranges
                0x000009b0      0x100 CMakeFiles/STM32_BLDC.elf.dir/FWlib/src/stm32f10x_usart.c.obj
 .debug_aranges
                0x00000ab0       0x38 CMakeFiles/STM32_BLDC.elf.dir/FWlib/src/system_stm32f10x.c.obj
 .debug_aranges
                0x00000ae8       0x28 CMakeFiles/STM32_BLDC.elf.dir/main.c.obj
 .debug_aranges
                0x00000b10       0x28 CMakeFiles/STM32_BLDC.elf.dir/startup/startup_stm32f103xb.s.obj

.debug_rnglists
                0x00000000      0x828
 .debug_rnglists
                0x00000000       0x39 CMakeFiles/STM32_BLDC.elf.dir/User_program/ADC_int.c.obj
 .debug_rnglists
                0x00000039       0x4f CMakeFiles/STM32_BLDC.elf.dir/User_program/GPIO_int.c.obj
 .debug_rnglists
                0x00000088       0x27 CMakeFiles/STM32_BLDC.elf.dir/User_program/IQ_math.c.obj
 .debug_rnglists
                0x000000af       0x19 CMakeFiles/STM32_BLDC.elf.dir/User_program/PI_Cale.c.obj
 .debug_rnglists
                0x000000c8       0x14 CMakeFiles/STM32_BLDC.elf.dir/User_program/Task_function.c.obj
 .debug_rnglists
                0x000000dc       0x1a CMakeFiles/STM32_BLDC.elf.dir/User_program/ThreeHall.c.obj
 .debug_rnglists
                0x000000f6       0x14 CMakeFiles/STM32_BLDC.elf.dir/User_program/Tim1_ISR_MCLoop.c.obj
 .debug_rnglists
                0x0000010a       0x3e CMakeFiles/STM32_BLDC.elf.dir/User_program/Tim1_PWM.c.obj
 .debug_rnglists
                0x00000148       0x14 CMakeFiles/STM32_BLDC.elf.dir/User_program/Tim4_Encoder_PWMDAC.c.obj
 .debug_rnglists
                0x0000015c       0x21 CMakeFiles/STM32_BLDC.elf.dir/User_program/Timer.c.obj
 .debug_rnglists
                0x0000017d       0x33 CMakeFiles/STM32_BLDC.elf.dir/User_program/Usart_RS232.c.obj
 .debug_rnglists
                0x000001b0       0x7f CMakeFiles/STM32_BLDC.elf.dir/User_program/syscalls.c.obj
 .debug_rnglists
                0x0000022f       0x2b CMakeFiles/STM32_BLDC.elf.dir/FWlib/src/misc.c.obj
 .debug_rnglists
                0x0000025a       0xe6 CMakeFiles/STM32_BLDC.elf.dir/FWlib/src/stm32f10x_adc.c.obj
 .debug_rnglists
                0x00000340       0x50 CMakeFiles/STM32_BLDC.elf.dir/FWlib/src/stm32f10x_dma.c.obj
 .debug_rnglists
                0x00000390       0x7b CMakeFiles/STM32_BLDC.elf.dir/FWlib/src/stm32f10x_gpio.c.obj
 .debug_rnglists
                0x0000040b       0xce CMakeFiles/STM32_BLDC.elf.dir/FWlib/src/stm32f10x_rcc.c.obj
 .debug_rnglists
                0x000004d9      0x238 CMakeFiles/STM32_BLDC.elf.dir/FWlib/src/stm32f10x_tim.c.obj
 .debug_rnglists
                0x00000711       0xbd CMakeFiles/STM32_BLDC.elf.dir/FWlib/src/stm32f10x_usart.c.obj
 .debug_rnglists
                0x000007ce       0x27 CMakeFiles/STM32_BLDC.elf.dir/FWlib/src/system_stm32f10x.c.obj
 .debug_rnglists
                0x000007f5       0x1a CMakeFiles/STM32_BLDC.elf.dir/main.c.obj
 .debug_rnglists
                0x0000080f       0x19 CMakeFiles/STM32_BLDC.elf.dir/startup/startup_stm32f103xb.s.obj

.debug_line     0x00000000     0x82b0
 .debug_line    0x00000000      0x4a5 CMakeFiles/STM32_BLDC.elf.dir/User_program/ADC_int.c.obj
 .debug_line    0x000004a5      0x473 CMakeFiles/STM32_BLDC.elf.dir/User_program/GPIO_int.c.obj
 .debug_line    0x00000918      0x5a5 CMakeFiles/STM32_BLDC.elf.dir/User_program/IQ_math.c.obj
 .debug_line    0x00000ebd      0x275 CMakeFiles/STM32_BLDC.elf.dir/User_program/PI_Cale.c.obj
 .debug_line    0x00001132      0x365 CMakeFiles/STM32_BLDC.elf.dir/User_program/Task_function.c.obj
 .debug_line    0x00001497      0x534 CMakeFiles/STM32_BLDC.elf.dir/User_program/ThreeHall.c.obj
 .debug_line    0x000019cb      0x379 CMakeFiles/STM32_BLDC.elf.dir/User_program/Tim1_ISR_MCLoop.c.obj
 .debug_line    0x00001d44      0x3c0 CMakeFiles/STM32_BLDC.elf.dir/User_program/Tim1_PWM.c.obj
 .debug_line    0x00002104      0x27d CMakeFiles/STM32_BLDC.elf.dir/User_program/Tim4_Encoder_PWMDAC.c.obj
 .debug_line    0x00002381      0x4e1 CMakeFiles/STM32_BLDC.elf.dir/User_program/Timer.c.obj
 .debug_line    0x00002862      0x5c9 CMakeFiles/STM32_BLDC.elf.dir/User_program/Usart_RS232.c.obj
 .debug_line    0x00002e2b      0x474 CMakeFiles/STM32_BLDC.elf.dir/User_program/syscalls.c.obj
 .debug_line    0x0000329f      0x32f CMakeFiles/STM32_BLDC.elf.dir/FWlib/src/misc.c.obj
 .debug_line    0x000035ce      0xaf6 CMakeFiles/STM32_BLDC.elf.dir/FWlib/src/stm32f10x_adc.c.obj
 .debug_line    0x000040c4      0x54c CMakeFiles/STM32_BLDC.elf.dir/FWlib/src/stm32f10x_dma.c.obj
 .debug_line    0x00004610      0x6e7 CMakeFiles/STM32_BLDC.elf.dir/FWlib/src/stm32f10x_gpio.c.obj
 .debug_line    0x00004cf7      0x8ce CMakeFiles/STM32_BLDC.elf.dir/FWlib/src/stm32f10x_rcc.c.obj
 .debug_line    0x000055c5     0x1ad5 CMakeFiles/STM32_BLDC.elf.dir/FWlib/src/stm32f10x_tim.c.obj
 .debug_line    0x0000709a      0x936 CMakeFiles/STM32_BLDC.elf.dir/FWlib/src/stm32f10x_usart.c.obj
 .debug_line    0x000079d0      0x486 CMakeFiles/STM32_BLDC.elf.dir/FWlib/src/system_stm32f10x.c.obj
 .debug_line    0x00007e56      0x3e1 CMakeFiles/STM32_BLDC.elf.dir/main.c.obj
 .debug_line    0x00008237       0x79 CMakeFiles/STM32_BLDC.elf.dir/startup/startup_stm32f103xb.s.obj

.debug_str      0x00000000     0x3999
 .debug_str     0x00000000     0x3999 CMakeFiles/STM32_BLDC.elf.dir/User_program/ADC_int.c.obj
                                0x736 (size before relaxing)
 .debug_str     0x00003999      0x445 CMakeFiles/STM32_BLDC.elf.dir/User_program/GPIO_int.c.obj
 .debug_str     0x00003999      0x2e2 CMakeFiles/STM32_BLDC.elf.dir/User_program/IQ_math.c.obj
 .debug_str     0x00003999      0x247 CMakeFiles/STM32_BLDC.elf.dir/User_program/PI_Cale.c.obj
 .debug_str     0x00003999      0x374 CMakeFiles/STM32_BLDC.elf.dir/User_program/Task_function.c.obj
 .debug_str     0x00003999      0x409 CMakeFiles/STM32_BLDC.elf.dir/User_program/ThreeHall.c.obj
 .debug_str     0x00003999      0x819 CMakeFiles/STM32_BLDC.elf.dir/User_program/Tim1_ISR_MCLoop.c.obj
 .debug_str     0x00003999      0xa19 CMakeFiles/STM32_BLDC.elf.dir/User_program/Tim1_PWM.c.obj
 .debug_str     0x00003999      0x55f CMakeFiles/STM32_BLDC.elf.dir/User_program/Tim4_Encoder_PWMDAC.c.obj
 .debug_str     0x00003999      0x758 CMakeFiles/STM32_BLDC.elf.dir/User_program/Timer.c.obj
 .debug_str     0x00003999      0x9cf CMakeFiles/STM32_BLDC.elf.dir/User_program/Usart_RS232.c.obj
 .debug_str     0x00003999      0x482 CMakeFiles/STM32_BLDC.elf.dir/User_program/syscalls.c.obj
 .debug_str     0x00003999      0x431 CMakeFiles/STM32_BLDC.elf.dir/FWlib/src/misc.c.obj
 .debug_str     0x00003999      0x78b CMakeFiles/STM32_BLDC.elf.dir/FWlib/src/stm32f10x_adc.c.obj
 .debug_str     0x00003999      0x430 CMakeFiles/STM32_BLDC.elf.dir/FWlib/src/stm32f10x_dma.c.obj
 .debug_str     0x00003999      0x5a9 CMakeFiles/STM32_BLDC.elf.dir/FWlib/src/stm32f10x_gpio.c.obj
 .debug_str     0x00003999      0x693 CMakeFiles/STM32_BLDC.elf.dir/FWlib/src/stm32f10x_rcc.c.obj
 .debug_str     0x00003999      0xe84 CMakeFiles/STM32_BLDC.elf.dir/FWlib/src/stm32f10x_tim.c.obj
 .debug_str     0x00003999      0x749 CMakeFiles/STM32_BLDC.elf.dir/FWlib/src/stm32f10x_usart.c.obj
 .debug_str     0x00003999      0x359 CMakeFiles/STM32_BLDC.elf.dir/FWlib/src/system_stm32f10x.c.obj
 .debug_str     0x00003999      0xb26 CMakeFiles/STM32_BLDC.elf.dir/main.c.obj
 .debug_str     0x00003999       0xbc CMakeFiles/STM32_BLDC.elf.dir/startup/startup_stm32f103xb.s.obj

.comment        0x00000000       0x45
 .comment       0x00000000       0x45 CMakeFiles/STM32_BLDC.elf.dir/User_program/ADC_int.c.obj
                                 0x46 (size before relaxing)
 .comment       0x00000045       0x46 CMakeFiles/STM32_BLDC.elf.dir/User_program/GPIO_int.c.obj
 .comment       0x00000045       0x46 CMakeFiles/STM32_BLDC.elf.dir/User_program/IQ_math.c.obj
 .comment       0x00000045       0x46 CMakeFiles/STM32_BLDC.elf.dir/User_program/PI_Cale.c.obj
 .comment       0x00000045       0x46 CMakeFiles/STM32_BLDC.elf.dir/User_program/Task_function.c.obj
 .comment       0x00000045       0x46 CMakeFiles/STM32_BLDC.elf.dir/User_program/ThreeHall.c.obj
 .comment       0x00000045       0x46 CMakeFiles/STM32_BLDC.elf.dir/User_program/Tim1_ISR_MCLoop.c.obj
 .comment       0x00000045       0x46 CMakeFiles/STM32_BLDC.elf.dir/User_program/Tim1_PWM.c.obj
 .comment       0x00000045       0x46 CMakeFiles/STM32_BLDC.elf.dir/User_program/Tim4_Encoder_PWMDAC.c.obj
 .comment       0x00000045       0x46 CMakeFiles/STM32_BLDC.elf.dir/User_program/Timer.c.obj
 .comment       0x00000045       0x46 CMakeFiles/STM32_BLDC.elf.dir/User_program/Usart_RS232.c.obj
 .comment       0x00000045       0x46 CMakeFiles/STM32_BLDC.elf.dir/User_program/syscalls.c.obj
 .comment       0x00000045       0x46 CMakeFiles/STM32_BLDC.elf.dir/FWlib/src/misc.c.obj
 .comment       0x00000045       0x46 CMakeFiles/STM32_BLDC.elf.dir/FWlib/src/stm32f10x_adc.c.obj
 .comment       0x00000045       0x46 CMakeFiles/STM32_BLDC.elf.dir/FWlib/src/stm32f10x_dma.c.obj
 .comment       0x00000045       0x46 CMakeFiles/STM32_BLDC.elf.dir/FWlib/src/stm32f10x_gpio.c.obj
 .comment       0x00000045       0x46 CMakeFiles/STM32_BLDC.elf.dir/FWlib/src/stm32f10x_rcc.c.obj
 .comment       0x00000045       0x46 CMakeFiles/STM32_BLDC.elf.dir/FWlib/src/stm32f10x_tim.c.obj
 .comment       0x00000045       0x46 CMakeFiles/STM32_BLDC.elf.dir/FWlib/src/stm32f10x_usart.c.obj
 .comment       0x00000045       0x46 CMakeFiles/STM32_BLDC.elf.dir/FWlib/src/system_stm32f10x.c.obj
 .comment       0x00000045       0x46 CMakeFiles/STM32_BLDC.elf.dir/main.c.obj

.debug_frame    0x00000000     0x2764
 .debug_frame   0x00000000       0x98 CMakeFiles/STM32_BLDC.elf.dir/User_program/ADC_int.c.obj
 .debug_frame   0x00000098      0x140 CMakeFiles/STM32_BLDC.elf.dir/User_program/GPIO_int.c.obj
 .debug_frame   0x000001d8       0x88 CMakeFiles/STM32_BLDC.elf.dir/User_program/IQ_math.c.obj
 .debug_frame   0x00000260       0x38 CMakeFiles/STM32_BLDC.elf.dir/User_program/PI_Cale.c.obj
 .debug_frame   0x00000298       0x28 CMakeFiles/STM32_BLDC.elf.dir/User_program/Task_function.c.obj
 .debug_frame   0x000002c0       0x3c CMakeFiles/STM32_BLDC.elf.dir/User_program/ThreeHall.c.obj
 .debug_frame   0x000002fc       0x30 CMakeFiles/STM32_BLDC.elf.dir/User_program/Tim1_ISR_MCLoop.c.obj
 .debug_frame   0x0000032c       0xdc CMakeFiles/STM32_BLDC.elf.dir/User_program/Tim1_PWM.c.obj
 .debug_frame   0x00000408       0x34 CMakeFiles/STM32_BLDC.elf.dir/User_program/Tim4_Encoder_PWMDAC.c.obj
 .debug_frame   0x0000043c       0x48 CMakeFiles/STM32_BLDC.elf.dir/User_program/Timer.c.obj
 .debug_frame   0x00000484       0x8c CMakeFiles/STM32_BLDC.elf.dir/User_program/Usart_RS232.c.obj
 .debug_frame   0x00000510      0x1a8 CMakeFiles/STM32_BLDC.elf.dir/User_program/syscalls.c.obj
 .debug_frame   0x000006b8       0x60 CMakeFiles/STM32_BLDC.elf.dir/FWlib/src/misc.c.obj
 .debug_frame   0x00000718      0x28c CMakeFiles/STM32_BLDC.elf.dir/FWlib/src/stm32f10x_adc.c.obj
 .debug_frame   0x000009a4       0xcc CMakeFiles/STM32_BLDC.elf.dir/FWlib/src/stm32f10x_dma.c.obj
 .debug_frame   0x00000a70      0x168 CMakeFiles/STM32_BLDC.elf.dir/FWlib/src/stm32f10x_gpio.c.obj
 .debug_frame   0x00000bd8      0x228 CMakeFiles/STM32_BLDC.elf.dir/FWlib/src/stm32f10x_rcc.c.obj
 .debug_frame   0x00000e00      0x664 CMakeFiles/STM32_BLDC.elf.dir/FWlib/src/stm32f10x_tim.c.obj
 .debug_frame   0x00001464      0x204 CMakeFiles/STM32_BLDC.elf.dir/FWlib/src/stm32f10x_usart.c.obj
 .debug_frame   0x00001668       0x6c CMakeFiles/STM32_BLDC.elf.dir/FWlib/src/system_stm32f10x.c.obj