Archive member included to satisfy reference by file (symbol)

C:/PROGRA~2/Arm GNU Toolchain arm-none-eabi/13.3 rel1/bin/../lib/gcc/arm-none-eabi/13.3.1/thumb/v7-m/nofp\libg_nano.a(libc_a-exit.o)
                              C:/PROGRA~2/Arm GNU Toolchain arm-none-eabi/13.3 rel1/bin/../lib/gcc/arm-none-eabi/13.3.1/thumb/v7-m/nofp/crt0.o (exit)
C:/PROGRA~2/Arm GNU Toolchain arm-none-eabi/13.3 rel1/bin/../lib/gcc/arm-none-eabi/13.3.1/thumb/v7-m/nofp\libg_nano.a(libc_a-nano-vfprintf_float.o)
                              (_printf_float)
C:/PROGRA~2/Arm GNU Toolchain arm-none-eabi/13.3 rel1/bin/../lib/gcc/arm-none-eabi/13.3.1/thumb/v7-m/nofp\libg_nano.a(libc_a-nano-vfprintf_i.o)
                              C:/PROGRA~2/Arm GNU Toolchain arm-none-eabi/13.3 rel1/bin/../lib/gcc/arm-none-eabi/13.3.1/thumb/v7-m/nofp\libg_nano.a(libc_a-nano-vfprintf_float.o) (_printf_common)
C:/PROGRA~2/Arm GNU Toolchain arm-none-eabi/13.3 rel1/bin/../lib/gcc/arm-none-eabi/13.3.1/thumb/v7-m/nofp\libg_nano.a(libc_a-findfp.o)
                              C:/PROGRA~2/Arm GNU Toolchain arm-none-eabi/13.3 rel1/bin/../lib/gcc/arm-none-eabi/13.3.1/thumb/v7-m/nofp\libg_nano.a(libc_a-exit.o) (__stdio_exit_handler)
C:/PROGRA~2/Arm GNU Toolchain arm-none-eabi/13.3 rel1/bin/../lib/gcc/arm-none-eabi/13.3.1/thumb/v7-m/nofp\libg_nano.a(libc_a-fwalk.o)
                              C:/PROGRA~2/Arm GNU Toolchain arm-none-eabi/13.3 rel1/bin/../lib/gcc/arm-none-eabi/13.3.1/thumb/v7-m/nofp\libg_nano.a(libc_a-findfp.o) (_fwalk_sglue)
C:/PROGRA~2/Arm GNU Toolchain arm-none-eabi/13.3 rel1/bin/../lib/gcc/arm-none-eabi/13.3.1/thumb/v7-m/nofp\libg_nano.a(libc_a-printf.o)
                              CMakeFiles/STM32_BLDC_Hall.elf.dir/main.c.obj (printf)
C:/PROGRA~2/Arm GNU Toolchain arm-none-eabi/13.3 rel1/bin/../lib/gcc/arm-none-eabi/13.3.1/thumb/v7-m/nofp\libg_nano.a(libc_a-puts.o)
                              CMakeFiles/STM32_BLDC_Hall.elf.dir/User_program/hello_world.c.obj (puts)
C:/PROGRA~2/Arm GNU Toolchain arm-none-eabi/13.3 rel1/bin/../lib/gcc/arm-none-eabi/13.3.1/thumb/v7-m/nofp\libg_nano.a(libc_a-setvbuf.o)
                              CMakeFiles/STM32_BLDC_Hall.elf.dir/User_program/printf_uart.c.obj (setvbuf)
C:/PROGRA~2/Arm GNU Toolchain arm-none-eabi/13.3 rel1/bin/../lib/gcc/arm-none-eabi/13.3.1/thumb/v7-m/nofp\libg_nano.a(libc_a-stdio.o)
                              C:/PROGRA~2/Arm GNU Toolchain arm-none-eabi/13.3 rel1/bin/../lib/gcc/arm-none-eabi/13.3.1/thumb/v7-m/nofp\libg_nano.a(libc_a-findfp.o) (__sread)
C:/PROGRA~2/Arm GNU Toolchain arm-none-eabi/13.3 rel1/bin/../lib/gcc/arm-none-eabi/13.3.1/thumb/v7-m/nofp\libg_nano.a(libc_a-wbuf.o)
                              C:/PROGRA~2/Arm GNU Toolchain arm-none-eabi/13.3 rel1/bin/../lib/gcc/arm-none-eabi/13.3.1/thumb/v7-m/nofp\libg_nano.a(libc_a-puts.o) (__swbuf_r)
C:/PROGRA~2/Arm GNU Toolchain arm-none-eabi/13.3 rel1/bin/../lib/gcc/arm-none-eabi/13.3.1/thumb/v7-m/nofp\libg_nano.a(libc_a-wsetup.o)
                              C:/PROGRA~2/Arm GNU Toolchain arm-none-eabi/13.3 rel1/bin/../lib/gcc/arm-none-eabi/13.3.1/thumb/v7-m/nofp\libg_nano.a(libc_a-puts.o) (__swsetup_r)
C:/PROGRA~2/Arm GNU Toolchain arm-none-eabi/13.3 rel1/bin/../lib/gcc/arm-none-eabi/13.3.1/thumb/v7-m/nofp\libg_nano.a(libc_a-memset.o)
                              C:/PROGRA~2/Arm GNU Toolchain arm-none-eabi/13.3 rel1/bin/../lib/gcc/arm-none-eabi/13.3.1/thumb/v7-m/nofp/crt0.o (memset)
C:/PROGRA~2/Arm GNU Toolchain arm-none-eabi/13.3 rel1/bin/../lib/gcc/arm-none-eabi/13.3.1/thumb/v7-m/nofp\libg_nano.a(libc_a-localeconv.o)
                              C:/PROGRA~2/Arm GNU Toolchain arm-none-eabi/13.3 rel1/bin/../lib/gcc/arm-none-eabi/13.3.1/thumb/v7-m/nofp\libg_nano.a(libc_a-nano-vfprintf_float.o) (_localeconv_r)
C:/PROGRA~2/Arm GNU Toolchain arm-none-eabi/13.3 rel1/bin/../lib/gcc/arm-none-eabi/13.3.1/thumb/v7-m/nofp\libg_nano.a(libc_a-closer.o)
                              C:/PROGRA~2/Arm GNU Toolchain arm-none-eabi/13.3 rel1/bin/../lib/gcc/arm-none-eabi/13.3.1/thumb/v7-m/nofp\libg_nano.a(libc_a-stdio.o) (_close_r)
C:/PROGRA~2/Arm GNU Toolchain arm-none-eabi/13.3 rel1/bin/../lib/gcc/arm-none-eabi/13.3.1/thumb/v7-m/nofp\libg_nano.a(libc_a-reent.o)
                              C:/PROGRA~2/Arm GNU Toolchain arm-none-eabi/13.3 rel1/bin/../lib/gcc/arm-none-eabi/13.3.1/thumb/v7-m/nofp\libg_nano.a(libc_a-closer.o) (errno)
C:/PROGRA~2/Arm GNU Toolchain arm-none-eabi/13.3 rel1/bin/../lib/gcc/arm-none-eabi/13.3.1/thumb/v7-m/nofp\libg_nano.a(libc_a-impure.o)
                              CMakeFiles/STM32_BLDC_Hall.elf.dir/User_program/printf_uart.c.obj (_impure_ptr)
C:/PROGRA~2/Arm GNU Toolchain arm-none-eabi/13.3 rel1/bin/../lib/gcc/arm-none-eabi/13.3.1/thumb/v7-m/nofp\libg_nano.a(libc_a-lseekr.o)
                              C:/PROGRA~2/Arm GNU Toolchain arm-none-eabi/13.3 rel1/bin/../lib/gcc/arm-none-eabi/13.3.1/thumb/v7-m/nofp\libg_nano.a(libc_a-stdio.o) (_lseek_r)
[...]
Memory Configuration

Name             Origin             Length             Attributes
RAM              0x20000000         0x00005000         xrw
FLASH            0x08000000         0x00010000         xr
*default*        0x00000000         0xffffffff

Linker script and memory map

LOAD C:/PROGRA~2/Arm GNU Toolchain arm-none-eabi/13.3 rel1/bin/../lib/gcc/arm-none-eabi/13.3.1/thumb/v7-m/nofp/crti.o
LOAD C:/PROGRA~2/Arm GNU Toolchain arm-none-eabi/13.3 rel1/bin/../lib/gcc/arm-none-eabi/13.3.1/thumb/v7-m/nofp/crtbegin.o
LOAD C:/PROGRA~2/Arm GNU Toolchain arm-none-eabi/13.3 rel1/bin/../lib/gcc/arm-none-eabi/13.3.1/thumb/v7-m/nofp/crt0.o
LOAD CMakeFiles/STM32_BLDC_Hall.elf.dir/User_program/ADC_int.c.obj
LOAD CMakeFiles/STM32_BLDC_Hall.elf.dir/User_program/GPIO_int.c.obj
LOAD CMakeFiles/STM32_BLDC_Hall.elf.dir/User_program/IQ_math.c.obj
LOAD CMakeFiles/STM32_BLDC_Hall.elf.dir/User_program/PI_Cale.c.obj
LOAD CMakeFiles/STM32_BLDC_Hall.elf.dir/User_program/Task_function.c.obj
LOAD CMakeFiles/STM32_BLDC_Hall.elf.dir/User_program/ThreeHall.c.obj
LOAD CMakeFiles/STM32_BLDC_Hall.elf.dir/User_program/Tim1_ISR_MCLoop.c.obj
LOAD CMakeFiles/STM32_BLDC_Hall.elf.dir/User_program/Tim1_PWM.c.obj
LOAD CMakeFiles/STM32_BLDC_Hall.elf.dir/User_program/Tim4_Encoder_PWMDAC.c.obj
LOAD CMakeFiles/STM32_BLDC_Hall.elf.dir/User_program/Timer.c.obj
LOAD CMakeFiles/STM32_BLDC_Hall.elf.dir/User_program/hello_world.c.obj
LOAD CMakeFiles/STM32_BLDC_Hall.elf.dir/User_program/printf_uart.c.obj
LOAD CMakeFiles/STM32_BLDC_Hall.elf.dir/FWlib/src/misc.c.obj
LOAD CMakeFiles/STM32_BLDC_Hall.elf.dir/FWlib/src/stm32f10x_adc.c.obj
LOAD CMakeFiles/STM32_BLDC_Hall.elf.dir/FWlib/src/stm32f10x_bkp.c.obj
LOAD CMakeFiles/STM32_BLDC_Hall.elf.dir/FWlib/src/stm32f10x_can.c.obj
LOAD CMakeFiles/STM32_BLDC_Hall.elf.dir/FWlib/src/stm32f10x_cec.c.obj
LOAD CMakeFiles/STM32_BLDC_Hall.elf.dir/FWlib/src/stm32f10x_crc.c.obj
LOAD CMakeFiles/STM32_BLDC_Hall.elf.dir/FWlib/src/stm32f10x_dac.c.obj
LOAD CMakeFiles/STM32_BLDC_Hall.elf.dir/FWlib/src/stm32f10x_dbgmcu.c.obj
LOAD CMakeFiles/STM32_BLDC_Hall.elf.dir/FWlib/src/stm32f10x_dma.c.obj
LOAD CMakeFiles/STM32_BLDC_Hall.elf.dir/FWlib/src/stm32f10x_exti.c.obj
LOAD CMakeFiles/STM32_BLDC_Hall.elf.dir/FWlib/src/stm32f10x_flash.c.obj
LOAD CMakeFiles/STM32_BLDC_Hall.elf.dir/FWlib/src/stm32f10x_fsmc.c.obj
LOAD CMakeFiles/STM32_BLDC_Hall.elf.dir/FWlib/src/stm32f10x_gpio.c.obj
LOAD CMakeFiles/STM32_BLDC_Hall.elf.dir/FWlib/src/stm32f10x_i2c.c.obj
LOAD CMakeFiles/STM32_BLDC_Hall.elf.dir/FWlib/src/stm32f10x_it.c.obj
LOAD CMakeFiles/STM32_BLDC_Hall.elf.dir/FWlib/src/stm32f10x_iwdg.c.obj
LOAD CMakeFiles/STM32_BLDC_Hall.elf.dir/FWlib/src/stm32f10x_pwr.c.obj
LOAD CMakeFiles/STM32_BLDC_Hall.elf.dir/FWlib/src/stm32f10x_rcc.c.obj
LOAD CMakeFiles/STM32_BLDC_Hall.elf.dir/FWlib/src/stm32f10x_rtc.c.obj
LOAD CMakeFiles/STM32_BLDC_Hall.elf.dir/FWlib/src/stm32f10x_sdio.c.obj
LOAD CMakeFiles/STM32_BLDC_Hall.elf.dir/FWlib/src/stm32f10x_spi.c.obj
LOAD CMakeFiles/STM32_BLDC_Hall.elf.dir/FWlib/src/stm32f10x_tim.c.obj
LOAD CMakeFiles/STM32_BLDC_Hall.elf.dir/FWlib/src/stm32f10x_usart.c.obj
LOAD CMakeFiles/STM32_BLDC_Hall.elf.dir/FWlib/src/stm32f10x_wwdg.c.obj
LOAD CMakeFiles/STM32_BLDC_Hall.elf.dir/main.c.obj
LOAD CMakeFiles/STM32_BLDC_Hall.elf.dir/startup/startup_stm32f103xb.s.obj
LOAD CMakeFiles/STM32_BLDC_Hall.elf.dir/CMSIS/core_cm3.c.obj
LOAD CMakeFiles/STM32_BLDC_Hall.elf.dir/CMSIS/system_stm32f10x.c.obj
START GROUP
LOAD C:/PROGRA~2/Arm GNU Toolchain arm-none-eabi/13.3 rel1/bin/../lib/gcc/arm-none-eabi/13.3.1/thumb/v7-m/nofp\libgcc.a
LOAD C:/PROGRA~2/Arm GNU Toolchain arm-none-eabi/13.3 rel1/bin/../lib/gcc/arm-none-eabi/13.3.1/thumb/v7-m/nofp\libg_nano.a
LOAD C:/PROGRA~2/Arm GNU Toolchain arm-none-eabi/13.3 rel1/bin/../lib/gcc/arm-none-eabi/13.3.1/thumb/v7-m/nofp\libc_nano.a
END GROUP
START GROUP
LOAD C:/PROGRA~2/Arm GNU Toolchain arm-none-eabi/13.3 rel1/bin/../lib/gcc/arm-none-eabi/13.3.1/thumb/v7-m/nofp\libgcc.a
LOAD C:/PROGRA~2/Arm GNU Toolchain arm-none-eabi/13.3 rel1/bin/../lib/gcc/arm-none-eabi/13.3.1/thumb/v7-m/nofp\libc_nano.a
LOAD C:/PROGRA~2/Arm GNU Toolchain arm-none-eabi/13.3 rel1/bin/../lib/gcc/arm-none-eabi/13.3.1/thumb/v7-m/nofp\libnosys.a
END GROUP
START GROUP
LOAD C:/PROGRA~2/Arm GNU Toolchain arm-none-eabi/13.3 rel1/bin/../lib/gcc/arm-none-eabi/13.3.1/thumb/v7-m/nofp\libgcc.a
LOAD C:/PROGRA~2/Arm GNU Toolchain arm-none-eabi/13.3 rel1/bin/../lib/gcc/arm-none-eabi/13.3.1/thumb/v7-m/nofp\libc_nano.a
LOAD C:/PROGRA~2/Arm GNU Toolchain arm-none-eabi/13.3 rel1/bin/../lib/gcc/arm-none-eabi/13.3.1/thumb/v7-m/nofp\libnosys.a
END GROUP
LOAD C:/PROGRA~2/Arm GNU Toolchain arm-none-eabi/13.3 rel1/bin/../lib/gcc/arm-none-eabi/13.3.1/thumb/v7-m/nofp/crtend.o
LOAD C:/PROGRA~2/Arm GNU Toolchain arm-none-eabi/13.3 rel1/bin/../lib/gcc/arm-none-eabi/13.3.1/thumb/v7-m/nofp/crtn.o
                0x20005000                        _estack = 0x20005000
                0x00000200                        _Min_Heap_Size = 0x200
                0x00000400                        _Min_Stack_Size = 0x400

.isr_vector     0x08000000      0x10c
                0x08000000                        . = ALIGN (0x4)
 *(.isr_vector)
 .isr_vector    0x08000000      0x10c CMakeFiles/STM32_BLDC_Hall.elf.dir/startup/startup_stm32f103xb.s.obj
                0x08000000                g_pfnVectors
                0x0800010c                        . = ALIGN (0x4)

.text           0x08000110     0x65b0
                0x08000110                        . = ALIGN (0x4)
 *(.text)
 .text          0x08000110       0x10 C:/PROGRA~2/Arm GNU Toolchain arm-none-eabi/13.3 rel1/bin/../lib/gcc/arm-none-eabi/13.3.1/thumb/v7-m/nofp\libg_nano.a(libc_a-strlen.o)
                0x08000110                strlen
 .text          0x08000120      0x378 C:/PROGRA~2/Arm GNU Toolchain arm-none-eabi/13.3 rel1/bin/../lib/gcc/arm-none-eabi/13.3.1/thumb/v7-m/nofp\libgcc.a(_arm_addsubdf3.o)
                0x08000120                __aeabi_drsub
                0x08000128                __aeabi_dsub
                0x08000128                __subdf3
                0x0800012c                __aeabi_dadd
                0x0800012c                __adddf3
                0x080003a4                __floatunsidf
                0x080003a4                __aeabi_ui2d
                0x080003c4                __floatsidf
                0x080003c4                __aeabi_i2d
                0x080003e8                __aeabi_f2d
                0x080003e8                __extendsfdf2
                0x0800042c                __floatundidf
                0x0800042c                __aeabi_ul2d
                0x0800043c                __floatdidf
                0x0800043c                __aeabi_l2d
 .text          0x08000498      0x424 C:/PROGRA~2/Arm GNU Toolchain arm-none-eabi/13.3 rel1/bin/../lib/gcc/arm-none-eabi/13.3.1/thumb/v7-m/nofp\libgcc.a(_arm_muldivdf3.o)
                0x08000498                __aeabi_dmul
                0x08000498                __muldf3
                0x080006ec                __divdf3
                0x080006ec                __aeabi_ddiv
 .text          0x080008bc      0x110 C:/PROGRA~2/Arm GNU Toolchain arm-none-eabi/13.3 rel1/bin/../lib/gcc/arm-none-eabi/13.3.1/thumb/v7-m/nofp\libgcc.a(_arm_cmpdf2.o)
                0x080008bc                __gtdf2
                0x080008bc                __gedf2
                0x080008c4                __ltdf2
                0x080008c4                __ledf2
                0x080008cc                __nedf2
                0x080008cc                __eqdf2
                0x080008cc                __cmpdf2
                0x08000948                __aeabi_cdrcmple
                0x08000958                __aeabi_cdcmpeq
                0x08000958                __aeabi_cdcmple
                0x08000968                __aeabi_dcmpeq
                0x0800097c                __aeabi_dcmplt
                0x08000990                __aeabi_dcmple
                0x080009a4                __aeabi_dcmpge
                0x080009b8                __aeabi_dcmpgt
 .text          0x080009cc       0x2c C:/PROGRA~2/Arm GNU Toolchain arm-none-eabi/13.3 rel1/bin/../lib/gcc/arm-none-eabi/13.3.1/thumb/v7-m/nofp\libgcc.a(_arm_unorddf2.o)
                0x080009cc                __unorddf2
                0x080009cc                __aeabi_dcmpun
 .text          0x080009f8       0x50 C:/PROGRA~2/Arm GNU Toolchain arm-none-eabi/13.3 rel1/bin/../lib/gcc/arm-none-eabi/13.3.1/thumb/v7-m/nofp\libgcc.a(_arm_fixdfsi.o)
                0x080009f8                __aeabi_d2iz
                0x080009f8                __fixdfsi
 *(.text*)
 .text.deregister_tm_clones
                0x08000a48       0x1c C:/PROGRA~2/Arm GNU Toolchain arm-none-eabi/13.3 rel1/bin/../lib/gcc/arm-none-eabi/13.3.1/thumb/v7-m/nofp/crtbegin.o
 .text.register_tm_clones
                0x08000a64       0x24 C:/PROGRA~2/Arm GNU Toolchain arm-none-eabi/13.3 rel1/bin/../lib/gcc/arm-none-eabi/13.3.1/thumb/v7-m/nofp/crtbegin.o
 .text.__do_global_dtors_aux
                0x08000a88       0x28 C:/PROGRA~2/Arm GNU Toolchain arm-none-eabi/13.3 rel1/bin/../lib/gcc/arm-none-eabi/13.3.1/thumb/v7-m/nofp/crtbegin.o
 .text.frame_dummy
                0x08000ab0       0x24 C:/PROGRA~2/Arm GNU Toolchain arm-none-eabi/13.3 rel1/bin/../lib/gcc/arm-none-eabi/13.3.1/thumb/v7-m/nofp/crtbegin.o
 .text.ADC1_Configuration
                0x08000ad4       0xd0 CMakeFiles/STM32_BLDC_Hall.elf.dir/User_program/ADC_int.c.obj
                0x08000ad4                ADC1_Configuration
 .text.DMA_Configuration
                0x08000ba4       0x6c CMakeFiles/STM32_BLDC_Hall.elf.dir/User_program/ADC_int.c.obj
                0x08000ba4                DMA_Configuration
 .text.Offset_CurrentReading
                0x08000c10       0xec CMakeFiles/STM32_BLDC_Hall.elf.dir/User_program/ADC_int.c.obj
                0x08000c10                Offset_CurrentReading
 .text.ADC_Sample
                0x08000cfc       0x78 CMakeFiles/STM32_BLDC_Hall.elf.dir/User_program/ADC_int.c.obj
                0x08000cfc                ADC_Sample
 .text.Protection_software
                0x08000d74       0x30 CMakeFiles/STM32_BLDC_Hall.elf.dir/User_program/ADC_int.c.obj
                0x08000d74                Protection_software
 .text.Delay    0x08000da4       0x34 CMakeFiles/STM32_BLDC_Hall.elf.dir/User_program/GPIO_int.c.obj
                0x08000da4                Delay
 .text.GPIO_LED485RE_int
                0x08000dd8       0x30 CMakeFiles/STM32_BLDC_Hall.elf.dir/User_program/GPIO_int.c.obj
                0x08000dd8                GPIO_LED485RE_int
 .text.InitThreeHallGpio
                0x08000e08       0x2c CMakeFiles/STM32_BLDC_Hall.elf.dir/User_program/GPIO_int.c.obj
                0x08000e08                InitThreeHallGpio
 .text.Init_Gpio_ADC
                0x08000e34       0x3c CMakeFiles/STM32_BLDC_Hall.elf.dir/User_program/GPIO_int.c.obj
                0x08000e34                Init_Gpio_ADC
 .text.Init_PWMDAC_Gpio
                0x08000e70       0x3c CMakeFiles/STM32_BLDC_Hall.elf.dir/User_program/GPIO_int.c.obj
                0x08000e70                Init_PWMDAC_Gpio
 .text.Init_Gpio_TIM1_PWM
                0x08000eac       0x68 CMakeFiles/STM32_BLDC_Hall.elf.dir/User_program/GPIO_int.c.obj
                0x08000eac                Init_Gpio_TIM1_PWM
 .text.LED1_Toggle
                0x08000f14       0x28 CMakeFiles/STM32_BLDC_Hall.elf.dir/User_program/GPIO_int.c.obj
                0x08000f14                LED1_Toggle
 .text.IQsat    0x08000f3c       0x38 CMakeFiles/STM32_BLDC_Hall.elf.dir/User_program/IQ_math.c.obj
                0x08000f3c                IQsat
 .text.PI_Controller
                0x08000f74       0x80 CMakeFiles/STM32_BLDC_Hall.elf.dir/User_program/PI_Cale.c.obj
                0x08000f74                PI_Controller
 .text.PI_Pare_init
                0x08000ff4       0x50 CMakeFiles/STM32_BLDC_Hall.elf.dir/User_program/PI_Cale.c.obj
                0x08000ff4                PI_Pare_init
 .text.InitializeParameters
                0x08001044       0x58 CMakeFiles/STM32_BLDC_Hall.elf.dir/User_program/Task_function.c.obj
                0x08001044                InitializeParameters
 .text.knob_control
                0x0800109c       0x84 CMakeFiles/STM32_BLDC_Hall.elf.dir/User_program/Task_function.c.obj
                0x0800109c                knob_control
 .text.ThreeHallPara_init
                0x08001120       0x30 CMakeFiles/STM32_BLDC_Hall.elf.dir/User_program/ThreeHall.c.obj
                0x08001120                ThreeHallPara_init
 .text.ThreeHall_huanxkz
                0x08001150      0x344 CMakeFiles/STM32_BLDC_Hall.elf.dir/User_program/ThreeHall.c.obj
                0x08001150                ThreeHall_huanxkz
 .text.TIM1_UP_IRQHandler
                0x08001494      0x180 CMakeFiles/STM32_BLDC_Hall.elf.dir/User_program/Tim1_ISR_MCLoop.c.obj
                0x08001494                TIM1_UP_IRQHandler
 .text.Tim1_PWM_Init
                0x08001614      0x144 CMakeFiles/STM32_BLDC_Hall.elf.dir/User_program/Tim1_PWM.c.obj
                0x08001614                Tim1_PWM_Init
 .text.Stop_Motor
                0x08001758       0x48 CMakeFiles/STM32_BLDC_Hall.elf.dir/User_program/Tim1_PWM.c.obj
                0x08001758                Stop_Motor
 .text.MOS_Q41PWM
                0x080017a0       0x78 CMakeFiles/STM32_BLDC_Hall.elf.dir/User_program/Tim1_PWM.c.obj
                0x080017a0                MOS_Q41PWM
 .text.MOS_Q16PWM
                0x08001818       0x78 CMakeFiles/STM32_BLDC_Hall.elf.dir/User_program/Tim1_PWM.c.obj
                0x08001818                MOS_Q16PWM
 .text.MOS_Q63PWM
                0x08001890       0x78 CMakeFiles/STM32_BLDC_Hall.elf.dir/User_program/Tim1_PWM.c.obj
                0x08001890                MOS_Q63PWM
 .text.MOS_Q32PWM
                0x08001908       0x78 CMakeFiles/STM32_BLDC_Hall.elf.dir/User_program/Tim1_PWM.c.obj
                0x08001908                MOS_Q32PWM
 .text.MOS_Q25PWM
                0x08001980       0x78 CMakeFiles/STM32_BLDC_Hall.elf.dir/User_program/Tim1_PWM.c.obj
                0x08001980                MOS_Q25PWM
 .text.MOS_Q54PWM
                0x080019f8       0x78 CMakeFiles/STM32_BLDC_Hall.elf.dir/User_program/Tim1_PWM.c.obj
                0x080019f8                MOS_Q54PWM
 .text.TIM4PWMDAC_Config
                0x08001a70       0xd0 CMakeFiles/STM32_BLDC_Hall.elf.dir/User_program/Tim4_Encoder_PWMDAC.c.obj
                0x08001a70                TIM4PWMDAC_Config
 .text.RunSystimer
                0x08001b40      0x12c CMakeFiles/STM32_BLDC_Hall.elf.dir/User_program/Timer.c.obj
                0x08001b40                RunSystimer
 .text.CLEAR_flag
                0x08001c6c       0x90 CMakeFiles/STM32_BLDC_Hall.elf.dir/User_program/Timer.c.obj
                0x08001c6c                CLEAR_flag
 .text.Timer2Config
                0x08001cfc       0x62 CMakeFiles/STM32_BLDC_Hall.elf.dir/User_program/Timer.c.obj
                0x08001cfc                Timer2Config
 *fill*         0x08001d5e        0x2 
 .text.TIM2_IRQHandler
                0x08001d60       0x2c CMakeFiles/STM32_BLDC_Hall.elf.dir/User_program/Timer.c.obj
                0x08001d60                TIM2_IRQHandler
 .text.PrintfInit
                0x08001d8c       0x30 CMakeFiles/STM32_BLDC_Hall.elf.dir/User_program/printf_uart.c.obj
                0x08001d8c                PrintfInit
 .text.Uart3Init
                0x08001dbc       0xb0 CMakeFiles/STM32_BLDC_Hall.elf.dir/User_program/printf_uart.c.obj
                0x08001dbc                Uart3Init
 .text._isatty  0x08001e6c       0x24 CMakeFiles/STM32_BLDC_Hall.elf.dir/User_program/printf_uart.c.obj
                0x08001e6c                _isatty
 .text._write   0x08001e90       0x7c CMakeFiles/STM32_BLDC_Hall.elf.dir/User_program/printf_uart.c.obj
                0x08001e90                _write
 .text._close   0x08001f0c       0x26 CMakeFiles/STM32_BLDC_Hall.elf.dir/User_program/printf_uart.c.obj
                0x08001f0c                _close
 .text._lseek   0x08001f32       0x1a CMakeFiles/STM32_BLDC_Hall.elf.dir/User_program/printf_uart.c.obj
                0x08001f32                _lseek
 .text._read    0x08001f4c       0x44 CMakeFiles/STM32_BLDC_Hall.elf.dir/User_program/printf_uart.c.obj
                0x08001f4c                _read
 .text.USART3_IRQHandler
                0x08001f90       0x88 CMakeFiles/STM32_BLDC_Hall.elf.dir/User_program/printf_uart.c.obj
                0x08001f90                USART3_IRQHandler
 .text.NVIC_PriorityGroupConfig
                0x08002018       0x24 CMakeFiles/STM32_BLDC_Hall.elf.dir/FWlib/src/misc.c.obj
                0x08002018                NVIC_PriorityGroupConfig
 .text.NVIC_Init
                0x0800203c       0xc4 CMakeFiles/STM32_BLDC_Hall.elf.dir/FWlib/src/misc.c.obj
                0x0800203c                NVIC_Init
 .text.ADC_DeInit
                0x08002100       0x74 CMakeFiles/STM32_BLDC_Hall.elf.dir/FWlib/src/stm32f10x_adc.c.obj
                0x08002100                ADC_DeInit
 .text.ADC_Init
                0x08002174       0xa4 CMakeFiles/STM32_BLDC_Hall.elf.dir/FWlib/src/stm32f10x_adc.c.obj
                0x08002174                ADC_Init
 .text.ADC_StructInit
                0x08002218       0x36 CMakeFiles/STM32_BLDC_Hall.elf.dir/FWlib/src/stm32f10x_adc.c.obj
                0x08002218                ADC_StructInit
 .text.ADC_Cmd  0x0800224e       0x36 CMakeFiles/STM32_BLDC_Hall.elf.dir/FWlib/src/stm32f10x_adc.c.obj
                0x0800224e                ADC_Cmd
 .text.ADC_DMACmd
                0x08002284       0x36 CMakeFiles/STM32_BLDC_Hall.elf.dir/FWlib/src/stm32f10x_adc.c.obj
                0x08002284                ADC_DMACmd
 .text.ADC_ResetCalibration
                0x080022ba       0x1e CMakeFiles/STM32_BLDC_Hall.elf.dir/FWlib/src/stm32f10x_adc.c.obj
                0x080022ba                ADC_ResetCalibration
 .text.ADC_GetResetCalibrationStatus
                0x080022d8       0x2e CMakeFiles/STM32_BLDC_Hall.elf.dir/FWlib/src/stm32f10x_adc.c.obj
                0x080022d8                ADC_GetResetCalibrationStatus
 .text.ADC_StartCalibration
                0x08002306       0x1e CMakeFiles/STM32_BLDC_Hall.elf.dir/FWlib/src/stm32f10x_adc.c.obj
                0x08002306                ADC_StartCalibration
 .text.ADC_GetCalibrationStatus
                0x08002324       0x2e CMakeFiles/STM32_BLDC_Hall.elf.dir/FWlib/src/stm32f10x_adc.c.obj
                0x08002324                ADC_GetCalibrationStatus
 .text.ADC_SoftwareStartConvCmd
                0x08002352       0x36 CMakeFiles/STM32_BLDC_Hall.elf.dir/FWlib/src/stm32f10x_adc.c.obj
                0x08002352                ADC_SoftwareStartConvCmd
 .text.ADC_RegularChannelConfig
                0x08002388      0x192 CMakeFiles/STM32_BLDC_Hall.elf.dir/FWlib/src/stm32f10x_adc.c.obj
                0x08002388                ADC_RegularChannelConfig
 *fill*         0x0800251a        0x2 
 .text.DMA_DeInit
                0x0800251c      0x178 CMakeFiles/STM32_BLDC_Hall.elf.dir/FWlib/src/stm32f10x_dma.c.obj
                0x0800251c                DMA_DeInit
 .text.DMA_Init
                0x08002694       0x7c CMakeFiles/STM32_BLDC_Hall.elf.dir/FWlib/src/stm32f10x_dma.c.obj
                0x08002694                DMA_Init
 .text.DMA_Cmd  0x08002710       0x38 CMakeFiles/STM32_BLDC_Hall.elf.dir/FWlib/src/stm32f10x_dma.c.obj
                0x08002710                DMA_Cmd
 .text.GPIO_Init
                0x08002748      0x178 CMakeFiles/STM32_BLDC_Hall.elf.dir/FWlib/src/stm32f10x_gpio.c.obj
                0x08002748                GPIO_Init
 .text.GPIO_StructInit
                0x080028c0       0x26 CMakeFiles/STM32_BLDC_Hall.elf.dir/FWlib/src/stm32f10x_gpio.c.obj
                0x080028c0                GPIO_StructInit
 .text.GPIO_ReadInputDataBit
                0x080028e6       0x32 CMakeFiles/STM32_BLDC_Hall.elf.dir/FWlib/src/stm32f10x_gpio.c.obj
                0x080028e6                GPIO_ReadInputDataBit
 .text.GPIO_PinRemapConfig
                0x08002918       0xe0 CMakeFiles/STM32_BLDC_Hall.elf.dir/FWlib/src/stm32f10x_gpio.c.obj
                0x08002918                GPIO_PinRemapConfig
 .text.TIM1_BRK_IRQHandler
                0x080029f8       0x18 CMakeFiles/STM32_BLDC_Hall.elf.dir/FWlib/src/stm32f10x_it.c.obj
                0x080029f8                TIM1_BRK_IRQHandler
 .text.RCC_ADCCLKConfig
                0x08002a10       0x38 CMakeFiles/STM32_BLDC_Hall.elf.dir/FWlib/src/stm32f10x_rcc.c.obj
                0x08002a10                RCC_ADCCLKConfig
 .text.RCC_GetClocksFreq
                0x08002a48      0x16c CMakeFiles/STM32_BLDC_Hall.elf.dir/FWlib/src/stm32f10x_rcc.c.obj
                0x08002a48                RCC_GetClocksFreq
 .text.RCC_AHBPeriphClockCmd
                0x08002bb4       0x3c CMakeFiles/STM32_BLDC_Hall.elf.dir/FWlib/src/stm32f10x_rcc.c.obj
                0x08002bb4                RCC_AHBPeriphClockCmd
 .text.RCC_APB2PeriphClockCmd
                0x08002bf0       0x3c CMakeFiles/STM32_BLDC_Hall.elf.dir/FWlib/src/stm32f10x_rcc.c.obj
                0x08002bf0                RCC_APB2PeriphClockCmd
 .text.RCC_APB1PeriphClockCmd
                0x08002c2c       0x3c CMakeFiles/STM32_BLDC_Hall.elf.dir/FWlib/src/stm32f10x_rcc.c.obj
                0x08002c2c                RCC_APB1PeriphClockCmd
 .text.RCC_APB2PeriphResetCmd
                0x08002c68       0x3c CMakeFiles/STM32_BLDC_Hall.elf.dir/FWlib/src/stm32f10x_rcc.c.obj
                0x08002c68                RCC_APB2PeriphResetCmd
 .text.TIM_TimeBaseInit
                0x08002ca4       0xf8 CMakeFiles/STM32_BLDC_Hall.elf.dir/FWlib/src/stm32f10x_tim.c.obj
                0x08002ca4                TIM_TimeBaseInit
 .text.TIM_OC1Init
                0x08002d9c      0x118 CMakeFiles/STM32_BLDC_Hall.elf.dir/FWlib/src/stm32f10x_tim.c.obj
                0x08002d9c                TIM_OC1Init
 .text.TIM_OC2Init
                0x08002eb4      0x110 CMakeFiles/STM32_BLDC_Hall.elf.dir/FWlib/src/stm32f10x_tim.c.obj
                0x08002eb4                TIM_OC2Init
 .text.TIM_OC3Init
                0x08002fc4      0x10c CMakeFiles/STM32_BLDC_Hall.elf.dir/FWlib/src/stm32f10x_tim.c.obj
                0x08002fc4                TIM_OC3Init
 .text.TIM_OC4Init
                0x080030d0       0xd0 CMakeFiles/STM32_BLDC_Hall.elf.dir/FWlib/src/stm32f10x_tim.c.obj
                0x080030d0                TIM_OC4Init
 .text.TIM_BDTRConfig
                0x080031a0       0x4e CMakeFiles/STM32_BLDC_Hall.elf.dir/FWlib/src/stm32f10x_tim.c.obj
                0x080031a0                TIM_BDTRConfig
 .text.TIM_Cmd  0x080031ee       0x3e CMakeFiles/STM32_BLDC_Hall.elf.dir/FWlib/src/stm32f10x_tim.c.obj
                0x080031ee                TIM_Cmd
 .text.TIM_CtrlPWMOutputs
                0x0800322c       0x4a CMakeFiles/STM32_BLDC_Hall.elf.dir/FWlib/src/stm32f10x_tim.c.obj
                0x0800322c                TIM_CtrlPWMOutputs
 .text.TIM_ITConfig
                0x08003276       0x46 CMakeFiles/STM32_BLDC_Hall.elf.dir/FWlib/src/stm32f10x_tim.c.obj
                0x08003276                TIM_ITConfig
 .text.TIM_ARRPreloadConfig
                0x080032bc       0x3e CMakeFiles/STM32_BLDC_Hall.elf.dir/FWlib/src/stm32f10x_tim.c.obj
                0x080032bc                TIM_ARRPreloadConfig
 .text.TIM_OC1PreloadConfig
                0x080032fa       0x36 CMakeFiles/STM32_BLDC_Hall.elf.dir/FWlib/src/stm32f10x_tim.c.obj
                0x080032fa                TIM_OC1PreloadConfig
 .text.TIM_OC2PreloadConfig
                0x08003330       0x3a CMakeFiles/STM32_BLDC_Hall.elf.dir/FWlib/src/stm32f10x_tim.c.obj
                0x08003330                TIM_OC2PreloadConfig
 .text.TIM_OC3PreloadConfig
                0x0800336a       0x36 CMakeFiles/STM32_BLDC_Hall.elf.dir/FWlib/src/stm32f10x_tim.c.obj
                0x0800336a                TIM_OC3PreloadConfig
 .text.TIM_OC4PreloadConfig
                0x080033a0       0x3a CMakeFiles/STM32_BLDC_Hall.elf.dir/FWlib/src/stm32f10x_tim.c.obj
                0x080033a0                TIM_OC4PreloadConfig
 .text.TIM_CCxCmd
                0x080033da       0x54 CMakeFiles/STM32_BLDC_Hall.elf.dir/FWlib/src/stm32f10x_tim.c.obj
                0x080033da                TIM_CCxCmd
 .text.TIM_CCxNCmd
                0x0800342e       0x54 CMakeFiles/STM32_BLDC_Hall.elf.dir/FWlib/src/stm32f10x_tim.c.obj
                0x0800342e                TIM_CCxNCmd
 .text.TIM_SelectOCxM
                0x08003482       0xb0 CMakeFiles/STM32_BLDC_Hall.elf.dir/FWlib/src/stm32f10x_tim.c.obj
                0x08003482                TIM_SelectOCxM
 .text.TIM_SetCompare1
                0x08003532       0x1c CMakeFiles/STM32_BLDC_Hall.elf.dir/FWlib/src/stm32f10x_tim.c.obj
                0x08003532                TIM_SetCompare1
 .text.TIM_SetCompare2
                0x0800354e       0x1c CMakeFiles/STM32_BLDC_Hall.elf.dir/FWlib/src/stm32f10x_tim.c.obj
                0x0800354e                TIM_SetCompare2
 .text.TIM_SetCompare3
                0x0800356a       0x1c CMakeFiles/STM32_BLDC_Hall.elf.dir/FWlib/src/stm32f10x_tim.c.obj
                0x0800356a                TIM_SetCompare3
 .text.TIM_SetCompare4
                0x08003586       0x1e CMakeFiles/STM32_BLDC_Hall.elf.dir/FWlib/src/stm32f10x_tim.c.obj
                0x08003586                TIM_SetCompare4
 .text.TIM_ClearFlag
                0x080035a4       0x20 CMakeFiles/STM32_BLDC_Hall.elf.dir/FWlib/src/stm32f10x_tim.c.obj
                0x080035a4                TIM_ClearFlag
 .text.TIM_GetITStatus
                0x080035c4       0x52 CMakeFiles/STM32_BLDC_Hall.elf.dir/FWlib/src/stm32f10x_tim.c.obj
                0x080035c4                TIM_GetITStatus
 .text.TIM_ClearITPendingBit
                0x08003616       0x20 CMakeFiles/STM32_BLDC_Hall.elf.dir/FWlib/src/stm32f10x_tim.c.obj
                0x08003616                TIM_ClearITPendingBit
 *fill*         0x08003636        0x2 
 .text.USART_Init
                0x08003638      0x174 CMakeFiles/STM32_BLDC_Hall.elf.dir/FWlib/src/stm32f10x_usart.c.obj
                0x08003638                USART_Init
 .text.USART_Cmd
                0x080037ac       0x3e CMakeFiles/STM32_BLDC_Hall.elf.dir/FWlib/src/stm32f10x_usart.c.obj
                0x080037ac                USART_Cmd
 .text.USART_ITConfig
                0x080037ea       0x8e CMakeFiles/STM32_BLDC_Hall.elf.dir/FWlib/src/stm32f10x_usart.c.obj
                0x080037ea                USART_ITConfig
 .text.USART_SendData
                0x08003878       0x22 CMakeFiles/STM32_BLDC_Hall.elf.dir/FWlib/src/stm32f10x_usart.c.obj
                0x08003878                USART_SendData
 .text.USART_ReceiveData
                0x0800389a       0x1e CMakeFiles/STM32_BLDC_Hall.elf.dir/FWlib/src/stm32f10x_usart.c.obj
                0x0800389a                USART_ReceiveData
 .text.USART_GetFlagStatus
                0x080038b8       0x36 CMakeFiles/STM32_BLDC_Hall.elf.dir/FWlib/src/stm32f10x_usart.c.obj
                0x080038b8                USART_GetFlagStatus
 .text.USART_GetITStatus
                0x080038ee       0xb4 CMakeFiles/STM32_BLDC_Hall.elf.dir/FWlib/src/stm32f10x_usart.c.obj
                0x080038ee                USART_GetITStatus
 *fill*         0x080039a2        0x2 
 .text.main     0x080039a4       0xa0 CMakeFiles/STM32_BLDC_Hall.elf.dir/main.c.obj
                0x080039a4                main
 .text.Reset_Handler
                0x08003a44       0x48 CMakeFiles/STM32_BLDC_Hall.elf.dir/startup/startup_stm32f103xb.s.obj
                0x08003a44                Reset_Handler
 .text.Default_Handler
                0x08003a8c        0x2 CMakeFiles/STM32_BLDC_Hall.elf.dir/startup/startup_stm32f103xb.s.obj
                0x08003a8c                RTC_Alarm_IRQHandler
                0x08003a8c                EXTI2_IRQHandler
                0x08003a8c                DebugMon_Handler
                0x08003a8c                TIM1_CC_IRQHandler
                0x08003a8c                HardFault_Handler
                0x08003a8c                SysTick_Handler
                0x08003a8c                PVD_IRQHandler
                0x08003a8c                PendSV_Handler
                0x08003a8c                NMI_Handler
                0x08003a8c                EXTI3_IRQHandler
                0x08003a8c                EXTI0_IRQHandler
                0x08003a8c                I2C2_EV_IRQHandler
                0x08003a8c                UsageFault_Handler
                0x08003a8c                ADC1_2_IRQHandler
                0x08003a8c                SPI1_IRQHandler
                0x08003a8c                TAMPER_IRQHandler
                0x08003a8c                DMA1_Channel4_IRQHandler
                0x08003a8c                RTC_IRQHandler
                0x08003a8c                DMA1_Channel7_IRQHandler
                0x08003a8c                CAN1_RX1_IRQHandler
                0x08003a8c                TIM4_IRQHandler
                0x08003a8c                I2C1_EV_IRQHandler
                0x08003a8c                DMA1_Channel6_IRQHandler
                0x08003a8c                TIM3_IRQHandler
                0x08003a8c                RCC_IRQHandler
                0x08003a8c                TIM1_TRG_COM_IRQHandler
                0x08003a8c                DMA1_Channel1_IRQHandler
                0x08003a8c                Default_Handler
                0x08003a8c                EXTI15_10_IRQHandler
                0x08003a8c                EXTI9_5_IRQHandler
                0x08003a8c                SPI2_IRQHandler
                0x08003a8c                MemManage_Handler
                0x08003a8c                SVC_Handler
                0x08003a8c                DMA1_Channel5_IRQHandler
                0x08003a8c                EXTI4_IRQHandler
                0x08003a8c                USB_LP_CAN1_RX0_IRQHandler
                0x08003a8c                USB_HP_CAN1_TX_IRQHandler
                0x08003a8c                DMA1_Channel3_IRQHandler
                0x08003a8c                WWDG_IRQHandler
                0x08003a8c                EXTI1_IRQHandler
                0x08003a8c                USART2_IRQHandler
                0x08003a8c                I2C2_ER_IRQHandler
                0x08003a8c                DMA1_Channel2_IRQHandler
                0x08003a8c                CAN1_SCE_IRQHandler
                0x08003a8c                FLASH_IRQHandler
                0x08003a8c                BusFault_Handler
                0x08003a8c                USART1_IRQHandler
                0x08003a8c                I2C1_ER_IRQHandler
                0x08003a8c                USBWakeUp_IRQHandler
 *fill*         0x08003a8e        0x2 
 .text.SystemInit
                0x08003a90       0x68 CMakeFiles/STM32_BLDC_Hall.elf.dir/CMSIS/system_stm32f10x.c.obj
                0x08003a90                SystemInit
 .text.SetSysClock
                0x08003af8        0xc CMakeFiles/STM32_BLDC_Hall.elf.dir/CMSIS/system_stm32f10x.c.obj
 .text.SetSysClockTo72
                0x08003b04      0x100 CMakeFiles/STM32_BLDC_Hall.elf.dir/CMSIS/system_stm32f10x.c.obj
 .text.__cvt    0x08003c04       0xc8 C:/PROGRA~2/Arm GNU Toolchain arm-none-eabi/13.3 rel1/bin/../lib/gcc/arm-none-eabi/13.3.1/thumb/v7-m/nofp\libg_nano.a(libc_a-nano-vfprintf_float.o)
                0x08003c04                __cvt
 .text.__exponent
                0x08003ccc       0x74 C:/PROGRA~2/Arm GNU Toolchain arm-none-eabi/13.3 rel1/bin/../lib/gcc/arm-none-eabi/13.3.1/thumb/v7-m/nofp\libg_nano.a(libc_a-nano-vfprintf_float.o)
                0x08003ccc                __exponent
 .text._printf_float
                0x08003d40      0x458 C:/PROGRA~2/Arm GNU Toolchain arm-none-eabi/13.3 rel1/bin/../lib/gcc/arm-none-eabi/13.3.1/thumb/v7-m/nofp\libg_nano.a(libc_a-nano-vfprintf_float.o)
                0x08003d40                _printf_float
 .text._printf_common
                0x08004198       0xe4 C:/PROGRA~2/Arm GNU Toolchain arm-none-eabi/13.3 rel1/bin/../lib/gcc/arm-none-eabi/13.3.1/thumb/v7-m/nofp\libg_nano.a(libc_a-nano-vfprintf_i.o)
                0x08004198                _printf_common
 .text._printf_i
                0x0800427c      0x23c C:/PROGRA~2/Arm GNU Toolchain arm-none-eabi/13.3 rel1/bin/../lib/gcc/arm-none-eabi/13.3.1/thumb/v7-m/nofp\libg_nano.a(libc_a-nano-vfprintf_i.o)
                0x0800427c                _printf_i
 .text.std      0x080044b8       0x6c C:/PROGRA~2/Arm GNU Toolchain arm-none-eabi/13.3 rel1/bin/../lib/gcc/arm-none-eabi/13.3.1/thumb/v7-m/nofp\libg_nano.a(libc_a-findfp.o)
 .text.stdio_exit_handler
                0x08004524       0x18 C:/PROGRA~2/Arm GNU Toolchain arm-none-eabi/13.3 rel1/bin/../lib/gcc/arm-none-eabi/13.3.1/thumb/v7-m/nofp\libg_nano.a(libc_a-findfp.o)
 .text.cleanup_stdio
                0x0800453c       0x40 C:/PROGRA~2/Arm GNU Toolchain arm-none-eabi/13.3 rel1/bin/../lib/gcc/arm-none-eabi/13.3.1/thumb/v7-m/nofp\libg_nano.a(libc_a-findfp.o)
 .text.global_stdio_init.part.0
                0x0800457c       0x3c C:/PROGRA~2/Arm GNU Toolchain arm-none-eabi/13.3 rel1/bin/../lib/gcc/arm-none-eabi/13.3.1/thumb/v7-m/nofp\libg_nano.a(libc_a-findfp.o)
 .text.__sfp_lock_acquire
                0x080045b8        0xc C:/PROGRA~2/Arm GNU Toolchain arm-none-eabi/13.3 rel1/bin/../lib/gcc/arm-none-eabi/13.3.1/thumb/v7-m/nofp\libg_nano.a(libc_a-findfp.o)
                0x080045b8                __sfp_lock_acquire
 .text.__sfp_lock_release
                0x080045c4        0xc C:/PROGRA~2/Arm GNU Toolchain arm-none-eabi/13.3 rel1/bin/../lib/gcc/arm-none-eabi/13.3.1/thumb/v7-m/nofp\libg_nano.a(libc_a-findfp.o)
                0x080045c4                __sfp_lock_release
 .text.__sinit  0x080045d0       0x30 C:/PROGRA~2/Arm GNU Toolchain arm-none-eabi/13.3 rel1/bin/../lib/gcc/arm-none-eabi/13.3.1/thumb/v7-m/nofp\libg_nano.a(libc_a-findfp.o)
                0x080045d0                __sinit
 .text._fwalk_sglue
                0x08004600       0x3c C:/PROGRA~2/Arm GNU Toolchain arm-none-eabi/13.3 rel1/bin/../lib/gcc/arm-none-eabi/13.3.1/thumb/v7-m/nofp\libg_nano.a(libc_a-fwalk.o)
                0x08004600                _fwalk_sglue
 .text.setvbuf  0x0800463c      0x168 C:/PROGRA~2/Arm GNU Toolchain arm-none-eabi/13.3 rel1/bin/../lib/gcc/arm-none-eabi/13.3.1/thumb/v7-m/nofp\libg_nano.a(libc_a-setvbuf.o)
                0x0800463c                setvbuf
 .text.__sread  0x080047a4       0x22 C:/PROGRA~2/Arm GNU Toolchain arm-none-eabi/13.3 rel1/bin/../lib/gcc/arm-none-eabi/13.3.1/thumb/v7-m/nofp\libg_nano.a(libc_a-stdio.o)
                0x080047a4                __sread
 .text.__swrite
                0x080047c6       0x38 C:/PROGRA~2/Arm GNU Toolchain arm-none-eabi/13.3 rel1/bin/../lib/gcc/arm-none-eabi/13.3.1/thumb/v7-m/nofp\libg_nano.a(libc_a-stdio.o)
                0x080047c6                __swrite
 .text.__sseek  0x080047fe       0x24 C:/PROGRA~2/Arm GNU Toolchain arm-none-eabi/13.3 rel1/bin/../lib/gcc/arm-none-eabi/13.3.1/thumb/v7-m/nofp\libg_nano.a(libc_a-stdio.o)
                0x080047fe                __sseek
 .text.__sclose
                0x08004822        0x8 C:/PROGRA~2/Arm GNU Toolchain arm-none-eabi/13.3 rel1/bin/../lib/gcc/arm-none-eabi/13.3.1/thumb/v7-m/nofp\libg_nano.a(libc_a-stdio.o)
                0x08004822                __sclose
 .text.__swbuf_r
                0x0800482a       0x7c C:/PROGRA~2/Arm GNU Toolchain arm-none-eabi/13.3 rel1/bin/../lib/gcc/arm-none-eabi/13.3.1/thumb/v7-m/nofp\libg_nano.a(libc_a-wbuf.o)
                0x0800482a                __swbuf_r
 *fill*         0x080048a6        0x2 
 .text.__swsetup_r
                0x080048a8       0xac C:/PROGRA~2/Arm GNU Toolchain arm-none-eabi/13.3 rel1/bin/../lib/gcc/arm-none-eabi/13.3.1/thumb/v7-m/nofp\libg_nano.a(libc_a-wsetup.o)
                0x080048a8                __swsetup_r
 .text.memset   0x08004954       0x10 C:/PROGRA~2/Arm GNU Toolchain arm-none-eabi/13.3 rel1/bin/../lib/gcc/arm-none-eabi/13.3.1/thumb/v7-m/nofp\libg_nano.a(libc_a-memset.o)
                0x08004954                memset
 .text._localeconv_r
                0x08004964        0x8 C:/PROGRA~2/Arm GNU Toolchain arm-none-eabi/13.3 rel1/bin/../lib/gcc/arm-none-eabi/13.3.1/thumb/v7-m/nofp\libg_nano.a(libc_a-localeconv.o)
                0x08004964                _localeconv_r
 .text._close_r
                0x0800496c       0x20 C:/PROGRA~2/Arm GNU Toolchain arm-none-eabi/13.3 rel1/bin/../lib/gcc/arm-none-eabi/13.3.1/thumb/v7-m/nofp\libg_nano.a(libc_a-closer.o)
                0x0800496c                _close_r
 .text._lseek_r
                0x0800498c       0x24 C:/PROGRA~2/Arm GNU Toolchain arm-none-eabi/13.3 rel1/bin/../lib/gcc/arm-none-eabi/13.3.1/thumb/v7-m/nofp\libg_nano.a(libc_a-lseekr.o)
                0x0800498c                _lseek_r
 .text._read_r  0x080049b0       0x24 C:/PROGRA~2/Arm GNU Toolchain arm-none-eabi/13.3 rel1/bin/../lib/gcc/arm-none-eabi/13.3.1/thumb/v7-m/nofp\libg_nano.a(libc_a-readr.o)
                0x080049b0                _read_r
 .text._write_r
                0x080049d4       0x24 C:/PROGRA~2/Arm GNU Toolchain arm-none-eabi/13.3 rel1/bin/../lib/gcc/arm-none-eabi/13.3.1/thumb/v7-m/nofp\libg_nano.a(libc_a-writer.o)
                0x080049d4                _write_r
 .text.__libc_init_array
                0x080049f8       0x48 C:/PROGRA~2/Arm GNU Toolchain arm-none-eabi/13.3 rel1/bin/../lib/gcc/arm-none-eabi/13.3.1/thumb/v7-m/nofp\libg_nano.a(libc_a-init.o)
                0x080049f8                __libc_init_array
 .text.__retarget_lock_init_recursive
                0x08004a40        0x2 C:/PROGRA~2/Arm GNU Toolchain arm-none-eabi/13.3 rel1/bin/../lib/gcc/arm-none-eabi/13.3.1/thumb/v7-m/nofp\libg_nano.a(libc_a-lock.o)
                0x08004a40                __retarget_lock_init_recursive
 .text.__retarget_lock_acquire_recursive
                0x08004a42        0x2 C:/PROGRA~2/Arm GNU Toolchain arm-none-eabi/13.3 rel1/bin/../lib/gcc/arm-none-eabi/13.3.1/thumb/v7-m/nofp\libg_nano.a(libc_a-lock.o)
                0x08004a42                __retarget_lock_acquire_recursive
 .text.__retarget_lock_release_recursive
                0x08004a44        0x2 C:/PROGRA~2/Arm GNU Toolchain arm-none-eabi/13.3 rel1/bin/../lib/gcc/arm-none-eabi/13.3.1/thumb/v7-m/nofp\libg_nano.a(libc_a-lock.o)
                0x08004a44                __retarget_lock_release_recursive
 .text.memchr   0x08004a46       0x1c C:/PROGRA~2/Arm GNU Toolchain arm-none-eabi/13.3 rel1/bin/../lib/gcc/arm-none-eabi/13.3.1/thumb/v7-m/nofp\libg_nano.a(libc_a-memchr-stub.o)
                0x08004a46                memchr
 .text.quorem   0x08004a62      0x110 C:/PROGRA~2/Arm GNU Toolchain arm-none-eabi/13.3 rel1/bin/../lib/gcc/arm-none-eabi/13.3.1/thumb/v7-m/nofp\libg_nano.a(libc_a-dtoa.o)
 *fill*         0x08004b72        0x6 
 .text._dtoa_r  0x08004b78      0xb7c C:/PROGRA~2/Arm GNU Toolchain arm-none-eabi/13.3 rel1/bin/../lib/gcc/arm-none-eabi/13.3.1/thumb/v7-m/nofp\libg_nano.a(libc_a-dtoa.o)
                0x08004b78                _dtoa_r
 .text._free_r  0x080056f4       0x90 C:/PROGRA~2/Arm GNU Toolchain arm-none-eabi/13.3 rel1/bin/../lib/gcc/arm-none-eabi/13.3.1/thumb/v7-m/nofp\libg_nano.a(libc_a-freer.o)
                0x080056f4                _free_r
 .text.malloc   0x08005784       0x10 C:/PROGRA~2/Arm GNU Toolchain arm-none-eabi/13.3 rel1/bin/../lib/gcc/arm-none-eabi/13.3.1/thumb/v7-m/nofp\libg_nano.a(libc_a-malloc.o)
                0x08005784                malloc
 .text.sbrk_aligned
                0x08005794       0x44 C:/PROGRA~2/Arm GNU Toolchain arm-none-eabi/13.3 rel1/bin/../lib/gcc/arm-none-eabi/13.3.1/thumb/v7-m/nofp\libg_nano.a(libc_a-mallocr.o)
 .text._malloc_r
                0x080057d8      0x100 C:/PROGRA~2/Arm GNU Toolchain arm-none-eabi/13.3 rel1/bin/../lib/gcc/arm-none-eabi/13.3.1/thumb/v7-m/nofp\libg_nano.a(libc_a-mallocr.o)
                0x080057d8                _malloc_r
 .text.__malloc_lock
                0x080058d8        0xc C:/PROGRA~2/Arm GNU Toolchain arm-none-eabi/13.3 rel1/bin/../lib/gcc/arm-none-eabi/13.3.1/thumb/v7-m/nofp\libg_nano.a(libc_a-mlock.o)
                0x080058d8                __malloc_lock
 .text.__malloc_unlock
                0x080058e4        0xc C:/PROGRA~2/Arm GNU Toolchain arm-none-eabi/13.3 rel1/bin/../lib/gcc/arm-none-eabi/13.3.1/thumb/v7-m/nofp\libg_nano.a(libc_a-mlock.o)
                0x080058e4                __malloc_unlock
 .text._Balloc  0x080058f0       0x80 C:/PROGRA~2/Arm GNU Toolchain arm-none-eabi/13.3 rel1/bin/../lib/gcc/arm-none-eabi/13.3.1/thumb/v7-m/nofp\libg_nano.a(libc_a-mprec.o)
                0x080058f0                _Balloc
 .text._Bfree   0x08005970       0x44 C:/PROGRA~2/Arm GNU Toolchain arm-none-eabi/13.3 rel1/bin/../lib/gcc/arm-none-eabi/13.3.1/thumb/v7-m/nofp\libg_nano.a(libc_a-mprec.o)
                0x08005970                _Bfree
 .text.__multadd
                0x080059b4       0x8c C:/PROGRA~2/Arm GNU Toolchain arm-none-eabi/13.3 rel1/bin/../lib/gcc/arm-none-eabi/13.3.1/thumb/v7-m/nofp\libg_nano.a(libc_a-mprec.o)
                0x080059b4                __multadd
 .text.__hi0bits
                0x08005a40       0x3e C:/PROGRA~2/Arm GNU Toolchain arm-none-eabi/13.3 rel1/bin/../lib/gcc/arm-none-eabi/13.3.1/thumb/v7-m/nofp\libg_nano.a(libc_a-mprec.o)
                0x08005a40                __hi0bits
 .text.__lo0bits
                0x08005a7e       0x5a C:/PROGRA~2/Arm GNU Toolchain arm-none-eabi/13.3 rel1/bin/../lib/gcc/arm-none-eabi/13.3.1/thumb/v7-m/nofp\libg_nano.a(libc_a-mprec.o)
                0x08005a7e                __lo0bits
 .text.__i2b    0x08005ad8       0x2c C:/PROGRA~2/Arm GNU Toolchain arm-none-eabi/13.3 rel1/bin/../lib/gcc/arm-none-eabi/13.3.1/thumb/v7-m/nofp\libg_nano.a(libc_a-mprec.o)
                0x08005ad8                __i2b
 .text.__multiply
                0x08005b04      0x144 C:/PROGRA~2/Arm GNU Toolchain arm-none-eabi/13.3 rel1/bin/../lib/gcc/arm-none-eabi/13.3.1/thumb/v7-m/nofp\libg_nano.a(libc_a-mprec.o)
                0x08005b04                __multiply
 .text.__pow5mult
                0x08005c48       0xb4 C:/PROGRA~2/Arm GNU Toolchain arm-none-eabi/13.3 rel1/bin/../lib/gcc/arm-none-eabi/13.3.1/thumb/v7-m/nofp\libg_nano.a(libc_a-mprec.o)
                0x08005c48                __pow5mult
 .text.__lshift
                0x08005cfc       0xd8 C:/PROGRA~2/Arm GNU Toolchain arm-none-eabi/13.3 rel1/bin/../lib/gcc/arm-none-eabi/13.3.1/thumb/v7-m/nofp\libg_nano.a(libc_a-mprec.o)
                0x08005cfc                __lshift
 .text.__mcmp   0x08005dd4       0x36 C:/PROGRA~2/Arm GNU Toolchain arm-none-eabi/13.3 rel1/bin/../lib/gcc/arm-none-eabi/13.3.1/thumb/v7-m/nofp\libg_nano.a(libc_a-mprec.o)
                0x08005dd4                __mcmp
 *fill*         0x08005e0a        0x2 
 .text.__mdiff  0x08005e0c      0x128 C:/PROGRA~2/Arm GNU Toolchain arm-none-eabi/13.3 rel1/bin/../lib/gcc/arm-none-eabi/13.3.1/thumb/v7-m/nofp\libg_nano.a(libc_a-mprec.o)
                0x08005e0c                __mdiff
 .text.__d2b    0x08005f34       0xb0 C:/PROGRA~2/Arm GNU Toolchain arm-none-eabi/13.3 rel1/bin/../lib/gcc/arm-none-eabi/13.3.1/thumb/v7-m/nofp\libg_nano.a(libc_a-mprec.o)
                0x08005f34                __d2b
 .text.__sfputc_r
                0x08005fe4       0x2a C:/PROGRA~2/Arm GNU Toolchain arm-none-eabi/13.3 rel1/bin/../lib/gcc/arm-none-eabi/13.3.1/thumb/v7-m/nofp\libg_nano.a(libc_a-nano-vfprintf.o)
 .text.__sfputs_r
                0x0800600e       0x24 C:/PROGRA~2/Arm GNU Toolchain arm-none-eabi/13.3 rel1/bin/../lib/gcc/arm-none-eabi/13.3.1/thumb/v7-m/nofp\libg_nano.a(libc_a-nano-vfprintf.o)
                0x0800600e                __sfputs_r
 *fill*         0x08006032        0x2 
 .text._vfprintf_r
                0x08006034      0x230 C:/PROGRA~2/Arm GNU Toolchain arm-none-eabi/13.3 rel1/bin/../lib/gcc/arm-none-eabi/13.3.1/thumb/v7-m/nofp\libg_nano.a(libc_a-nano-vfprintf.o)
                0x08006034                _vfprintf_r
                0x08006034                _vfiprintf_r
 .text.__sflush_r
                0x08006264      0x100 C:/PROGRA~2/Arm GNU Toolchain arm-none-eabi/13.3 rel1/bin/../lib/gcc/arm-none-eabi/13.3.1/thumb/v7-m/nofp\libg_nano.a(libc_a-fflush.o)
                0x08006264                __sflush_r
 .text._fflush_r
                0x08006364       0x50 C:/PROGRA~2/Arm GNU Toolchain arm-none-eabi/13.3 rel1/bin/../lib/gcc/arm-none-eabi/13.3.1/thumb/v7-m/nofp\libg_nano.a(libc_a-fflush.o)
                0x08006364                _fflush_r
 .text.__swhatbuf_r
                0x080063b4       0x4a C:/PROGRA~2/Arm GNU Toolchain arm-none-eabi/13.3 rel1/bin/../lib/gcc/arm-none-eabi/13.3.1/thumb/v7-m/nofp\libg_nano.a(libc_a-makebuf.o)
                0x080063b4                __swhatbuf_r
 .text.__smakebuf_r
                0x080063fe       0x78 C:/PROGRA~2/Arm GNU Toolchain arm-none-eabi/13.3 rel1/bin/../lib/gcc/arm-none-eabi/13.3.1/thumb/v7-m/nofp\libg_nano.a(libc_a-makebuf.o)
                0x080063fe                __smakebuf_r
 *fill*         0x08006476        0x2 
 .text._fstat_r
                0x08006478       0x24 C:/PROGRA~2/Arm GNU Toolchain arm-none-eabi/13.3 rel1/bin/../lib/gcc/arm-none-eabi/13.3.1/thumb/v7-m/nofp\libg_nano.a(libc_a-fstatr.o)
                0x08006478                _fstat_r
 .text._isatty_r
                0x0800649c       0x20 C:/PROGRA~2/Arm GNU Toolchain arm-none-eabi/13.3 rel1/bin/../lib/gcc/arm-none-eabi/13.3.1/thumb/v7-m/nofp\libg_nano.a(libc_a-isattyr.o)
                0x0800649c                _isatty_r
 .text._sbrk_r  0x080064bc       0x20 C:/PROGRA~2/Arm GNU Toolchain arm-none-eabi/13.3 rel1/bin/../lib/gcc/arm-none-eabi/13.3.1/thumb/v7-m/nofp\libg_nano.a(libc_a-sbrkr.o)
                0x080064bc                _sbrk_r
 .text.memcpy   0x080064dc       0x1c C:/PROGRA~2/Arm GNU Toolchain arm-none-eabi/13.3 rel1/bin/../lib/gcc/arm-none-eabi/13.3.1/thumb/v7-m/nofp\libg_nano.a(libc_a-memcpy-stub.o)
                0x080064dc                memcpy
 .text.__assert_func
                0x080064f8       0x3c C:/PROGRA~2/Arm GNU Toolchain arm-none-eabi/13.3 rel1/bin/../lib/gcc/arm-none-eabi/13.3.1/thumb/v7-m/nofp\libg_nano.a(libc_a-assert.o)
                0x080064f8                __assert_func
 .text._calloc_r
                0x08006534       0x28 C:/PROGRA~2/Arm GNU Toolchain arm-none-eabi/13.3 rel1/bin/../lib/gcc/arm-none-eabi/13.3.1/thumb/v7-m/nofp\libg_nano.a(libc_a-callocr.o)
                0x08006534                _calloc_r
 .text.__ascii_mbtowc
                0x0800655c       0x24 C:/PROGRA~2/Arm GNU Toolchain arm-none-eabi/13.3 rel1/bin/../lib/gcc/arm-none-eabi/13.3.1/thumb/v7-m/nofp\libg_nano.a(libc_a-mbtowc_r.o)
                0x0800655c                __ascii_mbtowc
 .text.__ascii_wctomb
                0x08006580       0x1a C:/PROGRA~2/Arm GNU Toolchain arm-none-eabi/13.3 rel1/bin/../lib/gcc/arm-none-eabi/13.3.1/thumb/v7-m/nofp\libg_nano.a(libc_a-wctomb_r.o)
                0x08006580                __ascii_wctomb
 *fill*         0x0800659a        0x2 
 .text.fprintf  0x0800659c       0x24 C:/PROGRA~2/Arm GNU Toolchain arm-none-eabi/13.3 rel1/bin/../lib/gcc/arm-none-eabi/13.3.1/thumb/v7-m/nofp\libg_nano.a(libc_a-fprintf.o)
                0x0800659c                fiprintf
                0x0800659c                fprintf
 .text.abort    0x080065c0        0xe C:/PROGRA~2/Arm GNU Toolchain arm-none-eabi/13.3 rel1/bin/../lib/gcc/arm-none-eabi/13.3.1/thumb/v7-m/nofp\libg_nano.a(libc_a-abort.o)
                0x080065c0                abort
 .text._raise_r
                0x080065ce       0x50 C:/PROGRA~2/Arm GNU Toolchain arm-none-eabi/13.3 rel1/bin/../lib/gcc/arm-none-eabi/13.3.1/thumb/v7-m/nofp\libg_nano.a(libc_a-signal.o)
                0x080065ce                _raise_r
 *fill*         0x0800661e        0x2 
 .text.raise    0x08006620       0x10 C:/PROGRA~2/Arm GNU Toolchain arm-none-eabi/13.3 rel1/bin/../lib/gcc/arm-none-eabi/13.3.1/thumb/v7-m/nofp\libg_nano.a(libc_a-signal.o)
                0x08006620                raise
 .text._kill_r  0x08006630       0x24 C:/PROGRA~2/Arm GNU Toolchain arm-none-eabi/13.3 rel1/bin/../lib/gcc/arm-none-eabi/13.3.1/thumb/v7-m/nofp\libg_nano.a(libc_a-signalr.o)
                0x08006630                _kill_r
 .text._getpid_r
                0x08006654        0x4 C:/PROGRA~2/Arm GNU Toolchain arm-none-eabi/13.3 rel1/bin/../lib/gcc/arm-none-eabi/13.3.1/thumb/v7-m/nofp\libg_nano.a(libc_a-signalr.o)
                0x08006654                _getpid_r
 .text._fstat   0x08006658       0x10 C:/PROGRA~2/Arm GNU Toolchain arm-none-eabi/13.3 rel1/bin/../lib/gcc/arm-none-eabi/13.3.1/thumb/v7-m/nofp\libnosys.a(fstat.o)
                0x08006658                _fstat
 .text._getpid  0x08006668       0x10 C:/PROGRA~2/Arm GNU Toolchain arm-none-eabi/13.3 rel1/bin/../lib/gcc/arm-none-eabi/13.3.1/thumb/v7-m/nofp\libnosys.a(getpid.o)
                0x08006668                _getpid
 .text._kill    0x08006678       0x10 C:/PROGRA~2/Arm GNU Toolchain arm-none-eabi/13.3 rel1/bin/../lib/gcc/arm-none-eabi/13.3.1/thumb/v7-m/nofp\libnosys.a(kill.o)
                0x08006678                _kill
 .text._sbrk    0x08006688       0x1c C:/PROGRA~2/Arm GNU Toolchain arm-none-eabi/13.3 rel1/bin/../lib/gcc/arm-none-eabi/13.3.1/thumb/v7-m/nofp\libnosys.a(sbrk.o)
                0x08006688                _sbrk
 .text._exit    0x080066a4        0x4 C:/PROGRA~2/Arm GNU Toolchain arm-none-eabi/13.3 rel1/bin/../lib/gcc/arm-none-eabi/13.3.1/thumb/v7-m/nofp\libnosys.a(_exit.o)
                0x080066a4                _exit
 *(.glue_7)
 .glue_7        0x080066a8        0x0 linker stubs
 *(.glue_7t)
 .glue_7t       0x080066a8        0x0 linker stubs
 *(.eh_frame)
 .eh_frame      0x080066a8        0x0 C:/PROGRA~2/Arm GNU Toolchain arm-none-eabi/13.3 rel1/bin/../lib/gcc/arm-none-eabi/13.3.1/thumb/v7-m/nofp/crtbegin.o
 *(.init)
 .init          0x080066a8        0x4 C:/PROGRA~2/Arm GNU Toolchain arm-none-eabi/13.3 rel1/bin/../lib/gcc/arm-none-eabi/13.3.1/thumb/v7-m/nofp/crti.o
                0x080066a8                _init
 .init          0x080066ac        0x8 C:/PROGRA~2/Arm GNU Toolchain arm-none-eabi/13.3 rel1/bin/../lib/gcc/arm-none-eabi/13.3.1/thumb/v7-m/nofp/crtn.o
 *(.fini)
 .fini          0x080066b4        0x4 C:/PROGRA~2/Arm GNU Toolchain arm-none-eabi/13.3 rel1/bin/../lib/gcc/arm-none-eabi/13.3.1/thumb/v7-m/nofp/crti.o
                0x080066b4                _fini
 .fini          0x080066b8        0x8 C:/PROGRA~2/Arm GNU Toolchain arm-none-eabi/13.3 rel1/bin/../lib/gcc/arm-none-eabi/13.3.1/thumb/v7-m/nofp/crtn.o
                0x080066c0                        . = ALIGN (0x4)
                0x080066c0                        _etext = .

.vfp11_veneer   0x080066c0        0x0
 .vfp11_veneer  0x080066c0        0x0 linker stubs

.v4_bx          0x080066c0        0x0
 .v4_bx         0x080066c0        0x0 linker stubs

.iplt           0x080066c0        0x0
 .iplt          0x080066c0        0x0 C:/PROGRA~2/Arm GNU Toolchain arm-none-eabi/13.3 rel1/bin/../lib/gcc/arm-none-eabi/13.3.1/thumb/v7-m/nofp/crtbegin.o

.rodata         0x080066c0      0x38c
                0x080066c0                        . = ALIGN (0x4)
 *(.rodata)
 *(.rodata*)
 .rodata.APBAHBPrescTable
                0x080066c0       0x10 CMakeFiles/STM32_BLDC_Hall.elf.dir/FWlib/src/stm32f10x_rcc.c.obj
 .rodata.ADCPrescTable
                0x080066d0        0x4 CMakeFiles/STM32_BLDC_Hall.elf.dir/FWlib/src/stm32f10x_rcc.c.obj
 .rodata._printf_float.str1.1
                0x080066d4      0x173 C:/PROGRA~2/Arm GNU Toolchain arm-none-eabi/13.3 rel1/bin/../lib/gcc/arm-none-eabi/13.3.1/thumb/v7-m/nofp\libg_nano.a(libc_a-nano-vfprintf_float.o)
                                 0x12 (size before relaxing)
 .rodata._printf_i.str1.1
                0x08006847       0x22 C:/PROGRA~2/Arm GNU Toolchain arm-none-eabi/13.3 rel1/bin/../lib/gcc/arm-none-eabi/13.3.1/thumb/v7-m/nofp\libg_nano.a(libc_a-nano-vfprintf_i.o)
 .rodata._dtoa_r.str1.1
                0x08006847       0x90 C:/PROGRA~2/Arm GNU Toolchain arm-none-eabi/13.3 rel1/bin/../lib/gcc/arm-none-eabi/13.3.1/thumb/v7-m/nofp\libg_nano.a(libc_a-dtoa.o)
 .rodata._Balloc.str1.1
                0x08006847       0x71 C:/PROGRA~2/Arm GNU Toolchain arm-none-eabi/13.3 rel1/bin/../lib/gcc/arm-none-eabi/13.3.1/thumb/v7-m/nofp\libg_nano.a(libc_a-mprec.o)
 .rodata.__multadd.str1.1
                0x08006847       0x11 C:/PROGRA~2/Arm GNU Toolchain arm-none-eabi/13.3 rel1/bin/../lib/gcc/arm-none-eabi/13.3.1/thumb/v7-m/nofp\libg_nano.a(libc_a-mprec.o)
 *fill*         0x08006847        0x1 
 .rodata.p05.0  0x08006848        0xc C:/PROGRA~2/Arm GNU Toolchain arm-none-eabi/13.3 rel1/bin/../lib/gcc/arm-none-eabi/13.3.1/thumb/v7-m/nofp\libg_nano.a(libc_a-mprec.o)
 *fill*         0x08006854        0x4 
 .rodata.__mprec_bigtens
                0x08006858       0x28 C:/PROGRA~2/Arm GNU Toolchain arm-none-eabi/13.3 rel1/bin/../lib/gcc/arm-none-eabi/13.3.1/thumb/v7-m/nofp\libg_nano.a(libc_a-mprec.o)
                0x08006858                __mprec_bigtens
 .rodata.__mprec_tens
                0x08006880       0xc8 C:/PROGRA~2/Arm GNU Toolchain arm-none-eabi/13.3 rel1/bin/../lib/gcc/arm-none-eabi/13.3.1/thumb/v7-m/nofp\libg_nano.a(libc_a-mprec.o)
                0x08006880                __mprec_tens
 .rodata._vfprintf_r.str1.1
                0x08006948       0x11 C:/PROGRA~2/Arm GNU Toolchain arm-none-eabi/13.3 rel1/bin/../lib/gcc/arm-none-eabi/13.3.1/thumb/v7-m/nofp\libg_nano.a(libc_a-nano-vfprintf.o)
 .rodata._setlocale_r.str1.1
                0x08006948        0x9 C:/PROGRA~2/Arm GNU Toolchain arm-none-eabi/13.3 rel1/bin/../lib/gcc/arm-none-eabi/13.3.1/thumb/v7-m/nofp\libg_nano.a(libc_a-locale.o)
 .rodata.str1.1
                0x08006948        0x2 C:/PROGRA~2/Arm GNU Toolchain arm-none-eabi/13.3 rel1/bin/../lib/gcc/arm-none-eabi/13.3.1/thumb/v7-m/nofp\libg_nano.a(libc_a-locale.o)
 .rodata.__assert_func.str1.1
                0x08006948       0x3d C:/PROGRA~2/Arm GNU Toolchain arm-none-eabi/13.3 rel1/bin/../lib/gcc/arm-none-eabi/13.3.1/thumb/v7-m/nofp\libg_nano.a(libc_a-assert.o)
 .rodata._ctype_
                0x08006948      0x101 C:/PROGRA~2/Arm GNU Toolchain arm-none-eabi/13.3 rel1/bin/../lib/gcc/arm-none-eabi/13.3.1/thumb/v7-m/nofp\libg_nano.a(libc_a-ctype_.o)
                0x08006948                _ctype_
                0x08006a4c                        . = ALIGN (0x4)
 *fill*         0x08006a49        0x3 

.ARM.extab
 *(.ARM.extab* .gnu.linkonce.armextab.*)

.ARM            0x08006a4c        0x8
                0x08006a4c                        __exidx_start = .
 *(.ARM.exidx*)
 .ARM.exidx     0x08006a4c        0x8 C:/PROGRA~2/Arm GNU Toolchain arm-none-eabi/13.3 rel1/bin/../lib/gcc/arm-none-eabi/13.3.1/thumb/v7-m/nofp\libg_nano.a(libc_a-strlen.o)
                0x08006a54                        __exidx_end = .

.rel.dyn        0x08006a54        0x0
 .rel.iplt      0x08006a54        0x0 C:/PROGRA~2/Arm GNU Toolchain arm-none-eabi/13.3 rel1/bin/../lib/gcc/arm-none-eabi/13.3.1/thumb/v7-m/nofp/crtbegin.o

.preinit_array  0x08006a54        0x0
                0x08006a54                        PROVIDE (__preinit_array_start = .)
 *(.preinit_array*)
                0x08006a54                        PROVIDE (__preinit_array_end = .)

.init_array     0x08006a54        0x4
                0x08006a54                        PROVIDE (__init_array_start = .)
 *(SORT_BY_NAME(.init_array.*))
 *(.init_array*)
 .init_array    0x08006a54        0x4 C:/PROGRA~2/Arm GNU Toolchain arm-none-eabi/13.3 rel1/bin/../lib/gcc/arm-none-eabi/13.3.1/thumb/v7-m/nofp/crtbegin.o
                0x08006a58                        PROVIDE (__init_array_end = .)

.fini_array     0x08006a58        0x4
                [!provide]                        PROVIDE (__fini_array_start = .)
 *(SORT_BY_NAME(.fini_array.*))
 *(.fini_array*)
 .fini_array    0x08006a58        0x4 C:/PROGRA~2/Arm GNU Toolchain arm-none-eabi/13.3 rel1/bin/../lib/gcc/arm-none-eabi/13.3.1/thumb/v7-m/nofp/crtbegin.o
                [!provide]                        PROVIDE (__fini_array_end = .)
                0x08006a5c                        _sidata = LOADADDR (.data)

.data           0x20000000      0x28c load address 0x08006a5c
                0x20000000                        . = ALIGN (0x4)
                0x20000000                        _sdata = .
 *(.data)
 *(.data*)
 .data.BUS_CurrProtection
                0x20000000        0x2 CMakeFiles/STM32_BLDC_Hall.elf.dir/User_program/ADC_int.c.obj
                0x20000000                BUS_CurrProtection
 .data.HallK1   0x20000002        0x2 CMakeFiles/STM32_BLDC_Hall.elf.dir/User_program/ThreeHall.c.obj
                0x20000002                HallK1
 .data.HallK2   0x20000004        0x2 CMakeFiles/STM32_BLDC_Hall.elf.dir/User_program/ThreeHall.c.obj
                0x20000004                HallK2
 .data.FilK1    0x20000006        0x2 CMakeFiles/STM32_BLDC_Hall.elf.dir/User_program/Tim1_ISR_MCLoop.c.obj
                0x20000006                FilK1
 .data.FilK2    0x20000008        0x2 CMakeFiles/STM32_BLDC_Hall.elf.dir/User_program/Tim1_ISR_MCLoop.c.obj
                0x20000008                FilK2
 *fill*         0x2000000a        0x2 
 .data.pi_spd   0x2000000c       0x30 CMakeFiles/STM32_BLDC_Hall.elf.dir/main.c.obj
                0x2000000c                pi_spd
 .data.pi_ICurr
                0x2000003c       0x30 CMakeFiles/STM32_BLDC_Hall.elf.dir/main.c.obj
                0x2000003c                pi_ICurr
 .data.ADCSampPare
                0x2000006c       0x2c CMakeFiles/STM32_BLDC_Hall.elf.dir/main.c.obj
                0x2000006c                ADCSampPare
 .data.Hall_Three
                0x20000098       0x28 CMakeFiles/STM32_BLDC_Hall.elf.dir/main.c.obj
                0x20000098                Hall_Three
 .data.SystemCoreClock
                0x200000c0        0x4 CMakeFiles/STM32_BLDC_Hall.elf.dir/CMSIS/system_stm32f10x.c.obj
                0x200000c0                SystemCoreClock
 .data.__sglue  0x200000c4        0xc C:/PROGRA~2/Arm GNU Toolchain arm-none-eabi/13.3 rel1/bin/../lib/gcc/arm-none-eabi/13.3.1/thumb/v7-m/nofp\libg_nano.a(libc_a-findfp.o)
                0x200000c4                __sglue
 .data._impure_ptr
                0x200000d0        0x4 C:/PROGRA~2/Arm GNU Toolchain arm-none-eabi/13.3 rel1/bin/../lib/gcc/arm-none-eabi/13.3.1/thumb/v7-m/nofp\libg_nano.a(libc_a-impure.o)
                0x200000d0                _impure_ptr
 .data._impure_data
                0x200000d4       0x4c C:/PROGRA~2/Arm GNU Toolchain arm-none-eabi/13.3 rel1/bin/../lib/gcc/arm-none-eabi/13.3.1/thumb/v7-m/nofp\libg_nano.a(libc_a-impure.o)
                0x200000d4                _impure_data
 .data.__global_locale
                0x20000120      0x16c C:/PROGRA~2/Arm GNU Toolchain arm-none-eabi/13.3 rel1/bin/../lib/gcc/arm-none-eabi/13.3.1/thumb/v7-m/nofp\libg_nano.a(libc_a-locale.o)
                0x20000120                __global_locale
                0x2000028c                        . = ALIGN (0x4)
                0x2000028c                        _edata = .

.tm_clone_table
                0x2000028c        0x0 load address 0x08006ce8
 .tm_clone_table
                0x2000028c        0x0 C:/PROGRA~2/Arm GNU Toolchain arm-none-eabi/13.3 rel1/bin/../lib/gcc/arm-none-eabi/13.3.1/thumb/v7-m/nofp/crtbegin.o
 .tm_clone_table
                0x2000028c        0x0 C:/PROGRA~2/Arm GNU Toolchain arm-none-eabi/13.3 rel1/bin/../lib/gcc/arm-none-eabi/13.3.1/thumb/v7-m/nofp/crtend.o

.igot.plt       0x2000028c        0x0 load address 0x08006ce8
 .igot.plt      0x2000028c        0x0 C:/PROGRA~2/Arm GNU Toolchain arm-none-eabi/13.3 rel1/bin/../lib/gcc/arm-none-eabi/13.3.1/thumb/v7-m/nofp/crtbegin.o
                0x2000028c                        . = ALIGN (0x4)

.bss            0x2000028c      0x3d0 load address 0x08006ce8
                0x2000028c                        _sbss = .
                0x2000028c                        __bss_start__ = _sbss
 *(.bss)
 *(.bss*)
 .bss.completed.1
                0x2000028c        0x1 C:/PROGRA~2/Arm GNU Toolchain arm-none-eabi/13.3 rel1/bin/../lib/gcc/arm-none-eabi/13.3.1/thumb/v7-m/nofp/crtbegin.o
 *fill*         0x2000028d        0x3 
 .bss.object.0  0x20000290       0x18 C:/PROGRA~2/Arm GNU Toolchain arm-none-eabi/13.3 rel1/bin/../lib/gcc/arm-none-eabi/13.3.1/thumb/v7-m/nofp/crtbegin.o
 .bss.ADC_ConvertedValue
                0x200002a8        0xa CMakeFiles/STM32_BLDC_Hall.elf.dir/User_program/ADC_int.c.obj
                0x200002a8                ADC_ConvertedValue
 .bss.i.3       0x200002b2        0x1 CMakeFiles/STM32_BLDC_Hall.elf.dir/User_program/ADC_int.c.obj
 *fill*         0x200002b3        0x1 
 .bss.ADC_PhaseU_Curr.2
                0x200002b4       0x80 CMakeFiles/STM32_BLDC_Hall.elf.dir/User_program/ADC_int.c.obj
 .bss.ADC_PhaseV_Curr.1
                0x20000334       0x80 CMakeFiles/STM32_BLDC_Hall.elf.dir/User_program/ADC_int.c.obj
 .bss.ADC_BUS_Curr.0
                0x200003b4       0x80 CMakeFiles/STM32_BLDC_Hall.elf.dir/User_program/ADC_int.c.obj
 .bss.DUTY      0x20000434        0x2 CMakeFiles/STM32_BLDC_Hall.elf.dir/User_program/Tim1_PWM.c.obj
                0x20000434                DUTY
 *fill*         0x20000436        0x2 
 .bss.G_uart    0x20000438        0x4 CMakeFiles/STM32_BLDC_Hall.elf.dir/User_program/printf_uart.c.obj
                0x20000438                G_uart
 .bss.TestPare  0x2000043c       0x28 CMakeFiles/STM32_BLDC_Hall.elf.dir/main.c.obj
                0x2000043c                TestPare
 .bss.TaskTimePare
                0x20000464       0x18 CMakeFiles/STM32_BLDC_Hall.elf.dir/main.c.obj
                0x20000464                TaskTimePare
 .bss.logicContr
                0x2000047c        0xa CMakeFiles/STM32_BLDC_Hall.elf.dir/main.c.obj
                0x2000047c                logicContr
 .bss.switchRX  0x20000486        0x1 CMakeFiles/STM32_BLDC_Hall.elf.dir/main.c.obj
                0x20000486                switchRX
 *fill*         0x20000487        0x1 
 .bss.uart_rx_buffer
                0x20000488       0x80 CMakeFiles/STM32_BLDC_Hall.elf.dir/main.c.obj
                0x20000488                uart_rx_buffer
 .bss.uart_rx_write_ptr
                0x20000508        0x2 CMakeFiles/STM32_BLDC_Hall.elf.dir/main.c.obj
                0x20000508                uart_rx_write_ptr
 .bss.uart_rx_line_complete
                0x2000050a        0x1 CMakeFiles/STM32_BLDC_Hall.elf.dir/main.c.obj
                0x2000050a                uart_rx_line_complete
 *fill*         0x2000050b        0x1 
 .bss.__sf      0x2000050c      0x138 C:/PROGRA~2/Arm GNU Toolchain arm-none-eabi/13.3 rel1/bin/../lib/gcc/arm-none-eabi/13.3.1/thumb/v7-m/nofp\libg_nano.a(libc_a-findfp.o)
                0x2000050c                __sf
 .bss.__stdio_exit_handler
                0x20000644        0x4 C:/PROGRA~2/Arm GNU Toolchain arm-none-eabi/13.3 rel1/bin/../lib/gcc/arm-none-eabi/13.3.1/thumb/v7-m/nofp\libg_nano.a(libc_a-findfp.o)
                0x20000644                __stdio_exit_handler
 .bss.errno     0x20000648        0x4 C:/PROGRA~2/Arm GNU Toolchain arm-none-eabi/13.3 rel1/bin/../lib/gcc/arm-none-eabi/13.3.1/thumb/v7-m/nofp\libg_nano.a(libc_a-reent.o)
                0x20000648                errno
 .bss.__lock___malloc_recursive_mutex
                0x2000064c        0x1 C:/PROGRA~2/Arm GNU Toolchain arm-none-eabi/13.3 rel1/bin/../lib/gcc/arm-none-eabi/13.3.1/thumb/v7-m/nofp\libg_nano.a(libc_a-lock.o)
                0x2000064c                __lock___malloc_recursive_mutex
 .bss.__lock___sfp_recursive_mutex
                0x2000064d        0x1 C:/PROGRA~2/Arm GNU Toolchain arm-none-eabi/13.3 rel1/bin/../lib/gcc/arm-none-eabi/13.3.1/thumb/v7-m/nofp\libg_nano.a(libc_a-lock.o)
                0x2000064d                __lock___sfp_recursive_mutex
 *fill*         0x2000064e        0x2 
 .bss.__malloc_sbrk_start
                0x20000650        0x4 C:/PROGRA~2/Arm GNU Toolchain arm-none-eabi/13.3 rel1/bin/../lib/gcc/arm-none-eabi/13.3.1/thumb/v7-m/nofp\libg_nano.a(libc_a-mallocr.o)
                0x20000650                __malloc_sbrk_start
 .bss.__malloc_free_list
                0x20000654        0x4 C:/PROGRA~2/Arm GNU Toolchain arm-none-eabi/13.3 rel1/bin/../lib/gcc/arm-none-eabi/13.3.1/thumb/v7-m/nofp\libg_nano.a(libc_a-mallocr.o)
                0x20000654                __malloc_free_list
 .bss.heap_end.0
                0x20000658        0x4 C:/PROGRA~2/Arm GNU Toolchain arm-none-eabi/13.3 rel1/bin/../lib/gcc/arm-none-eabi/13.3.1/thumb/v7-m/nofp\libnosys.a(sbrk.o)
 *(COMMON)
                0x2000065c                        . = ALIGN (0x4)
                0x2000065c                        _ebss = .
                0x2000065c                        __bss_end__ = _ebss

._user_heap_stack
                0x2000065c      0x604 load address 0x08006ce8
                0x20000660                        . = ALIGN (0x8)
 *fill*         0x2000065c        0x4 
                0x20000660                        PROVIDE (end = .)
                [!provide]                        PROVIDE (_end = .)
                0x20000860                        . = (. + _Min_Heap_Size)
 *fill*         0x20000660      0x200 
                0x20000c60                        . = (. + _Min_Stack_Size)
 *fill*         0x20000860      0x400 
                0x20000c60                        . = ALIGN (0x8)

/DISCARD/
 libc.a(*)
 libm.a(*)
 libgcc.a(*)

.ARM.attributes
                0x00000000       0x29
 *(.ARM.attributes)
 .ARM.attributes
                0x00000000       0x1d C:/PROGRA~2/Arm GNU Toolchain arm-none-eabi/13.3 rel1/bin/../lib/gcc/arm-none-eabi/13.3.1/thumb/v7-m/nofp/crti.o
 .ARM.attributes
                0x0000001d       0x2d C:/PROGRA~2/Arm GNU Toolchain arm-none-eabi/13.3 rel1/bin/../lib/gcc/arm-none-eabi/13.3.1/thumb/v7-m/nofp/crtbegin.o
 .ARM.attributes
                0x0000004a       0x2d CMakeFiles/STM32_BLDC_Hall.elf.dir/User_program/ADC_int.c.obj
 .ARM.attributes
                0x00000077       0x2d CMakeFiles/STM32_BLDC_Hall.elf.dir/User_program/GPIO_int.c.obj
 .ARM.attributes
                0x000000a4       0x2d CMakeFiles/STM32_BLDC_Hall.elf.dir/User_program/IQ_math.c.obj
 .ARM.attributes
                0x000000d1       0x2d CMakeFiles/STM32_BLDC_Hall.elf.dir/User_program/PI_Cale.c.obj
 .ARM.attributes
                0x000000fe       0x2d CMakeFiles/STM32_BLDC_Hall.elf.dir/User_program/Task_function.c.obj
 .ARM.attributes
                0x0000012b       0x2d CMakeFiles/STM32_BLDC_Hall.elf.dir/User_program/ThreeHall.c.obj
 .ARM.attributes
                0x00000158       0x2d CMakeFiles/STM32_BLDC_Hall.elf.dir/User_program/Tim1_ISR_MCLoop.c.obj
 .ARM.attributes
                0x00000185       0x2d CMakeFiles/STM32_BLDC_Hall.elf.dir/User_program/Tim1_PWM.c.obj
 .ARM.attributes
                0x000001b2       0x2d CMakeFiles/STM32_BLDC_Hall.elf.dir/User_program/Tim4_Encoder_PWMDAC.c.obj
 .ARM.attributes
                0x000001df       0x2d CMakeFiles/STM32_BLDC_Hall.elf.dir/User_program/Timer.c.obj
 .ARM.attributes
                0x0000020c       0x2d CMakeFiles/STM32_BLDC_Hall.elf.dir/User_program/printf_uart.c.obj
 .ARM.attributes
                0x00000239       0x2d CMakeFiles/STM32_BLDC_Hall.elf.dir/FWlib/src/misc.c.obj
 .ARM.attributes
                0x00000266       0x2d CMakeFiles/STM32_BLDC_Hall.elf.dir/FWlib/src/stm32f10x_adc.c.obj
 .ARM.attributes
                0x00000293       0x2d CMakeFiles/STM32_BLDC_Hall.elf.dir/FWlib/src/stm32f10x_dma.c.obj
 .ARM.attributes
                0x000002c0       0x2d CMakeFiles/STM32_BLDC_Hall.elf.dir/FWlib/src/stm32f10x_gpio.c.obj
 .ARM.attributes
                0x000002ed       0x2d CMakeFiles/STM32_BLDC_Hall.elf.dir/FWlib/src/stm32f10x_it.c.obj
 .ARM.attributes
                0x0000031a       0x2d CMakeFiles/STM32_BLDC_Hall.elf.dir/FWlib/src/stm32f10x_rcc.c.obj
 .ARM.attributes
                0x00000347       0x2d CMakeFiles/STM32_BLDC_Hall.elf.dir/FWlib/src/stm32f10x_tim.c.obj
 .ARM.attributes
                0x00000374       0x2d CMakeFiles/STM32_BLDC_Hall.elf.dir/FWlib/src/stm32f10x_usart.c.obj
 .ARM.attributes
                0x000003a1       0x2d CMakeFiles/STM32_BLDC_Hall.elf.dir/main.c.obj
 .ARM.attributes
                0x000003ce       0x21 CMakeFiles/STM32_BLDC_Hall.elf.dir/startup/startup_stm32f103xb.s.obj
 .ARM.attributes
                0x000003ef       0x2d CMakeFiles/STM32_BLDC_Hall.elf.dir/CMSIS/system_stm32f10x.c.obj
 .ARM.attributes
                0x0000041c       0x2d C:/PROGRA~2/Arm GNU Toolchain arm-none-eabi/13.3 rel1/bin/../lib/gcc/arm-none-eabi/13.3.1/thumb/v7-m/nofp\libg_nano.a(libc_a-nano-vfprintf_float.o)
 .ARM.attributes
                0x00000449       0x2d C:/PROGRA~2/Arm GNU Toolchain arm-none-eabi/13.3 rel1/bin/../lib/gcc/arm-none-eabi/13.3.1/thumb/v7-m/nofp\libg_nano.a(libc_a-nano-vfprintf_i.o)
 .ARM.attributes
                0x00000476       0x2d C:/PROGRA~2/Arm GNU Toolchain arm-none-eabi/13.3 rel1/bin/../lib/gcc/arm-none-eabi/13.3.1/thumb/v7-m/nofp\libg_nano.a(libc_a-findfp.o)
 .ARM.attributes
                0x000004a3       0x2d C:/PROGRA~2/Arm GNU Toolchain arm-none-eabi/13.3 rel1/bin/../lib/gcc/arm-none-eabi/13.3.1/thumb/v7-m/nofp\libg_nano.a(libc_a-fwalk.o)
 .ARM.attributes
                0x000004d0       0x2d C:/PROGRA~2/Arm GNU Toolchain arm-none-eabi/13.3 rel1/bin/../lib/gcc/arm-none-eabi/13.3.1/thumb/v7-m/nofp\libg_nano.a(libc_a-setvbuf.o)
 .ARM.attributes
                0x000004fd       0x2d C:/PROGRA~2/Arm GNU Toolchain arm-none-eabi/13.3 rel1/bin/../lib/gcc/arm-none-eabi/13.3.1/thumb/v7-m/nofp\libg_nano.a(libc_a-stdio.o)
 .ARM.attributes
                0x0000052a       0x2d C:/PROGRA~2/Arm GNU Toolchain arm-none-eabi/13.3 rel1/bin/../lib/gcc/arm-none-eabi/13.3.1/thumb/v7-m/nofp\libg_nano.a(libc_a-wbuf.o)
 .ARM.attributes
                0x00000557       0x2d C:/PROGRA~2/Arm GNU Toolchain arm-none-eabi/13.3 rel1/bin/../lib/gcc/arm-none-eabi/13.3.1/thumb/v7-m/nofp\libg_nano.a(libc_a-wsetup.o)
 .ARM.attributes
                0x00000584       0x2d C:/PROGRA~2/Arm GNU Toolchain arm-none-eabi/13.3 rel1/bin/../lib/gcc/arm-none-eabi/13.3.1/thumb/v7-m/nofp\libg_nano.a(libc_a-memset.o)
 .ARM.attributes
                0x000005b1       0x2d C:/PROGRA~2/Arm GNU Toolchain arm-none-eabi/13.3 rel1/bin/../lib/gcc/arm-none-eabi/13.3.1/thumb/v7-m/nofp\libg_nano.a(libc_a-localeconv.o)
 .ARM.attributes
                0x000005de       0x2d C:/PROGRA~2/Arm GNU Toolchain arm-none-eabi/13.3 rel1/bin/../lib/gcc/arm-none-eabi/13.3.1/thumb/v7-m/nofp\libg_nano.a(libc_a-closer.o)
 .ARM.attributes
                0x0000060b       0x2d C:/PROGRA~2/Arm GNU Toolchain arm-none-eabi/13.3 rel1/bin/../lib/gcc/arm-none-eabi/13.3.1/thumb/v7-m/nofp\libg_nano.a(libc_a-reent.o)
 .ARM.attributes
                0x00000638       0x2d C:/PROGRA~2/Arm GNU Toolchain arm-none-eabi/13.3 rel1/bin/../lib/gcc/arm-none-eabi/13.3.1/thumb/v7-m/nofp\libg_nano.a(libc_a-impure.o)
 .ARM.attributes
                0x00000665       0x2d C:/PROGRA~2/Arm GNU Toolchain arm-none-eabi/13.3 rel1/bin/../lib/gcc/arm-none-eabi/13.3.1/thumb/v7-m/nofp\libg_nano.a(libc_a-lseekr.o)
 .ARM.attributes
                0x00000692       0x2d C:/PROGRA~2/Arm GNU Toolchain arm-none-eabi/13.3 rel1/bin/../lib/gcc/arm-none-eabi/13.3.1/thumb/v7-m/nofp\libg_nano.a(libc_a-readr.o)
 .ARM.attributes
                0x000006bf       0x2d C:/PROGRA~2/Arm GNU Toolchain arm-none-eabi/13.3 rel1/bin/../lib/gcc/arm-none-eabi/13.3.1/thumb/v7-m/nofp\libg_nano.a(libc_a-writer.o)
 .ARM.attributes
                0x000006ec       0x2d C:/PROGRA~2/Arm GNU Toolchain arm-none-eabi/13.3 rel1/bin/../lib/gcc/arm-none-eabi/13.3.1/thumb/v7-m/nofp\libg_nano.a(libc_a-init.o)
 .ARM.attributes
                0x00000719       0x2d C:/PROGRA~2/Arm GNU Toolchain arm-none-eabi/13.3 rel1/bin/../lib/gcc/arm-none-eabi/13.3.1/thumb/v7-m/nofp\libg_nano.a(libc_a-lock.o)
 .ARM.attributes
                0x00000746       0x2d C:/PROGRA~2/Arm GNU Toolchain arm-none-eabi/13.3 rel1/bin/../lib/gcc/arm-none-eabi/13.3.1/thumb/v7-m/nofp\libg_nano.a(libc_a-memchr-stub.o)
 .ARM.attributes
                0x00000773       0x17 C:/PROGRA~2/Arm GNU Toolchain arm-none-eabi/13.3 rel1/bin/../lib/gcc/arm-none-eabi/13.3.1/thumb/v7-m/nofp\libg_nano.a(libc_a-strlen.o)
 .ARM.attributes
                0x0000078a       0x2d C:/PROGRA~2/Arm GNU Toolchain arm-none-eabi/13.3 rel1/bin/../lib/gcc/arm-none-eabi/13.3.1/thumb/v7-m/nofp\libg_nano.a(libc_a-dtoa.o)
 .ARM.attributes
                0x000007b7       0x2d C:/PROGRA~2/Arm GNU Toolchain arm-none-eabi/13.3 rel1/bin/../lib/gcc/arm-none-eabi/13.3.1/thumb/v7-m/nofp\libg_nano.a(libc_a-freer.o)
 .ARM.attributes
                0x000007e4       0x2d C:/PROGRA~2/Arm GNU Toolchain arm-none-eabi/13.3 rel1/bin/../lib/gcc/arm-none-eabi/13.3.1/thumb/v7-m/nofp\libg_nano.a(libc_a-malloc.o)
 .ARM.attributes
                0x00000811       0x2d C:/PROGRA~2/Arm GNU Toolchain arm-none-eabi/13.3 rel1/bin/../lib/gcc/arm-none-eabi/13.3.1/thumb/v7-m/nofp\libg_nano.a(libc_a-mallocr.o)
 .ARM.attributes
                0x0000083e       0x2d C:/PROGRA~2/Arm GNU Toolchain arm-none-eabi/13.3 rel1/bin/../lib/gcc/arm-none-eabi/13.3.1/thumb/v7-m/nofp\libg_nano.a(libc_a-mlock.o)
 .ARM.attributes
                0x0000086b       0x2d C:/PROGRA~2/Arm GNU Toolchain arm-none-eabi/13.3 rel1/bin/../lib/gcc/arm-none-eabi/13.3.1/thumb/v7-m/nofp\libg_nano.a(libc_a-mprec.o)
 .ARM.attributes
                0x00000898       0x2d C:/PROGRA~2/Arm GNU Toolchain arm-none-eabi/13.3 rel1/bin/../lib/gcc/arm-none-eabi/13.3.1/thumb/v7-m/nofp\libg_nano.a(libc_a-nano-vfprintf.o)
 .ARM.attributes
                0x000008c5       0x2d C:/PROGRA~2/Arm GNU Toolchain arm-none-eabi/13.3 rel1/bin/../lib/gcc/arm-none-eabi/13.3.1/thumb/v7-m/nofp\libg_nano.a(libc_a-fflush.o)
 .ARM.attributes
                0x000008f2       0x2d C:/PROGRA~2/Arm GNU Toolchain arm-none-eabi/13.3 rel1/bin/../lib/gcc/arm-none-eabi/13.3.1/thumb/v7-m/nofp\libg_nano.a(libc_a-makebuf.o)
 .ARM.attributes
                0x0000091f       0x2d C:/PROGRA~2/Arm GNU Toolchain arm-none-eabi/13.3 rel1/bin/../lib/gcc/arm-none-eabi/13.3.1/thumb/v7-m/nofp\libg_nano.a(libc_a-locale.o)
 .ARM.attributes
                0x0000094c       0x2d C:/PROGRA~2/Arm GNU Toolchain arm-none-eabi/13.3 rel1/bin/../lib/gcc/arm-none-eabi/13.3.1/thumb/v7-m/nofp\libg_nano.a(libc_a-fstatr.o)
 .ARM.attributes
                0x00000979       0x2d C:/PROGRA~2/Arm GNU Toolchain arm-none-eabi/13.3 rel1/bin/../lib/gcc/arm-none-eabi/13.3.1/thumb/v7-m/nofp\libg_nano.a(libc_a-isattyr.o)
 .ARM.attributes
                0x000009a6       0x2d C:/PROGRA~2/Arm GNU Toolchain arm-none-eabi/13.3 rel1/bin/../lib/gcc/arm-none-eabi/13.3.1/thumb/v7-m/nofp\libg_nano.a(libc_a-sbrkr.o)
 .ARM.attributes
                0x000009d3       0x2d C:/PROGRA~2/Arm GNU Toolchain arm-none-eabi/13.3 rel1/bin/../lib/gcc/arm-none-eabi/13.3.1/thumb/v7-m/nofp\libg_nano.a(libc_a-memcpy-stub.o)
 .ARM.attributes
                0x00000a00       0x2d C:/PROGRA~2/Arm GNU Toolchain arm-none-eabi/13.3 rel1/bin/../lib/gcc/arm-none-eabi/13.3.1/thumb/v7-m/nofp\libg_nano.a(libc_a-assert.o)
 .ARM.attributes
                0x00000a2d       0x2d C:/PROGRA~2/Arm GNU Toolchain arm-none-eabi/13.3 rel1/bin/../lib/gcc/arm-none-eabi/13.3.1/thumb/v7-m/nofp\libg_nano.a(libc_a-callocr.o)
 .ARM.attributes
                0x00000a5a       0x2d C:/PROGRA~2/Arm GNU Toolchain arm-none-eabi/13.3 rel1/bin/../lib/gcc/arm-none-eabi/13.3.1/thumb/v7-m/nofp\libg_nano.a(libc_a-mbtowc_r.o)
 .ARM.attributes
                0x00000a87       0x2d C:/PROGRA~2/Arm GNU Toolchain arm-none-eabi/13.3 rel1/bin/../lib/gcc/arm-none-eabi/13.3.1/thumb/v7-m/nofp\libg_nano.a(libc_a-wctomb_r.o)
 .ARM.attributes
                0x00000ab4       0x2d C:/PROGRA~2/Arm GNU Toolchain arm-none-eabi/13.3 rel1/bin/../lib/gcc/arm-none-eabi/13.3.1/thumb/v7-m/nofp\libg_nano.a(libc_a-ctype_.o)
 .ARM.attributes
                0x00000ae1       0x2d C:/PROGRA~2/Arm GNU Toolchain arm-none-eabi/13.3 rel1/bin/../lib/gcc/arm-none-eabi/13.3.1/thumb/v7-m/nofp\libg_nano.a(libc_a-fprintf.o)
 .ARM.attributes
                0x00000b0e       0x2d C:/PROGRA~2/Arm GNU Toolchain arm-none-eabi/13.3 rel1/bin/../lib/gcc/arm-none-eabi/13.3.1/thumb/v7-m/nofp\libg_nano.a(libc_a-abort.o)
 .ARM.attributes
                0x00000b3b       0x2d C:/PROGRA~2/Arm GNU Toolchain arm-none-eabi/13.3 rel1/bin/../lib/gcc/arm-none-eabi/13.3.1/thumb/v7-m/nofp\libg_nano.a(libc_a-signal.o)
 .ARM.attributes
                0x00000b68       0x2d C:/PROGRA~2/Arm GNU Toolchain arm-none-eabi/13.3 rel1/bin/../lib/gcc/arm-none-eabi/13.3.1/thumb/v7-m/nofp\libg_nano.a(libc_a-signalr.o)
 .ARM.attributes
                0x00000b95       0x1d C:/PROGRA~2/Arm GNU Toolchain arm-none-eabi/13.3 rel1/bin/../lib/gcc/arm-none-eabi/13.3.1/thumb/v7-m/nofp\libgcc.a(_arm_addsubdf3.o)
 .ARM.attributes
                0x00000bb2       0x1d C:/PROGRA~2/Arm GNU Toolchain arm-none-eabi/13.3 rel1/bin/../lib/gcc/arm-none-eabi/13.3.1/thumb/v7-m/nofp\libgcc.a(_arm_muldivdf3.o)
 .ARM.attributes
                0x00000bcf       0x1d C:/PROGRA~2/Arm GNU Toolchain arm-none-eabi/13.3 rel1/bin/../lib/gcc/arm-none-eabi/13.3.1/thumb/v7-m/nofp\libgcc.a(_arm_cmpdf2.o)
 .ARM.attributes
                0x00000bec       0x1d C:/PROGRA~2/Arm GNU Toolchain arm-none-eabi/13.3 rel1/bin/../lib/gcc/arm-none-eabi/13.3.1/thumb/v7-m/nofp\libgcc.a(_arm_unorddf2.o)
 .ARM.attributes
                0x00000c09       0x1d C:/PROGRA~2/Arm GNU Toolchain arm-none-eabi/13.3 rel1/bin/../lib/gcc/arm-none-eabi/13.3.1/thumb/v7-m/nofp\libgcc.a(_arm_fixdfsi.o)
 .ARM.attributes
                0x00000c26       0x2d C:/PROGRA~2/Arm GNU Toolchain arm-none-eabi/13.3 rel1/bin/../lib/gcc/arm-none-eabi/13.3.1/thumb/v7-m/nofp\libnosys.a(fstat.o)
 .ARM.attributes
                0x00000c53       0x2d C:/PROGRA~2/Arm GNU Toolchain arm-none-eabi/13.3 rel1/bin/../lib/gcc/arm-none-eabi/13.3.1/thumb/v7-m/nofp\libnosys.a(getpid.o)
 .ARM.attributes
                0x00000c80       0x2d C:/PROGRA~2/Arm GNU Toolchain arm-none-eabi/13.3 rel1/bin/../lib/gcc/arm-none-eabi/13.3.1/thumb/v7-m/nofp\libnosys.a(kill.o)
 .ARM.attributes
                0x00000cad       0x2d C:/PROGRA~2/Arm GNU Toolchain arm-none-eabi/13.3 rel1/bin/../lib/gcc/arm-none-eabi/13.3.1/thumb/v7-m/nofp\libnosys.a(sbrk.o)
 .ARM.attributes
                0x00000cda       0x2d C:/PROGRA~2/Arm GNU Toolchain arm-none-eabi/13.3 rel1/bin/../lib/gcc/arm-none-eabi/13.3.1/thumb/v7-m/nofp\libnosys.a(_exit.o)
 .ARM.attributes
                0x00000d07       0x2d C:/PROGRA~2/Arm GNU Toolchain arm-none-eabi/13.3 rel1/bin/../lib/gcc/arm-none-eabi/13.3.1/thumb/v7-m/nofp/crtend.o
 .ARM.attributes
                0x00000d34       0x1d C:/PROGRA~2/Arm GNU Toolchain arm-none-eabi/13.3 rel1/bin/../lib/gcc/arm-none-eabi/13.3.1/thumb/v7-m/nofp/crtn.o
OUTPUT(STM32_BLDC_Hall.elf elf32-littlearm)
LOAD linker stubs
LOAD C:/PROGRA~2/Arm GNU Toolchain arm-none-eabi/13.3 rel1/bin/../lib/gcc/arm-none-eabi/13.3.1/thumb/v7-m/nofp\libc.a
LOAD C:/PROGRA~2/Arm GNU Toolchain arm-none-eabi/13.3 rel1/bin/../lib/gcc/arm-none-eabi/13.3.1/thumb/v7-m/nofp\libm.a
LOAD C:/PROGRA~2/Arm GNU Toolchain arm-none-eabi/13.3 rel1/bin/../lib/gcc/arm-none-eabi/13.3.1/thumb/v7-m/nofp\libgcc.a

.debug_info     0x00000000     0xa067
 .debug_info    0x00000000      0x771 CMakeFiles/STM32_BLDC_Hall.elf.dir/User_program/ADC_int.c.obj
 .debug_info    0x00000771      0x3d0 CMakeFiles/STM32_BLDC_Hall.elf.dir/User_program/GPIO_int.c.obj
 .debug_info    0x00000b41      0x2dd CMakeFiles/STM32_BLDC_Hall.elf.dir/User_program/IQ_math.c.obj
 .debug_info    0x00000e1e      0x199 CMakeFiles/STM32_BLDC_Hall.elf.dir/User_program/PI_Cale.c.obj
 .debug_info    0x00000fb7      0x2c3 CMakeFiles/STM32_BLDC_Hall.elf.dir/User_program/Task_function.c.obj
 .debug_info    0x0000127a      0x341 CMakeFiles/STM32_BLDC_Hall.elf.dir/User_program/ThreeHall.c.obj
 .debug_info    0x000015bb      0x8d4 CMakeFiles/STM32_BLDC_Hall.elf.dir/User_program/Tim1_ISR_MCLoop.c.obj
 .debug_info    0x00001e8f      0x8cb CMakeFiles/STM32_BLDC_Hall.elf.dir/User_program/Tim1_PWM.c.obj
 .debug_info    0x0000275a      0x517 CMakeFiles/STM32_BLDC_Hall.elf.dir/User_program/Tim4_Encoder_PWMDAC.c.obj
 .debug_info    0x00002c71      0xae2 CMakeFiles/STM32_BLDC_Hall.elf.dir/User_program/Timer.c.obj
 .debug_info    0x00003753      0xf7a CMakeFiles/STM32_BLDC_Hall.elf.dir/User_program/printf_uart.c.obj
 .debug_info    0x000046cd      0x4e3 CMakeFiles/STM32_BLDC_Hall.elf.dir/FWlib/src/misc.c.obj
 .debug_info    0x00004bb0      0xb3e CMakeFiles/STM32_BLDC_Hall.elf.dir/FWlib/src/stm32f10x_adc.c.obj
 .debug_info    0x000056ee      0x432 CMakeFiles/STM32_BLDC_Hall.elf.dir/FWlib/src/stm32f10x_dma.c.obj
 .debug_info    0x00005b20      0x6cc CMakeFiles/STM32_BLDC_Hall.elf.dir/FWlib/src/stm32f10x_gpio.c.obj
 .debug_info    0x000061ec      0x2f7 CMakeFiles/STM32_BLDC_Hall.elf.dir/FWlib/src/stm32f10x_it.c.obj
 .debug_info    0x000064e3      0x854 CMakeFiles/STM32_BLDC_Hall.elf.dir/FWlib/src/stm32f10x_rcc.c.obj
 .debug_info    0x00006d37     0x1bfd CMakeFiles/STM32_BLDC_Hall.elf.dir/FWlib/src/stm32f10x_tim.c.obj
 .debug_info    0x00008934      0x9ed CMakeFiles/STM32_BLDC_Hall.elf.dir/FWlib/src/stm32f10x_usart.c.obj
 .debug_info    0x00009321      0x8e5 CMakeFiles/STM32_BLDC_Hall.elf.dir/main.c.obj
 .debug_info    0x00009c06       0x30 CMakeFiles/STM32_BLDC_Hall.elf.dir/startup/startup_stm32f103xb.s.obj
 .debug_info    0x00009c36      0x431 CMakeFiles/STM32_BLDC_Hall.elf.dir/CMSIS/system_stm32f10x.c.obj

.debug_abbrev   0x00000000     0x22d1
 .debug_abbrev  0x00000000      0x20e CMakeFiles/STM32_BLDC_Hall.elf.dir/User_program/ADC_int.c.obj
 .debug_abbrev  0x0000020e      0x195 CMakeFiles/STM32_BLDC_Hall.elf.dir/User_program/GPIO_int.c.obj
 .debug_abbrev  0x000003a3      0x140 CMakeFiles/STM32_BLDC_Hall.elf.dir/User_program/IQ_math.c.obj
 .debug_abbrev  0x000004e3       0xed CMakeFiles/STM32_BLDC_Hall.elf.dir/User_program/PI_Cale.c.obj
 .debug_abbrev  0x000005d0       0xc4 CMakeFiles/STM32_BLDC_Hall.elf.dir/User_program/Task_function.c.obj
 .debug_abbrev  0x00000694      0x14f CMakeFiles/STM32_BLDC_Hall.elf.dir/User_program/ThreeHall.c.obj
 .debug_abbrev  0x000007e3      0x15b CMakeFiles/STM32_BLDC_Hall.elf.dir/User_program/Tim1_ISR_MCLoop.c.obj
 .debug_abbrev  0x0000093e      0x177 CMakeFiles/STM32_BLDC_Hall.elf.dir/User_program/Tim1_PWM.c.obj
 .debug_abbrev  0x00000ab5      0x129 CMakeFiles/STM32_BLDC_Hall.elf.dir/User_program/Tim4_Encoder_PWMDAC.c.obj
 .debug_abbrev  0x00000bde      0x26e CMakeFiles/STM32_BLDC_Hall.elf.dir/User_program/Timer.c.obj
 .debug_abbrev  0x00000e4c      0x35b CMakeFiles/STM32_BLDC_Hall.elf.dir/User_program/printf_uart.c.obj
 .debug_abbrev  0x000011a7      0x18a CMakeFiles/STM32_BLDC_Hall.elf.dir/FWlib/src/misc.c.obj
 .debug_abbrev  0x00001331      0x1da CMakeFiles/STM32_BLDC_Hall.elf.dir/FWlib/src/stm32f10x_adc.c.obj
 .debug_abbrev  0x0000150b      0x195 CMakeFiles/STM32_BLDC_Hall.elf.dir/FWlib/src/stm32f10x_dma.c.obj
 .debug_abbrev  0x000016a0      0x235 CMakeFiles/STM32_BLDC_Hall.elf.dir/FWlib/src/stm32f10x_gpio.c.obj
 .debug_abbrev  0x000018d5       0xd4 CMakeFiles/STM32_BLDC_Hall.elf.dir/FWlib/src/stm32f10x_it.c.obj
 .debug_abbrev  0x000019a9      0x1e1 CMakeFiles/STM32_BLDC_Hall.elf.dir/FWlib/src/stm32f10x_rcc.c.obj
 .debug_abbrev  0x00001b8a      0x1fb CMakeFiles/STM32_BLDC_Hall.elf.dir/FWlib/src/stm32f10x_tim.c.obj
 .debug_abbrev  0x00001d85      0x1bd CMakeFiles/STM32_BLDC_Hall.elf.dir/FWlib/src/stm32f10x_usart.c.obj
 .debug_abbrev  0x00001f42      0x1b6 CMakeFiles/STM32_BLDC_Hall.elf.dir/main.c.obj
 .debug_abbrev  0x000020f8       0x24 CMakeFiles/STM32_BLDC_Hall.elf.dir/startup/startup_stm32f103xb.s.obj
 .debug_abbrev  0x0000211c      0x1b5 CMakeFiles/STM32_BLDC_Hall.elf.dir/CMSIS/system_stm32f10x.c.obj

.debug_aranges  0x00000000      0xae8
 .debug_aranges
                0x00000000       0x40 CMakeFiles/STM32_BLDC_Hall.elf.dir/User_program/ADC_int.c.obj
 .debug_aranges
                0x00000040       0x70 CMakeFiles/STM32_BLDC_Hall.elf.dir/User_program/GPIO_int.c.obj
 .debug_aranges
                0x000000b0       0x38 CMakeFiles/STM32_BLDC_Hall.elf.dir/User_program/IQ_math.c.obj
 .debug_aranges
                0x000000e8       0x28 CMakeFiles/STM32_BLDC_Hall.elf.dir/User_program/PI_Cale.c.obj
 .debug_aranges
                0x00000110       0x28 CMakeFiles/STM32_BLDC_Hall.elf.dir/User_program/Task_function.c.obj
 .debug_aranges
                0x00000138       0x28 CMakeFiles/STM32_BLDC_Hall.elf.dir/User_program/ThreeHall.c.obj
 .debug_aranges
                0x00000160       0x20 CMakeFiles/STM32_BLDC_Hall.elf.dir/User_program/Tim1_ISR_MCLoop.c.obj
 .debug_aranges
                0x00000180       0x58 CMakeFiles/STM32_BLDC_Hall.elf.dir/User_program/Tim1_PWM.c.obj
 .debug_aranges
                0x000001d8       0x20 CMakeFiles/STM32_BLDC_Hall.elf.dir/User_program/Tim4_Encoder_PWMDAC.c.obj
 .debug_aranges
                0x000001f8       0x50 CMakeFiles/STM32_BLDC_Hall.elf.dir/User_program/Timer.c.obj
 .debug_aranges
                0x00000248       0x60 CMakeFiles/STM32_BLDC_Hall.elf.dir/User_program/printf_uart.c.obj
 .debug_aranges
                0x000002a8       0x40 CMakeFiles/STM32_BLDC_Hall.elf.dir/FWlib/src/misc.c.obj
 .debug_aranges
                0x000002e8      0x138 CMakeFiles/STM32_BLDC_Hall.elf.dir/FWlib/src/stm32f10x_adc.c.obj
 .debug_aranges
                0x00000420       0x70 CMakeFiles/STM32_BLDC_Hall.elf.dir/FWlib/src/stm32f10x_dma.c.obj
 .debug_aranges
                0x00000490       0xa8 CMakeFiles/STM32_BLDC_Hall.elf.dir/FWlib/src/stm32f10x_gpio.c.obj
 .debug_aranges
                0x00000538       0x20 CMakeFiles/STM32_BLDC_Hall.elf.dir/FWlib/src/stm32f10x_it.c.obj
 .debug_aranges
                0x00000558      0x118 CMakeFiles/STM32_BLDC_Hall.elf.dir/FWlib/src/stm32f10x_rcc.c.obj
 .debug_aranges
                0x00000670      0x2f0 CMakeFiles/STM32_BLDC_Hall.elf.dir/FWlib/src/stm32f10x_tim.c.obj
 .debug_aranges
                0x00000960      0x100 CMakeFiles/STM32_BLDC_Hall.elf.dir/FWlib/src/stm32f10x_usart.c.obj
 .debug_aranges
                0x00000a60       0x28 CMakeFiles/STM32_BLDC_Hall.elf.dir/main.c.obj
 .debug_aranges
                0x00000a88       0x28 CMakeFiles/STM32_BLDC_Hall.elf.dir/startup/startup_stm32f103xb.s.obj
 .debug_aranges
                0x00000ab0       0x38 CMakeFiles/STM32_BLDC_Hall.elf.dir/CMSIS/system_stm32f10x.c.obj

.debug_rnglists
                0x00000000      0x7fa
 .debug_rnglists
                0x00000000       0x2d CMakeFiles/STM32_BLDC_Hall.elf.dir/User_program/ADC_int.c.obj
 .debug_rnglists
                0x0000002d       0x4f CMakeFiles/STM32_BLDC_Hall.elf.dir/User_program/GPIO_int.c.obj
 .debug_rnglists
                0x0000007c       0x28 CMakeFiles/STM32_BLDC_Hall.elf.dir/User_program/IQ_math.c.obj
 .debug_rnglists
                0x000000a4       0x1a CMakeFiles/STM32_BLDC_Hall.elf.dir/User_program/PI_Cale.c.obj
 .debug_rnglists
                0x000000be       0x1a CMakeFiles/STM32_BLDC_Hall.elf.dir/User_program/Task_function.c.obj
 .debug_rnglists
                0x000000d8       0x1a CMakeFiles/STM32_BLDC_Hall.elf.dir/User_program/ThreeHall.c.obj
 .debug_rnglists
                0x000000f2       0x14 CMakeFiles/STM32_BLDC_Hall.elf.dir/User_program/Tim1_ISR_MCLoop.c.obj
 .debug_rnglists
                0x00000106       0x3e CMakeFiles/STM32_BLDC_Hall.elf.dir/User_program/Tim1_PWM.c.obj
 .debug_rnglists
                0x00000144       0x14 CMakeFiles/STM32_BLDC_Hall.elf.dir/User_program/Tim4_Encoder_PWMDAC.c.obj
 .debug_rnglists
                0x00000158       0x39 CMakeFiles/STM32_BLDC_Hall.elf.dir/User_program/Timer.c.obj
 .debug_rnglists
                0x00000191       0x51 CMakeFiles/STM32_BLDC_Hall.elf.dir/User_program/printf_uart.c.obj
 .debug_rnglists
                0x000001e2       0x2c CMakeFiles/STM32_BLDC_Hall.elf.dir/FWlib/src/misc.c.obj
 .debug_rnglists
                0x0000020e       0xe8 CMakeFiles/STM32_BLDC_Hall.elf.dir/FWlib/src/stm32f10x_adc.c.obj
 .debug_rnglists
                0x000002f6       0x50 CMakeFiles/STM32_BLDC_Hall.elf.dir/FWlib/src/stm32f10x_dma.c.obj
 .debug_rnglists
                0x00000346       0x7d CMakeFiles/STM32_BLDC_Hall.elf.dir/FWlib/src/stm32f10x_gpio.c.obj
 .debug_rnglists
                0x000003c3       0x13 CMakeFiles/STM32_BLDC_Hall.elf.dir/FWlib/src/stm32f10x_it.c.obj
 .debug_rnglists
                0x000003d6       0xce CMakeFiles/STM32_BLDC_Hall.elf.dir/FWlib/src/stm32f10x_rcc.c.obj
 .debug_rnglists
                0x000004a4      0x23d CMakeFiles/STM32_BLDC_Hall.elf.dir/FWlib/src/stm32f10x_tim.c.obj
 .debug_rnglists
                0x000006e1       0xbf CMakeFiles/STM32_BLDC_Hall.elf.dir/FWlib/src/stm32f10x_usart.c.obj
 .debug_rnglists
                0x000007a0       0x1a CMakeFiles/STM32_BLDC_Hall.elf.dir/main.c.obj
 .debug_rnglists
                0x000007ba       0x19 CMakeFiles/STM32_BLDC_Hall.elf.dir/startup/startup_stm32f103xb.s.obj
 .debug_rnglists
                0x000007d3       0x27 CMakeFiles/STM32_BLDC_Hall.elf.dir/CMSIS/system_stm32f10x.c.obj

.debug_line     0x00000000     0x6706
 .debug_line    0x00000000      0x3e1 CMakeFiles/STM32_BLDC_Hall.elf.dir/User_program/ADC_int.c.obj
 .debug_line    0x000003e1      0x399 CMakeFiles/STM32_BLDC_Hall.elf.dir/User_program/GPIO_int.c.obj
 .debug_line    0x0000077a      0x426 CMakeFiles/STM32_BLDC_Hall.elf.dir/User_program/IQ_math.c.obj
 .debug_line    0x00000ba0      0x22f CMakeFiles/STM32_BLDC_Hall.elf.dir/User_program/PI_Cale.c.obj
 .debug_line    0x00000dcf      0x262 CMakeFiles/STM32_BLDC_Hall.elf.dir/User_program/Task_function.c.obj
 .debug_line    0x00001031      0x495 CMakeFiles/STM32_BLDC_Hall.elf.dir/User_program/ThreeHall.c.obj
 .debug_line    0x000014c6      0x306 CMakeFiles/STM32_BLDC_Hall.elf.dir/User_program/Tim1_ISR_MCLoop.c.obj
 .debug_line    0x000017cc      0x32c CMakeFiles/STM32_BLDC_Hall.elf.dir/User_program/Tim1_PWM.c.obj
 .debug_line    0x00001af8      0x285 CMakeFiles/STM32_BLDC_Hall.elf.dir/User_program/Tim4_Encoder_PWMDAC.c.obj
 .debug_line    0x00001d7d      0x4c9 CMakeFiles/STM32_BLDC_Hall.elf.dir/User_program/Timer.c.obj
 .debug_line    0x00002246      0x50e CMakeFiles/STM32_BLDC_Hall.elf.dir/User_program/printf_uart.c.obj
 .debug_line    0x00002754      0x307 CMakeFiles/STM32_BLDC_Hall.elf.dir/FWlib/src/misc.c.obj
 .debug_line    0x00002a5b      0x87a CMakeFiles/STM32_BLDC_Hall.elf.dir/FWlib/src/stm32f10x_adc.c.obj
 .debug_line    0x000032d5      0x46a CMakeFiles/STM32_BLDC_Hall.elf.dir/FWlib/src/stm32f10x_dma.c.obj
 .debug_line    0x0000373f      0x5ba CMakeFiles/STM32_BLDC_Hall.elf.dir/FWlib/src/stm32f10x_gpio.c.obj
 .debug_line    0x00003cf9      0x222 CMakeFiles/STM32_BLDC_Hall.elf.dir/FWlib/src/stm32f10x_it.c.obj
 .debug_line    0x00003f1b      0x776 CMakeFiles/STM32_BLDC_Hall.elf.dir/FWlib/src/stm32f10x_rcc.c.obj
 .debug_line    0x00004691     0x1259 CMakeFiles/STM32_BLDC_Hall.elf.dir/FWlib/src/stm32f10x_tim.c.obj
 .debug_line    0x000058ea      0x74a CMakeFiles/STM32_BLDC_Hall.elf.dir/FWlib/src/stm32f10x_usart.c.obj
 .debug_line    0x00006034      0x32a CMakeFiles/STM32_BLDC_Hall.elf.dir/main.c.obj
 .debug_line    0x0000635e       0x79 CMakeFiles/STM32_BLDC_Hall.elf.dir/startup/startup_stm32f103xb.s.obj
 .debug_line    0x000063d7      0x32f CMakeFiles/STM32_BLDC_Hall.elf.dir/CMSIS/system_stm32f10x.c.obj

.debug_str      0x00000000     0x3834
 .debug_str     0x00000000     0x3834 CMakeFiles/STM32_BLDC_Hall.elf.dir/User_program/ADC_int.c.obj
                                0x736 (size before relaxing)
 .debug_str     0x00003834      0x445 CMakeFiles/STM32_BLDC_Hall.elf.dir/User_program/GPIO_int.c.obj
 .debug_str     0x00003834      0x2e2 CMakeFiles/STM32_BLDC_Hall.elf.dir/User_program/IQ_math.c.obj
 .debug_str     0x00003834      0x247 CMakeFiles/STM32_BLDC_Hall.elf.dir/User_program/PI_Cale.c.obj
 .debug_str     0x00003834      0x389 CMakeFiles/STM32_BLDC_Hall.elf.dir/User_program/Task_function.c.obj
 .debug_str     0x00003834      0x409 CMakeFiles/STM32_BLDC_Hall.elf.dir/User_program/ThreeHall.c.obj
 .debug_str     0x00003834      0x819 CMakeFiles/STM32_BLDC_Hall.elf.dir/User_program/Tim1_ISR_MCLoop.c.obj
 .debug_str     0x00003834      0xa19 CMakeFiles/STM32_BLDC_Hall.elf.dir/User_program/Tim1_PWM.c.obj
 .debug_str     0x00003834      0x559 CMakeFiles/STM32_BLDC_Hall.elf.dir/User_program/Tim4_Encoder_PWMDAC.c.obj
 .debug_str     0x00003834      0x9f8 CMakeFiles/STM32_BLDC_Hall.elf.dir/User_program/Timer.c.obj
 .debug_str     0x00003834      0xc39 CMakeFiles/STM32_BLDC_Hall.elf.dir/User_program/printf_uart.c.obj
 .debug_str     0x00003834      0x431 CMakeFiles/STM32_BLDC_Hall.elf.dir/FWlib/src/misc.c.obj
 .debug_str     0x00003834      0x78b CMakeFiles/STM32_BLDC_Hall.elf.dir/FWlib/src/stm32f10x_adc.c.obj
 .debug_str     0x00003834      0x430 CMakeFiles/STM32_BLDC_Hall.elf.dir/FWlib/src/stm32f10x_dma.c.obj
 .debug_str     0x00003834      0x5a9 CMakeFiles/STM32_BLDC_Hall.elf.dir/FWlib/src/stm32f10x_gpio.c.obj
 .debug_str     0x00003834      0x353 CMakeFiles/STM32_BLDC_Hall.elf.dir/FWlib/src/stm32f10x_it.c.obj
 .debug_str     0x00003834      0x693 CMakeFiles/STM32_BLDC_Hall.elf.dir/FWlib/src/stm32f10x_rcc.c.obj
 .debug_str     0x00003834      0xe84 CMakeFiles/STM32_BLDC_Hall.elf.dir/FWlib/src/stm32f10x_tim.c.obj
 .debug_str     0x00003834      0x749 CMakeFiles/STM32_BLDC_Hall.elf.dir/FWlib/src/stm32f10x_usart.c.obj
 .debug_str     0x00003834      0x81a CMakeFiles/STM32_BLDC_Hall.elf.dir/main.c.obj
 .debug_str     0x00003834       0xbc CMakeFiles/STM32_BLDC_Hall.elf.dir/startup/startup_stm32f103xb.s.obj
 .debug_str     0x00003834      0x355 CMakeFiles/STM32_BLDC_Hall.elf.dir/CMSIS/system_stm32f10x.c.obj

.comment        0x00000000       0x45
 .comment       0x00000000       0x45 CMakeFiles/STM32_BLDC_Hall.elf.dir/User_program/ADC_int.c.obj
                                 0x46 (size before relaxing)
 .comment       0x00000045       0x46 CMakeFiles/STM32_BLDC_Hall.elf.dir/User_program/GPIO_int.c.obj
 .comment       0x00000045       0x46 CMakeFiles/STM32_BLDC_Hall.elf.dir/User_program/IQ_math.c.obj
 .comment       0x00000045       0x46 CMakeFiles/STM32_BLDC_Hall.elf.dir/User_program/PI_Cale.c.obj
 .comment       0x00000045       0x46 CMakeFiles/STM32_BLDC_Hall.elf.dir/User_program/Task_function.c.obj
 .comment       0x00000045       0x46 CMakeFiles/STM32_BLDC_Hall.elf.dir/User_program/ThreeHall.c.obj
 .comment       0x00000045       0x46 CMakeFiles/STM32_BLDC_Hall.elf.dir/User_program/Tim1_ISR_MCLoop.c.obj
 .comment       0x00000045       0x46 CMakeFiles/STM32_BLDC_Hall.elf.dir/User_program/Tim1_PWM.c.obj
 .comment       0x00000045       0x46 CMakeFiles/STM32_BLDC_Hall.elf.dir/User_program/Tim4_Encoder_PWMDAC.c.obj