Archive member included to satisfy reference by file (symbol)

C:/PROGRA~2/Arm GNU Toolchain arm-none-eabi/13.3 rel1/bin/../lib/gcc/arm-none-eabi/13.3.1/thumb/v7-m/nofp\libgcc.a(_arm_mulsf3.o)
                              CMakeFiles/STM32_BLDC_Hall.elf.dir/User_program/Fuzzy_Control.c.obj (__aeabi_fmul)
C:/PROGRA~2/Arm GNU Toolchain arm-none-eabi/13.3 rel1/bin/../lib/gcc/arm-none-eabi/13.3.1/thumb/v7-m/nofp\libgcc.a(_arm_addsubdf3.o)
                              CMakeFiles/STM32_BLDC_Hall.elf.dir/User_program/Timer.c.obj (__aeabi_f2d)
C:/PROGRA~2/Arm GNU Toolchain arm-none-eabi/13.3 rel1/bin/../lib/gcc/arm-none-eabi/13.3.1/thumb/v7-m/nofp\libgcc.a(_arm_addsubsf3.o)
                              CMakeFiles/STM32_BLDC_Hall.elf.dir/User_program/Fuzzy_Control.c.obj (__aeabi_fsub)
C:/PROGRA~2/Arm GNU Toolchain arm-none-eabi/13.3 rel1/bin/../lib/gcc/arm-none-eabi/13.3.1/thumb/v7-m/nofp\libgcc.a(_arm_muldivsf3.o)
                              CMakeFiles/STM32_BLDC_Hall.elf.dir/User_program/Fuzzy_Control.c.obj (__aeabi_fdiv)
C:/PROGRA~2/Arm GNU Toolchain arm-none-eabi/13.3 rel1/bin/../lib/gcc/arm-none-eabi/13.3.1/thumb/v7-m/nofp\libgcc.a(_arm_cmpsf2.o)
                              CMakeFiles/STM32_BLDC_Hall.elf.dir/User_program/Fuzzy_Control.c.obj (__aeabi_fcmpeq)
C:/PROGRA~2/Arm GNU Toolchain arm-none-eabi/13.3 rel1/bin/../lib/gcc/arm-none-eabi/13.3.1/thumb/v7-m/nofp\libgcc.a(_arm_fixunssfsi.o)
                              CMakeFiles/STM32_BLDC_Hall.elf.dir/User_program/Tim1_ISR_MCLoop.c.obj (__aeabi_f2uiz)
C:/PROGRA~2/Arm GNU Toolchain arm-none-eabi/13.3 rel1/bin/../lib/gcc/arm-none-eabi/13.3.1/thumb/v7-m/nofp\libg_nano.a(libc_a-exit.o)
                              C:/PROGRA~2/Arm GNU Toolchain arm-none-eabi/13.3 rel1/bin/../lib/gcc/arm-none-eabi/13.3.1/thumb/v7-m/nofp/crt0.o (exit)
C:/PROGRA~2/Arm GNU Toolchain arm-none-eabi/13.3 rel1/bin/../lib/gcc/arm-none-eabi/13.3.1/thumb/v7-m/nofp\libg_nano.a(libc_a-nano-vfprintf_float.o)
                              (_printf_float)
C:/PROGRA~2/Arm GNU Toolchain arm-none-eabi/13.3 rel1/bin/../lib/gcc/arm-none-eabi/13.3.1/thumb/v7-m/nofp\libg_nano.a(libc_a-nano-vfprintf_i.o)
                              C:/PROGRA~2/Arm GNU Toolchain arm-none-eabi/13.3 rel1/bin/../lib/gcc/arm-none-eabi/13.3.1/thumb/v7-m/nofp\libg_nano.a(libc_a-nano-vfprintf_float.o) (_printf_common)
C:/PROGRA~2/Arm GNU Toolchain arm-none-eabi/13.3 rel1/bin/../lib/gcc/arm-none-eabi/13.3.1/thumb/v7-m/nofp\libg_nano.a(libc_a-findfp.o)
                              C:/PROGRA~2/Arm GNU Toolchain arm-none-eabi/13.3 rel1/bin/../lib/gcc/arm-none-eabi/13.3.1/thumb/v7-m/nofp\libg_nano.a(libc_a-exit.o) (__stdio_exit_handler)
C:/PROGRA~2/Arm GNU Toolchain arm-none-eabi/13.3 rel1/bin/../lib/gcc/arm-none-eabi/13.3.1/thumb/v7-m/nofp\libg_nano.a(libc_a-fwalk.o)
                              C:/PROGRA~2/Arm GNU Toolchain arm-none-eabi/13.3 rel1/bin/../lib/gcc/arm-none-eabi/13.3.1/thumb/v7-m/nofp\libg_nano.a(libc_a-findfp.o) (_fwalk_sglue)
C:/PROGRA~2/Arm GNU Toolchain arm-none-eabi/13.3 rel1/bin/../lib/gcc/arm-none-eabi/13.3.1/thumb/v7-m/nofp\libg_nano.a(libc_a-printf.o)
                              CMakeFiles/STM32_BLDC_Hall.elf.dir/User_program/Timer.c.obj (printf)
C:/PROGRA~2/Arm GNU Toolchain arm-none-eabi/13.3 rel1/bin/../lib/gcc/arm-none-eabi/13.3.1/thumb/v7-m/nofp\libg_nano.a(libc_a-puts.o)
                              CMakeFiles/STM32_BLDC_Hall.elf.dir/User_program/hello_world.c.obj (puts)
C:/PROGRA~2/Arm GNU Toolchain arm-none-eabi/13.3 rel1/bin/../lib/gcc/arm-none-eabi/13.3.1/thumb/v7-m/nofp\libg_nano.a(libc_a-setvbuf.o)
                              CMakeFiles/STM32_BLDC_Hall.elf.dir/User_program/printf_uart.c.obj (setvbuf)
C:/PROGRA~2/Arm GNU Toolchain arm-none-eabi/13.3 rel1/bin/../lib/gcc/arm-none-eabi/13.3.1/thumb/v7-m/nofp\libg_nano.a(libc_a-stdio.o)
                              C:/PROGRA~2/Arm GNU Toolchain arm-none-eabi/13.3 rel1/bin/../lib/gcc/arm-none-eabi/13.3.1/thumb/v7-m/nofp\libg_nano.a(libc_a-findfp.o) (__sread)
C:/PROGRA~2/Arm GNU Toolchain arm-none-eabi/13.3 rel1/bin/../lib/gcc/arm-none-eabi/13.3.1/thumb/v7-m/nofp\libg_nano.a(libc_a-wbuf.o)
                              C:/PROGRA~2/Arm GNU Toolchain arm-none-eabi/13.3 rel1/bin/../lib/gcc/arm-none-eabi/13.3.1/thumb/v7-m/nofp\libg_nano.a(libc_a-puts.o) (__swbuf_r)
C:/PROGRA~2/Arm GNU Toolchain arm-none-eabi/13.3 rel1/bin/../lib/gcc/arm-none-eabi/13.3.1/thumb/v7-m/nofp\libg_nano.a(libc_a-wsetup.o)
                              C:/PROGRA~2/Arm GNU Toolchain arm-none-eabi/13.3 rel1/bin/../lib/gcc/arm-none-eabi/13.3.1/thumb/v7-m/nofp\libg_nano.a(libc_a-puts.o) (__swsetup_r)
C:/PROGRA~2/Arm GNU Toolchain arm-none-eabi/13.3 rel1/bin/../lib/gcc/arm-none-eabi/13.3.1/thumb/v7-m/nofp\libg_nano.a(libc_a-memset.o)
                              C:/PROGRA~2/Arm GNU Toolchain arm-none-eabi/13.3 rel1/bin/../lib/gcc/arm-none-eabi/13.3.1/thumb/v7-m/nofp/crt0.o (memset)
[...]
Memory Configuration

Name             Origin             Length             Attributes
RAM              0x20000000         0x00005000         xrw
FLASH            0x08000000         0x00010000         xr
*default*        0x00000000         0xffffffff

Linker script and memory map

LOAD C:/PROGRA~2/Arm GNU Toolchain arm-none-eabi/13.3 rel1/bin/../lib/gcc/arm-none-eabi/13.3.1/thumb/v7-m/nofp/crti.o
LOAD C:/PROGRA~2/Arm GNU Toolchain arm-none-eabi/13.3 rel1/bin/../lib/gcc/arm-none-eabi/13.3.1/thumb/v7-m/nofp/crtbegin.o
LOAD C:/PROGRA~2/Arm GNU Toolchain arm-none-eabi/13.3 rel1/bin/../lib/gcc/arm-none-eabi/13.3.1/thumb/v7-m/nofp/crt0.o
LOAD CMakeFiles/STM32_BLDC_Hall.elf.dir/User_program/ADC_int.c.obj
LOAD CMakeFiles/STM32_BLDC_Hall.elf.dir/User_program/Fuzzy_Control.c.obj
LOAD CMakeFiles/STM32_BLDC_Hall.elf.dir/User_program/GPIO_int.c.obj
LOAD CMakeFiles/STM32_BLDC_Hall.elf.dir/User_program/IQ_math.c.obj
LOAD CMakeFiles/STM32_BLDC_Hall.elf.dir/User_program/PI_Cale.c.obj
LOAD CMakeFiles/STM32_BLDC_Hall.elf.dir/User_program/Task_function.c.obj
LOAD CMakeFiles/STM32_BLDC_Hall.elf.dir/User_program/ThreeHall.c.obj
LOAD CMakeFiles/STM32_BLDC_Hall.elf.dir/User_program/Tim1_ISR_MCLoop.c.obj
LOAD CMakeFiles/STM32_BLDC_Hall.elf.dir/User_program/Tim1_PWM.c.obj
LOAD CMakeFiles/STM32_BLDC_Hall.elf.dir/User_program/Tim4_Encoder_PWMDAC.c.obj
LOAD CMakeFiles/STM32_BLDC_Hall.elf.dir/User_program/Timer.c.obj
LOAD CMakeFiles/STM32_BLDC_Hall.elf.dir/User_program/hello_world.c.obj
LOAD CMakeFiles/STM32_BLDC_Hall.elf.dir/User_program/printf_uart.c.obj
LOAD CMakeFiles/STM32_BLDC_Hall.elf.dir/FWlib/src/misc.c.obj
LOAD CMakeFiles/STM32_BLDC_Hall.elf.dir/FWlib/src/stm32f10x_adc.c.obj
LOAD CMakeFiles/STM32_BLDC_Hall.elf.dir/FWlib/src/stm32f10x_bkp.c.obj
LOAD CMakeFiles/STM32_BLDC_Hall.elf.dir/FWlib/src/stm32f10x_can.c.obj
LOAD CMakeFiles/STM32_BLDC_Hall.elf.dir/FWlib/src/stm32f10x_cec.c.obj
LOAD CMakeFiles/STM32_BLDC_Hall.elf.dir/FWlib/src/stm32f10x_crc.c.obj
LOAD CMakeFiles/STM32_BLDC_Hall.elf.dir/FWlib/src/stm32f10x_dac.c.obj
LOAD CMakeFiles/STM32_BLDC_Hall.elf.dir/FWlib/src/stm32f10x_dbgmcu.c.obj
LOAD CMakeFiles/STM32_BLDC_Hall.elf.dir/FWlib/src/stm32f10x_dma.c.obj
LOAD CMakeFiles/STM32_BLDC_Hall.elf.dir/FWlib/src/stm32f10x_exti.c.obj
LOAD CMakeFiles/STM32_BLDC_Hall.elf.dir/FWlib/src/stm32f10x_flash.c.obj
LOAD CMakeFiles/STM32_BLDC_Hall.elf.dir/FWlib/src/stm32f10x_fsmc.c.obj
LOAD CMakeFiles/STM32_BLDC_Hall.elf.dir/FWlib/src/stm32f10x_gpio.c.obj
LOAD CMakeFiles/STM32_BLDC_Hall.elf.dir/FWlib/src/stm32f10x_i2c.c.obj
LOAD CMakeFiles/STM32_BLDC_Hall.elf.dir/FWlib/src/stm32f10x_it.c.obj
LOAD CMakeFiles/STM32_BLDC_Hall.elf.dir/FWlib/src/stm32f10x_iwdg.c.obj
LOAD CMakeFiles/STM32_BLDC_Hall.elf.dir/FWlib/src/stm32f10x_pwr.c.obj
LOAD CMakeFiles/STM32_BLDC_Hall.elf.dir/FWlib/src/stm32f10x_rcc.c.obj
LOAD CMakeFiles/STM32_BLDC_Hall.elf.dir/FWlib/src/stm32f10x_rtc.c.obj
LOAD CMakeFiles/STM32_BLDC_Hall.elf.dir/FWlib/src/stm32f10x_sdio.c.obj
LOAD CMakeFiles/STM32_BLDC_Hall.elf.dir/FWlib/src/stm32f10x_spi.c.obj
LOAD CMakeFiles/STM32_BLDC_Hall.elf.dir/FWlib/src/stm32f10x_tim.c.obj
LOAD CMakeFiles/STM32_BLDC_Hall.elf.dir/FWlib/src/stm32f10x_usart.c.obj
LOAD CMakeFiles/STM32_BLDC_Hall.elf.dir/FWlib/src/stm32f10x_wwdg.c.obj
LOAD CMakeFiles/STM32_BLDC_Hall.elf.dir/main.c.obj
LOAD CMakeFiles/STM32_BLDC_Hall.elf.dir/startup/startup_stm32f103xb.s.obj
LOAD CMakeFiles/STM32_BLDC_Hall.elf.dir/CMSIS/core_cm3.c.obj
LOAD CMakeFiles/STM32_BLDC_Hall.elf.dir/CMSIS/system_stm32f10x.c.obj
START GROUP
LOAD C:/PROGRA~2/Arm GNU Toolchain arm-none-eabi/13.3 rel1/bin/../lib/gcc/arm-none-eabi/13.3.1/thumb/v7-m/nofp\libgcc.a
LOAD C:/PROGRA~2/Arm GNU Toolchain arm-none-eabi/13.3 rel1/bin/../lib/gcc/arm-none-eabi/13.3.1/thumb/v7-m/nofp\libg_nano.a
LOAD C:/PROGRA~2/Arm GNU Toolchain arm-none-eabi/13.3 rel1/bin/../lib/gcc/arm-none-eabi/13.3.1/thumb/v7-m/nofp\libc_nano.a
END GROUP
START GROUP
LOAD C:/PROGRA~2/Arm GNU Toolchain arm-none-eabi/13.3 rel1/bin/../lib/gcc/arm-none-eabi/13.3.1/thumb/v7-m/nofp\libgcc.a
LOAD C:/PROGRA~2/Arm GNU Toolchain arm-none-eabi/13.3 rel1/bin/../lib/gcc/arm-none-eabi/13.3.1/thumb/v7-m/nofp\libc_nano.a
LOAD C:/PROGRA~2/Arm GNU Toolchain arm-none-eabi/13.3 rel1/bin/../lib/gcc/arm-none-eabi/13.3.1/thumb/v7-m/nofp\libnosys.a
END GROUP
START GROUP
LOAD C:/PROGRA~2/Arm GNU Toolchain arm-none-eabi/13.3 rel1/bin/../lib/gcc/arm-none-eabi/13.3.1/thumb/v7-m/nofp\libgcc.a
LOAD C:/PROGRA~2/Arm GNU Toolchain arm-none-eabi/13.3 rel1/bin/../lib/gcc/arm-none-eabi/13.3.1/thumb/v7-m/nofp\libc_nano.a
LOAD C:/PROGRA~2/Arm GNU Toolchain arm-none-eabi/13.3 rel1/bin/../lib/gcc/arm-none-eabi/13.3.1/thumb/v7-m/nofp\libnosys.a
END GROUP
LOAD C:/PROGRA~2/Arm GNU Toolchain arm-none-eabi/13.3 rel1/bin/../lib/gcc/arm-none-eabi/13.3.1/thumb/v7-m/nofp/crtend.o
LOAD C:/PROGRA~2/Arm GNU Toolchain arm-none-eabi/13.3 rel1/bin/../lib/gcc/arm-none-eabi/13.3.1/thumb/v7-m/nofp/crtn.o
                0x20005000                        _estack = 0x20005000
                0x00000200                        _Min_Heap_Size = 0x200
                0x00000400                        _Min_Stack_Size = 0x400

.isr_vector     0x08000000      0x10c
                0x08000000                        . = ALIGN (0x4)
 *(.isr_vector)
 .isr_vector    0x08000000      0x10c CMakeFiles/STM32_BLDC_Hall.elf.dir/startup/startup_stm32f103xb.s.obj
                0x08000000                g_pfnVectors
                0x0800010c                        . = ALIGN (0x4)

.text           0x08000110     0x70a8
                0x08000110                        . = ALIGN (0x4)
 *(.text)
 .text          0x08000110      0x378 C:/PROGRA~2/Arm GNU Toolchain arm-none-eabi/13.3 rel1/bin/../lib/gcc/arm-none-eabi/13.3.1/thumb/v7-m/nofp\libgcc.a(_arm_addsubdf3.o)
                0x08000110                __aeabi_drsub
                0x08000118                __aeabi_dsub
                0x08000118                __subdf3
                0x0800011c                __aeabi_dadd
                0x0800011c                __adddf3
                0x08000394                __floatunsidf
                0x08000394                __aeabi_ui2d
                0x080003b4                __floatsidf
                0x080003b4                __aeabi_i2d
                0x080003d8                __aeabi_f2d
                0x080003d8                __extendsfdf2
                0x0800041c                __floatundidf
                0x0800041c                __aeabi_ul2d
                0x0800042c                __floatdidf
                0x0800042c                __aeabi_l2d
 .text          0x08000488      0x21c C:/PROGRA~2/Arm GNU Toolchain arm-none-eabi/13.3 rel1/bin/../lib/gcc/arm-none-eabi/13.3.1/thumb/v7-m/nofp\libgcc.a(_arm_addsubsf3.o)
                0x08000488                __aeabi_frsub
                0x08000490                __subsf3
                0x08000490                __aeabi_fsub
                0x08000494                __aeabi_fadd
                0x08000494                __addsf3
                0x080005f4                __aeabi_ui2f
                0x080005f4                __floatunsisf
                0x080005fc                __aeabi_i2f
                0x080005fc                __floatsisf
                0x08000618                __aeabi_ul2f
                0x08000618                __floatundisf
                0x08000628                __aeabi_l2f
                0x08000628                __floatdisf
 .text          0x080006a4      0x2a0 C:/PROGRA~2/Arm GNU Toolchain arm-none-eabi/13.3 rel1/bin/../lib/gcc/arm-none-eabi/13.3.1/thumb/v7-m/nofp\libgcc.a(_arm_muldivsf3.o)
                0x080006a4                __mulsf3
                0x080006a4                __aeabi_fmul
                0x0800080c                __aeabi_fdiv
                0x0800080c                __divsf3
 .text          0x08000944       0xec C:/PROGRA~2/Arm GNU Toolchain arm-none-eabi/13.3 rel1/bin/../lib/gcc/arm-none-eabi/13.3.1/thumb/v7-m/nofp\libgcc.a(_arm_cmpsf2.o)
                0x08000944                __gesf2
                0x08000944                __gtsf2
                0x0800094c                __lesf2
                0x0800094c                __ltsf2
                0x08000954                __nesf2
                0x08000954                __eqsf2
                0x08000954                __cmpsf2
                0x080009b4                __aeabi_cfrcmple
                0x080009bc                __aeabi_cfcmpeq
                0x080009bc                __aeabi_cfcmple
                0x080009cc                __aeabi_fcmpeq
                0x080009e0                __aeabi_fcmplt
                0x080009f4                __aeabi_fcmple
                0x08000a08                __aeabi_fcmpge
                0x08000a1c                __aeabi_fcmpgt
 .text          0x08000a30       0x40 C:/PROGRA~2/Arm GNU Toolchain arm-none-eabi/13.3 rel1/bin/../lib/gcc/arm-none-eabi/13.3.1/thumb/v7-m/nofp\libgcc.a(_arm_fixunssfsi.o)
                0x08000a30                __fixunssfsi
                0x08000a30                __aeabi_f2uiz
 .text          0x08000a70       0x14 C:/PROGRA~2/Arm GNU Toolchain arm-none-eabi/13.3 rel1/bin/../lib/gcc/arm-none-eabi/13.3.1/thumb/v7-m/nofp\libg_nano.a(libc_a-strcmp.o)
                0x08000a70                strcmp
 .text          0x08000a84       0x10 C:/PROGRA~2/Arm GNU Toolchain arm-none-eabi/13.3 rel1/bin/../lib/gcc/arm-none-eabi/13.3.1/thumb/v7-m/nofp\libg_nano.a(libc_a-strlen.o)
                0x08000a84                strlen
 .text          0x08000a94      0x424 C:/PROGRA~2/Arm GNU Toolchain arm-none-eabi/13.3 rel1/bin/../lib/gcc/arm-none-eabi/13.3.1/thumb/v7-m/nofp\libgcc.a(_arm_muldivdf3.o)
                0x08000a94                __aeabi_dmul
                0x08000a94                __muldf3
                0x08000ce8                __divdf3
                0x08000ce8                __aeabi_ddiv
 .text          0x08000eb8      0x110 C:/PROGRA~2/Arm GNU Toolchain arm-none-eabi/13.3 rel1/bin/../lib/gcc/arm-none-eabi/13.3.1/thumb/v7-m/nofp\libgcc.a(_arm_cmpdf2.o)
                0x08000eb8                __gtdf2
                0x08000eb8                __gedf2
                0x08000ec0                __ltdf2
                0x08000ec0                __ledf2
                0x08000ec8                __nedf2
                0x08000ec8                __eqdf2
                0x08000ec8                __cmpdf2
                0x08000f44                __aeabi_cdrcmple
                0x08000f54                __aeabi_cdcmpeq
                0x08000f54                __aeabi_cdcmple
                0x08000f64                __aeabi_dcmpeq
                0x08000f78                __aeabi_dcmplt
                0x08000f8c                __aeabi_dcmple
                0x08000fa0                __aeabi_dcmpge
                0x08000fb4                __aeabi_dcmpgt
 .text          0x08000fc8       0x2c C:/PROGRA~2/Arm GNU Toolchain arm-none-eabi/13.3 rel1/bin/../lib/gcc/arm-none-eabi/13.3.1/thumb/v7-m/nofp\libgcc.a(_arm_unorddf2.o)
                0x08000fc8                __unorddf2
                0x08000fc8                __aeabi_dcmpun
 .text          0x08000ff4       0x50 C:/PROGRA~2/Arm GNU Toolchain arm-none-eabi/13.3 rel1/bin/../lib/gcc/arm-none-eabi/13.3.1/thumb/v7-m/nofp\libgcc.a(_arm_fixdfsi.o)
                0x08000ff4                __aeabi_d2iz
                0x08000ff4                __fixdfsi
 *(.text*)
 .text.deregister_tm_clones
                0x08001044       0x1c C:/PROGRA~2/Arm GNU Toolchain arm-none-eabi/13.3 rel1/bin/../lib/gcc/arm-none-eabi/13.3.1/thumb/v7-m/nofp/crtbegin.o
 .text.register_tm_clones
                0x08001060       0x24 C:/PROGRA~2/Arm GNU Toolchain arm-none-eabi/13.3 rel1/bin/../lib/gcc/arm-none-eabi/13.3.1/thumb/v7-m/nofp/crtbegin.o
 .text.__do_global_dtors_aux
                0x08001084       0x28 C:/PROGRA~2/Arm GNU Toolchain arm-none-eabi/13.3 rel1/bin/../lib/gcc/arm-none-eabi/13.3.1/thumb/v7-m/nofp/crtbegin.o
 .text.frame_dummy
                0x080010ac       0x24 C:/PROGRA~2/Arm GNU Toolchain arm-none-eabi/13.3 rel1/bin/../lib/gcc/arm-none-eabi/13.3.1/thumb/v7-m/nofp/crtbegin.o
 .text.ADC1_Configuration
                0x080010d0       0xd0 CMakeFiles/STM32_BLDC_Hall.elf.dir/User_program/ADC_int.c.obj
                0x080010d0                ADC1_Configuration
 .text.DMA_Configuration
                0x080011a0       0x6c CMakeFiles/STM32_BLDC_Hall.elf.dir/User_program/ADC_int.c.obj
                0x080011a0                DMA_Configuration
 .text.Offset_CurrentReading
                0x0800120c       0xec CMakeFiles/STM32_BLDC_Hall.elf.dir/User_program/ADC_int.c.obj
                0x0800120c                Offset_CurrentReading
 .text.ADC_Sample
                0x080012f8       0x78 CMakeFiles/STM32_BLDC_Hall.elf.dir/User_program/ADC_int.c.obj
                0x080012f8                ADC_Sample
 .text.Protection_software
                0x08001370       0x30 CMakeFiles/STM32_BLDC_Hall.elf.dir/User_program/ADC_int.c.obj
                0x08001370                Protection_software
 .text.getMembership
                0x080013a0       0x9c CMakeFiles/STM32_BLDC_Hall.elf.dir/User_program/Fuzzy_Control.c.obj
                0x080013a0                getMembership
 .text.Fuzzy_Controller
                0x0800143c      0x198 CMakeFiles/STM32_BLDC_Hall.elf.dir/User_program/Fuzzy_Control.c.obj
                0x0800143c                Fuzzy_Controller
 .text.Fuzzy_Pare_init
                0x080015d4       0x94 CMakeFiles/STM32_BLDC_Hall.elf.dir/User_program/Fuzzy_Control.c.obj
                0x080015d4                Fuzzy_Pare_init
 .text.Delay    0x08001668       0x34 CMakeFiles/STM32_BLDC_Hall.elf.dir/User_program/GPIO_int.c.obj
                0x08001668                Delay
 .text.GPIO_LED485RE_int
                0x0800169c       0x30 CMakeFiles/STM32_BLDC_Hall.elf.dir/User_program/GPIO_int.c.obj
                0x0800169c                GPIO_LED485RE_int
 .text.InitThreeHallGpio
                0x080016cc       0x2c CMakeFiles/STM32_BLDC_Hall.elf.dir/User_program/GPIO_int.c.obj
                0x080016cc                InitThreeHallGpio
 .text.Init_Gpio_ADC
                0x080016f8       0x3c CMakeFiles/STM32_BLDC_Hall.elf.dir/User_program/GPIO_int.c.obj
                0x080016f8                Init_Gpio_ADC
 .text.Init_PWMDAC_Gpio
                0x08001734       0x3c CMakeFiles/STM32_BLDC_Hall.elf.dir/User_program/GPIO_int.c.obj
                0x08001734                Init_PWMDAC_Gpio
 .text.Init_Gpio_TIM1_PWM
                0x08001770       0x68 CMakeFiles/STM32_BLDC_Hall.elf.dir/User_program/GPIO_int.c.obj
                0x08001770                Init_Gpio_TIM1_PWM
 .text.LED1_Toggle
                0x080017d8       0x28 CMakeFiles/STM32_BLDC_Hall.elf.dir/User_program/GPIO_int.c.obj
                0x080017d8                LED1_Toggle
 .text.IQsat    0x08001800       0x38 CMakeFiles/STM32_BLDC_Hall.elf.dir/User_program/IQ_math.c.obj
                0x08001800                IQsat
 .text.PI_Controller
                0x08001838       0x80 CMakeFiles/STM32_BLDC_Hall.elf.dir/User_program/PI_Cale.c.obj
                0x08001838                PI_Controller
 .text.PI_Pare_init
                0x080018b8       0x50 CMakeFiles/STM32_BLDC_Hall.elf.dir/User_program/PI_Cale.c.obj
                0x080018b8                PI_Pare_init
 .text.InitializeParameters
                0x08001908       0x5c CMakeFiles/STM32_BLDC_Hall.elf.dir/User_program/Task_function.c.obj
                0x08001908                InitializeParameters
 .text.knob_control
                0x08001964       0xcc CMakeFiles/STM32_BLDC_Hall.elf.dir/User_program/Task_function.c.obj
                0x08001964                knob_control
 .text.ThreeHallPara_init
                0x08001a30       0x30 CMakeFiles/STM32_BLDC_Hall.elf.dir/User_program/ThreeHall.c.obj
                0x08001a30                ThreeHallPara_init
 .text.ThreeHall_huanxkz
                0x08001a60      0x344 CMakeFiles/STM32_BLDC_Hall.elf.dir/User_program/ThreeHall.c.obj
                0x08001a60                ThreeHall_huanxkz
 .text.updateCurrentReference
                0x08001da4       0x50 CMakeFiles/STM32_BLDC_Hall.elf.dir/User_program/Tim1_ISR_MCLoop.c.obj
                0x08001da4                updateCurrentReference
 .text.TIM1_UP_IRQHandler
                0x08001df4      0x1f0 CMakeFiles/STM32_BLDC_Hall.elf.dir/User_program/Tim1_ISR_MCLoop.c.obj
                0x08001df4                TIM1_UP_IRQHandler
 .text.Tim1_PWM_Init
                0x08001fe4      0x144 CMakeFiles/STM32_BLDC_Hall.elf.dir/User_program/Tim1_PWM.c.obj
                0x08001fe4                Tim1_PWM_Init
 .text.Stop_Motor
                0x08002128       0x48 CMakeFiles/STM32_BLDC_Hall.elf.dir/User_program/Tim1_PWM.c.obj
                0x08002128                Stop_Motor
 .text.MOS_Q41PWM
                0x08002170       0x78 CMakeFiles/STM32_BLDC_Hall.elf.dir/User_program/Tim1_PWM.c.obj
                0x08002170                MOS_Q41PWM
 .text.MOS_Q16PWM
                0x080021e8       0x78 CMakeFiles/STM32_BLDC_Hall.elf.dir/User_program/Tim1_PWM.c.obj
                0x080021e8                MOS_Q16PWM
 .text.MOS_Q63PWM
                0x08002260       0x78 CMakeFiles/STM32_BLDC_Hall.elf.dir/User_program/Tim1_PWM.c.obj
                0x08002260                MOS_Q63PWM
 .text.MOS_Q32PWM
                0x080022d8       0x78 CMakeFiles/STM32_BLDC_Hall.elf.dir/User_program/Tim1_PWM.c.obj
                0x080022d8                MOS_Q32PWM
 .text.MOS_Q25PWM
                0x08002350       0x78 CMakeFiles/STM32_BLDC_Hall.elf.dir/User_program/Tim1_PWM.c.obj
                0x08002350                MOS_Q25PWM
 .text.MOS_Q54PWM
                0x080023c8       0x78 CMakeFiles/STM32_BLDC_Hall.elf.dir/User_program/Tim1_PWM.c.obj
                0x080023c8                MOS_Q54PWM
 .text.TIM4PWMDAC_Config
                0x08002440       0xb8 CMakeFiles/STM32_BLDC_Hall.elf.dir/User_program/Tim4_Encoder_PWMDAC.c.obj
                0x08002440                TIM4PWMDAC_Config
 .text.RunSystimer
                0x080024f8      0x15c CMakeFiles/STM32_BLDC_Hall.elf.dir/User_program/Timer.c.obj
                0x080024f8                RunSystimer
 .text.CLEAR_flag
                0x08002654       0x90 CMakeFiles/STM32_BLDC_Hall.elf.dir/User_program/Timer.c.obj
                0x08002654                CLEAR_flag
 .text.Timer2Config
                0x080026e4       0x62 CMakeFiles/STM32_BLDC_Hall.elf.dir/User_program/Timer.c.obj
                0x080026e4                Timer2Config
 *fill*         0x08002746        0x2 
 .text.TIM2_IRQHandler
                0x08002748       0x2c CMakeFiles/STM32_BLDC_Hall.elf.dir/User_program/Timer.c.obj
                0x08002748                TIM2_IRQHandler
 .text.PrintfInit
                0x08002774       0x30 CMakeFiles/STM32_BLDC_Hall.elf.dir/User_program/printf_uart.c.obj
                0x08002774                PrintfInit
 .text.Uart3Init
                0x080027a4       0xb0 CMakeFiles/STM32_BLDC_Hall.elf.dir/User_program/printf_uart.c.obj
                0x080027a4                Uart3Init
 .text._isatty  0x08002854       0x24 CMakeFiles/STM32_BLDC_Hall.elf.dir/User_program/printf_uart.c.obj
                0x08002854                _isatty
 .text._write   0x08002878       0x7c CMakeFiles/STM32_BLDC_Hall.elf.dir/User_program/printf_uart.c.obj
                0x08002878                _write
 .text._close   0x080028f4       0x26 CMakeFiles/STM32_BLDC_Hall.elf.dir/User_program/printf_uart.c.obj
                0x080028f4                _close
 .text._lseek   0x0800291a       0x1a CMakeFiles/STM32_BLDC_Hall.elf.dir/User_program/printf_uart.c.obj
                0x0800291a                _lseek
 .text._read    0x08002934       0x44 CMakeFiles/STM32_BLDC_Hall.elf.dir/User_program/printf_uart.c.obj
                0x08002934                _read
 .text.USART3_IRQHandler
                0x08002978       0x88 CMakeFiles/STM32_BLDC_Hall.elf.dir/User_program/printf_uart.c.obj
                0x08002978                USART3_IRQHandler
 .text.NVIC_PriorityGroupConfig
                0x08002a00       0x24 CMakeFiles/STM32_BLDC_Hall.elf.dir/FWlib/src/misc.c.obj
                0x08002a00                NVIC_PriorityGroupConfig
 .text.NVIC_Init
                0x08002a24       0xc4 CMakeFiles/STM32_BLDC_Hall.elf.dir/FWlib/src/misc.c.obj
                0x08002a24                NVIC_Init
 .text.ADC_DeInit
                0x08002ae8       0x74 CMakeFiles/STM32_BLDC_Hall.elf.dir/FWlib/src/stm32f10x_adc.c.obj
                0x08002ae8                ADC_DeInit
 .text.ADC_Init
                0x08002b5c       0xa4 CMakeFiles/STM32_BLDC_Hall.elf.dir/FWlib/src/stm32f10x_adc.c.obj
                0x08002b5c                ADC_Init
 .text.ADC_StructInit
                0x08002c00       0x36 CMakeFiles/STM32_BLDC_Hall.elf.dir/FWlib/src/stm32f10x_adc.c.obj
                0x08002c00                ADC_StructInit
 .text.ADC_Cmd  0x08002c36       0x36 CMakeFiles/STM32_BLDC_Hall.elf.dir/FWlib/src/stm32f10x_adc.c.obj
                0x08002c36                ADC_Cmd
 .text.ADC_DMACmd
                0x08002c6c       0x36 CMakeFiles/STM32_BLDC_Hall.elf.dir/FWlib/src/stm32f10x_adc.c.obj
                0x08002c6c                ADC_DMACmd
 .text.ADC_ResetCalibration
                0x08002ca2       0x1e CMakeFiles/STM32_BLDC_Hall.elf.dir/FWlib/src/stm32f10x_adc.c.obj
                0x08002ca2                ADC_ResetCalibration
 .text.ADC_GetResetCalibrationStatus
                0x08002cc0       0x2e CMakeFiles/STM32_BLDC_Hall.elf.dir/FWlib/src/stm32f10x_adc.c.obj
                0x08002cc0                ADC_GetResetCalibrationStatus
 .text.ADC_StartCalibration
                0x08002cee       0x1e CMakeFiles/STM32_BLDC_Hall.elf.dir/FWlib/src/stm32f10x_adc.c.obj
                0x08002cee                ADC_StartCalibration
 .text.ADC_GetCalibrationStatus
                0x08002d0c       0x2e CMakeFiles/STM32_BLDC_Hall.elf.dir/FWlib/src/stm32f10x_adc.c.obj
                0x08002d0c                ADC_GetCalibrationStatus
 .text.ADC_SoftwareStartConvCmd
                0x08002d3a       0x36 CMakeFiles/STM32_BLDC_Hall.elf.dir/FWlib/src/stm32f10x_adc.c.obj
                0x08002d3a                ADC_SoftwareStartConvCmd
 .text.ADC_RegularChannelConfig
                0x08002d70      0x192 CMakeFiles/STM32_BLDC_Hall.elf.dir/FWlib/src/stm32f10x_adc.c.obj
                0x08002d70                ADC_RegularChannelConfig
 *fill*         0x08002f02        0x2 
 .text.DMA_DeInit
                0x08002f04      0x178 CMakeFiles/STM32_BLDC_Hall.elf.dir/FWlib/src/stm32f10x_dma.c.obj
                0x08002f04                DMA_DeInit
 .text.DMA_Init
                0x0800307c       0x7c CMakeFiles/STM32_BLDC_Hall.elf.dir/FWlib/src/stm32f10x_dma.c.obj
                0x0800307c                DMA_Init
 .text.DMA_Cmd  0x080030f8       0x38 CMakeFiles/STM32_BLDC_Hall.elf.dir/FWlib/src/stm32f10x_dma.c.obj
                0x080030f8                DMA_Cmd
 .text.GPIO_Init
                0x08003130      0x178 CMakeFiles/STM32_BLDC_Hall.elf.dir/FWlib/src/stm32f10x_gpio.c.obj
                0x08003130                GPIO_Init
 .text.GPIO_StructInit
                0x080032a8       0x26 CMakeFiles/STM32_BLDC_Hall.elf.dir/FWlib/src/stm32f10x_gpio.c.obj
                0x080032a8                GPIO_StructInit
 .text.GPIO_ReadInputDataBit
                0x080032ce       0x32 CMakeFiles/STM32_BLDC_Hall.elf.dir/FWlib/src/stm32f10x_gpio.c.obj
                0x080032ce                GPIO_ReadInputDataBit
 .text.GPIO_PinRemapConfig
                0x08003300       0xe0 CMakeFiles/STM32_BLDC_Hall.elf.dir/FWlib/src/stm32f10x_gpio.c.obj
                0x08003300                GPIO_PinRemapConfig
 .text.TIM1_BRK_IRQHandler
                0x080033e0       0x18 CMakeFiles/STM32_BLDC_Hall.elf.dir/FWlib/src/stm32f10x_it.c.obj
                0x080033e0                TIM1_BRK_IRQHandler
 .text.RCC_ADCCLKConfig
                0x080033f8       0x38 CMakeFiles/STM32_BLDC_Hall.elf.dir/FWlib/src/stm32f10x_rcc.c.obj
                0x080033f8                RCC_ADCCLKConfig
 .text.RCC_GetClocksFreq
                0x08003430      0x16c CMakeFiles/STM32_BLDC_Hall.elf.dir/FWlib/src/stm32f10x_rcc.c.obj
                0x08003430                RCC_GetClocksFreq
 .text.RCC_AHBPeriphClockCmd
                0x0800359c       0x3c CMakeFiles/STM32_BLDC_Hall.elf.dir/FWlib/src/stm32f10x_rcc.c.obj
                0x0800359c                RCC_AHBPeriphClockCmd
 .text.RCC_APB2PeriphClockCmd
                0x080035d8       0x3c CMakeFiles/STM32_BLDC_Hall.elf.dir/FWlib/src/stm32f10x_rcc.c.obj
                0x080035d8                RCC_APB2PeriphClockCmd
 .text.RCC_APB1PeriphClockCmd
                0x08003614       0x3c CMakeFiles/STM32_BLDC_Hall.elf.dir/FWlib/src/stm32f10x_rcc.c.obj
                0x08003614                RCC_APB1PeriphClockCmd
 .text.RCC_APB2PeriphResetCmd
                0x08003650       0x3c CMakeFiles/STM32_BLDC_Hall.elf.dir/FWlib/src/stm32f10x_rcc.c.obj
                0x08003650                RCC_APB2PeriphResetCmd
 .text.TIM_TimeBaseInit
                0x0800368c       0xf8 CMakeFiles/STM32_BLDC_Hall.elf.dir/FWlib/src/stm32f10x_tim.c.obj
                0x0800368c                TIM_TimeBaseInit
 .text.TIM_OC1Init
                0x08003784      0x118 CMakeFiles/STM32_BLDC_Hall.elf.dir/FWlib/src/stm32f10x_tim.c.obj
                0x08003784                TIM_OC1Init
 .text.TIM_OC2Init
                0x0800389c      0x110 CMakeFiles/STM32_BLDC_Hall.elf.dir/FWlib/src/stm32f10x_tim.c.obj
                0x0800389c                TIM_OC2Init
 .text.TIM_OC3Init
                0x080039ac      0x10c CMakeFiles/STM32_BLDC_Hall.elf.dir/FWlib/src/stm32f10x_tim.c.obj
                0x080039ac                TIM_OC3Init
 .text.TIM_OC4Init
                0x08003ab8       0xd0 CMakeFiles/STM32_BLDC_Hall.elf.dir/FWlib/src/stm32f10x_tim.c.obj
                0x08003ab8                TIM_OC4Init
 .text.TIM_BDTRConfig
                0x08003b88       0x4e CMakeFiles/STM32_BLDC_Hall.elf.dir/FWlib/src/stm32f10x_tim.c.obj
                0x08003b88                TIM_BDTRConfig
 .text.TIM_Cmd  0x08003bd6       0x3e CMakeFiles/STM32_BLDC_Hall.elf.dir/FWlib/src/stm32f10x_tim.c.obj
                0x08003bd6                TIM_Cmd
 .text.TIM_CtrlPWMOutputs
                0x08003c14       0x4a CMakeFiles/STM32_BLDC_Hall.elf.dir/FWlib/src/stm32f10x_tim.c.obj
                0x08003c14                TIM_CtrlPWMOutputs
 .text.TIM_ITConfig
                0x08003c5e       0x46 CMakeFiles/STM32_BLDC_Hall.elf.dir/FWlib/src/stm32f10x_tim.c.obj
                0x08003c5e                TIM_ITConfig
 .text.TIM_ARRPreloadConfig
                0x08003ca4       0x3e CMakeFiles/STM32_BLDC_Hall.elf.dir/FWlib/src/stm32f10x_tim.c.obj
                0x08003ca4                TIM_ARRPreloadConfig
 .text.TIM_OC1PreloadConfig
                0x08003ce2       0x36 CMakeFiles/STM32_BLDC_Hall.elf.dir/FWlib/src/stm32f10x_tim.c.obj
                0x08003ce2                TIM_OC1PreloadConfig
 .text.TIM_OC2PreloadConfig
                0x08003d18       0x3a CMakeFiles/STM32_BLDC_Hall.elf.dir/FWlib/src/stm32f10x_tim.c.obj
                0x08003d18                TIM_OC2PreloadConfig
 .text.TIM_OC3PreloadConfig
                0x08003d52       0x36 CMakeFiles/STM32_BLDC_Hall.elf.dir/FWlib/src/stm32f10x_tim.c.obj
                0x08003d52                TIM_OC3PreloadConfig
 .text.TIM_OC4PreloadConfig
                0x08003d88       0x3a CMakeFiles/STM32_BLDC_Hall.elf.dir/FWlib/src/stm32f10x_tim.c.obj
                0x08003d88                TIM_OC4PreloadConfig
 .text.TIM_CCxCmd
                0x08003dc2       0x54 CMakeFiles/STM32_BLDC_Hall.elf.dir/FWlib/src/stm32f10x_tim.c.obj
                0x08003dc2                TIM_CCxCmd
 .text.TIM_CCxNCmd
                0x08003e16       0x54 CMakeFiles/STM32_BLDC_Hall.elf.dir/FWlib/src/stm32f10x_tim.c.obj
                0x08003e16                TIM_CCxNCmd
 .text.TIM_SelectOCxM
                0x08003e6a       0xb0 CMakeFiles/STM32_BLDC_Hall.elf.dir/FWlib/src/stm32f10x_tim.c.obj
                0x08003e6a                TIM_SelectOCxM
 .text.TIM_SetCompare1
                0x08003f1a       0x1c CMakeFiles/STM32_BLDC_Hall.elf.dir/FWlib/src/stm32f10x_tim.c.obj
                0x08003f1a                TIM_SetCompare1
 .text.TIM_SetCompare2
                0x08003f36       0x1c CMakeFiles/STM32_BLDC_Hall.elf.dir/FWlib/src/stm32f10x_tim.c.obj
                0x08003f36                TIM_SetCompare2
 .text.TIM_SetCompare3
                0x08003f52       0x1c CMakeFiles/STM32_BLDC_Hall.elf.dir/FWlib/src/stm32f10x_tim.c.obj
                0x08003f52                TIM_SetCompare3
 .text.TIM_SetCompare4
                0x08003f6e       0x1e CMakeFiles/STM32_BLDC_Hall.elf.dir/FWlib/src/stm32f10x_tim.c.obj
                0x08003f6e                TIM_SetCompare4
 .text.TIM_ClearFlag
                0x08003f8c       0x20 CMakeFiles/STM32_BLDC_Hall.elf.dir/FWlib/src/stm32f10x_tim.c.obj
                0x08003f8c                TIM_ClearFlag
 .text.TIM_GetITStatus
                0x08003fac       0x52 CMakeFiles/STM32_BLDC_Hall.elf.dir/FWlib/src/stm32f10x_tim.c.obj
                0x08003fac                TIM_GetITStatus
 .text.TIM_ClearITPendingBit
                0x08003ffe       0x20 CMakeFiles/STM32_BLDC_Hall.elf.dir/FWlib/src/stm32f10x_tim.c.obj
                0x08003ffe                TIM_ClearITPendingBit
 *fill*         0x0800401e        0x2 
 .text.USART_Init
                0x08004020      0x174 CMakeFiles/STM32_BLDC_Hall.elf.dir/FWlib/src/stm32f10x_usart.c.obj
                0x08004020                USART_Init
 .text.USART_Cmd
                0x08004194       0x3e CMakeFiles/STM32_BLDC_Hall.elf.dir/FWlib/src/stm32f10x_usart.c.obj
                0x08004194                USART_Cmd
 .text.USART_ITConfig
                0x080041d2       0x8e CMakeFiles/STM32_BLDC_Hall.elf.dir/FWlib/src/stm32f10x_usart.c.obj
                0x080041d2                USART_ITConfig
 .text.USART_SendData
                0x08004260       0x22 CMakeFiles/STM32_BLDC_Hall.elf.dir/FWlib/src/stm32f10x_usart.c.obj
                0x08004260                USART_SendData
 .text.USART_ReceiveData
                0x08004282       0x1e CMakeFiles/STM32_BLDC_Hall.elf.dir/FWlib/src/stm32f10x_usart.c.obj
                0x08004282                USART_ReceiveData
 .text.USART_GetFlagStatus
                0x080042a0       0x36 CMakeFiles/STM32_BLDC_Hall.elf.dir/FWlib/src/stm32f10x_usart.c.obj
                0x080042a0                USART_GetFlagStatus
 .text.USART_GetITStatus
                0x080042d6       0xb4 CMakeFiles/STM32_BLDC_Hall.elf.dir/FWlib/src/stm32f10x_usart.c.obj
                0x080042d6                USART_GetITStatus
 *fill*         0x0800438a        0x2 
 .text.getMotorSpeedCmd
                0x0800438c       0x54 CMakeFiles/STM32_BLDC_Hall.elf.dir/main.c.obj
                0x0800438c                getMotorSpeedCmd
 .text.process_uart_command
                0x080043e0       0x8c CMakeFiles/STM32_BLDC_Hall.elf.dir/main.c.obj
                0x080043e0                process_uart_command
 .text.main     0x0800446c       0xb0 CMakeFiles/STM32_BLDC_Hall.elf.dir/main.c.obj
                0x0800446c                main
 .text.Reset_Handler
                0x0800451c       0x48 CMakeFiles/STM32_BLDC_Hall.elf.dir/startup/startup_stm32f103xb.s.obj
                0x0800451c                Reset_Handler
 .text.Default_Handler
                0x08004564        0x2 CMakeFiles/STM32_BLDC_Hall.elf.dir/startup/startup_stm32f103xb.s.obj
                0x08004564                RTC_Alarm_IRQHandler
                0x08004564                EXTI2_IRQHandler
                0x08004564                DebugMon_Handler
                0x08004564                TIM1_CC_IRQHandler
                0x08004564                HardFault_Handler
                0x08004564                SysTick_Handler
                0x08004564                PVD_IRQHandler
                0x08004564                PendSV_Handler
                0x08004564                NMI_Handler
                0x08004564                EXTI3_IRQHandler
                0x08004564                EXTI0_IRQHandler
                0x08004564                I2C2_EV_IRQHandler
                0x08004564                UsageFault_Handler
                0x08004564                ADC1_2_IRQHandler
                0x08004564                SPI1_IRQHandler
                0x08004564                TAMPER_IRQHandler
                0x08004564                DMA1_Channel4_IRQHandler
                0x08004564                RTC_IRQHandler
                0x08004564                DMA1_Channel7_IRQHandler
                0x08004564                CAN1_RX1_IRQHandler
                0x08004564                TIM4_IRQHandler
                0x08004564                I2C1_EV_IRQHandler
                0x08004564                DMA1_Channel6_IRQHandler
                0x08004564                TIM3_IRQHandler
                0x08004564                RCC_IRQHandler
                0x08004564                TIM1_TRG_COM_IRQHandler
                0x08004564                DMA1_Channel1_IRQHandler
                0x08004564                Default_Handler
                0x08004564                EXTI15_10_IRQHandler
                0x08004564                EXTI9_5_IRQHandler
                0x08004564                SPI2_IRQHandler
                0x08004564                MemManage_Handler
                0x08004564                SVC_Handler
                0x08004564                DMA1_Channel5_IRQHandler
                0x08004564                EXTI4_IRQHandler
                0x08004564                USB_LP_CAN1_RX0_IRQHandler
                0x08004564                USB_HP_CAN1_TX_IRQHandler
                0x08004564                DMA1_Channel3_IRQHandler
                0x08004564                WWDG_IRQHandler
                0x08004564                EXTI1_IRQHandler
                0x08004564                USART2_IRQHandler
                0x08004564                I2C2_ER_IRQHandler
                0x08004564                DMA1_Channel2_IRQHandler
                0x08004564                CAN1_SCE_IRQHandler
                0x08004564                FLASH_IRQHandler
                0x08004564                BusFault_Handler
                0x08004564                USART1_IRQHandler
                0x08004564                I2C1_ER_IRQHandler
                0x08004564                USBWakeUp_IRQHandler
 *fill*         0x08004566        0x2 
 .text.SystemInit
                0x08004568       0x68 CMakeFiles/STM32_BLDC_Hall.elf.dir/CMSIS/system_stm32f10x.c.obj
                0x08004568                SystemInit
 .text.SetSysClock
                0x080045d0        0xc CMakeFiles/STM32_BLDC_Hall.elf.dir/CMSIS/system_stm32f10x.c.obj
 .text.SetSysClockTo72
                0x080045dc      0x100 CMakeFiles/STM32_BLDC_Hall.elf.dir/CMSIS/system_stm32f10x.c.obj
 .text.__cvt    0x080046dc       0xc8 C:/PROGRA~2/Arm GNU Toolchain arm-none-eabi/13.3 rel1/bin/../lib/gcc/arm-none-eabi/13.3.1/thumb/v7-m/nofp\libg_nano.a(libc_a-nano-vfprintf_float.o)
                0x080046dc                __cvt
 .text.__exponent
                0x080047a4       0x74 C:/PROGRA~2/Arm GNU Toolchain arm-none-eabi/13.3 rel1/bin/../lib/gcc/arm-none-eabi/13.3.1/thumb/v7-m/nofp\libg_nano.a(libc_a-nano-vfprintf_float.o)
                0x080047a4                __exponent
 .text._printf_float
                0x08004818      0x458 C:/PROGRA~2/Arm GNU Toolchain arm-none-eabi/13.3 rel1/bin/../lib/gcc/arm-none-eabi/13.3.1/thumb/v7-m/nofp\libg_nano.a(libc_a-nano-vfprintf_float.o)
                0x08004818                _printf_float
 .text._printf_common
                0x08004c70       0xe4 C:/PROGRA~2/Arm GNU Toolchain arm-none-eabi/13.3 rel1/bin/../lib/gcc/arm-none-eabi/13.3.1/thumb/v7-m/nofp\libg_nano.a(libc_a-nano-vfprintf_i.o)
                0x08004c70                _printf_common
 .text._printf_i
                0x08004d54      0x23c C:/PROGRA~2/Arm GNU Toolchain arm-none-eabi/13.3 rel1/bin/../lib/gcc/arm-none-eabi/13.3.1/thumb/v7-m/nofp\libg_nano.a(libc_a-nano-vfprintf_i.o)
                0x08004d54                _printf_i
 .text.std      0x08004f90       0x6c C:/PROGRA~2/Arm GNU Toolchain arm-none-eabi/13.3 rel1/bin/../lib/gcc/arm-none-eabi/13.3.1/thumb/v7-m/nofp\libg_nano.a(libc_a-findfp.o)
 .text.stdio_exit_handler
                0x08004ffc       0x18 C:/PROGRA~2/Arm GNU Toolchain arm-none-eabi/13.3 rel1/bin/../lib/gcc/arm-none-eabi/13.3.1/thumb/v7-m/nofp\libg_nano.a(libc_a-findfp.o)
 .text.cleanup_stdio
                0x08005014       0x40 C:/PROGRA~2/Arm GNU Toolchain arm-none-eabi/13.3 rel1/bin/../lib/gcc/arm-none-eabi/13.3.1/thumb/v7-m/nofp\libg_nano.a(libc_a-findfp.o)
 .text.global_stdio_init.part.0
                0x08005054       0x3c C:/PROGRA~2/Arm GNU Toolchain arm-none-eabi/13.3 rel1/bin/../lib/gcc/arm-none-eabi/13.3.1/thumb/v7-m/nofp\libg_nano.a(libc_a-findfp.o)
 .text.__sfp_lock_acquire
                0x08005090        0xc C:/PROGRA~2/Arm GNU Toolchain arm-none-eabi/13.3 rel1/bin/../lib/gcc/arm-none-eabi/13.3.1/thumb/v7-m/nofp\libg_nano.a(libc_a-findfp.o)
                0x08005090                __sfp_lock_acquire
 .text.__sfp_lock_release
                0x0800509c        0xc C:/PROGRA~2/Arm GNU Toolchain arm-none-eabi/13.3 rel1/bin/../lib/gcc/arm-none-eabi/13.3.1/thumb/v7-m/nofp\libg_nano.a(libc_a-findfp.o)
                0x0800509c                __sfp_lock_release
 .text.__sinit  0x080050a8       0x30 C:/PROGRA~2/Arm GNU Toolchain arm-none-eabi/13.3 rel1/bin/../lib/gcc/arm-none-eabi/13.3.1/thumb/v7-m/nofp\libg_nano.a(libc_a-findfp.o)
                0x080050a8                __sinit
 .text._fwalk_sglue
                0x080050d8       0x3c C:/PROGRA~2/Arm GNU Toolchain arm-none-eabi/13.3 rel1/bin/../lib/gcc/arm-none-eabi/13.3.1/thumb/v7-m/nofp\libg_nano.a(libc_a-fwalk.o)
                0x080050d8                _fwalk_sglue
 .text.printf   0x08005114       0x24 C:/PROGRA~2/Arm GNU Toolchain arm-none-eabi/13.3 rel1/bin/../lib/gcc/arm-none-eabi/13.3.1/thumb/v7-m/nofp\libg_nano.a(libc_a-printf.o)
                0x08005114                iprintf
                0x08005114                printf
 .text.setvbuf  0x08005138      0x168 C:/PROGRA~2/Arm GNU Toolchain arm-none-eabi/13.3 rel1/bin/../lib/gcc/arm-none-eabi/13.3.1/thumb/v7-m/nofp\libg_nano.a(libc_a-setvbuf.o)
                0x08005138                setvbuf
 .text.__sread  0x080052a0       0x22 C:/PROGRA~2/Arm GNU Toolchain arm-none-eabi/13.3 rel1/bin/../lib/gcc/arm-none-eabi/13.3.1/thumb/v7-m/nofp\libg_nano.a(libc_a-stdio.o)
                0x080052a0                __sread
 .text.__swrite
                0x080052c2       0x38 C:/PROGRA~2/Arm GNU Toolchain arm-none-eabi/13.3 rel1/bin/../lib/gcc/arm-none-eabi/13.3.1/thumb/v7-m/nofp\libg_nano.a(libc_a-stdio.o)
                0x080052c2                __swrite
 .text.__sseek  0x080052fa       0x24 C:/PROGRA~2/Arm GNU Toolchain arm-none-eabi/13.3 rel1/bin/../lib/gcc/arm-none-eabi/13.3.1/thumb/v7-m/nofp\libg_nano.a(libc_a-stdio.o)
                0x080052fa                __sseek
 .text.__sclose
                0x0800531e        0x8 C:/PROGRA~2/Arm GNU Toolchain arm-none-eabi/13.3 rel1/bin/../lib/gcc/arm-none-eabi/13.3.1/thumb/v7-m/nofp\libg_nano.a(libc_a-stdio.o)
                0x0800531e                __sclose
 .text.__swbuf_r
                0x08005326       0x7c C:/PROGRA~2/Arm GNU Toolchain arm-none-eabi/13.3 rel1/bin/../lib/gcc/arm-none-eabi/13.3.1/thumb/v7-m/nofp\libg_nano.a(libc_a-wbuf.o)
                0x08005326                __swbuf_r
 *fill*         0x080053a2        0x2 
 .text.__swsetup_r
                0x080053a4       0xac C:/PROGRA~2/Arm GNU Toolchain arm-none-eabi/13.3 rel1/bin/../lib/gcc/arm-none-eabi/13.3.1/thumb/v7-m/nofp\libg_nano.a(libc_a-wsetup.o)
                0x080053a4                __swsetup_r
 .text.memset   0x08005450       0x10 C:/PROGRA~2/Arm GNU Toolchain arm-none-eabi/13.3 rel1/bin/../lib/gcc/arm-none-eabi/13.3.1/thumb/v7-m/nofp\libg_nano.a(libc_a-memset.o)
                0x08005450                memset
 .text._localeconv_r
                0x08005460        0x8 C:/PROGRA~2/Arm GNU Toolchain arm-none-eabi/13.3 rel1/bin/../lib/gcc/arm-none-eabi/13.3.1/thumb/v7-m/nofp\libg_nano.a(libc_a-localeconv.o)
                0x08005460                _localeconv_r
 .text._close_r
                0x08005468       0x20 C:/PROGRA~2/Arm GNU Toolchain arm-none-eabi/13.3 rel1/bin/../lib/gcc/arm-none-eabi/13.3.1/thumb/v7-m/nofp\libg_nano.a(libc_a-closer.o)
                0x08005468                _close_r
 .text._lseek_r
                0x08005488       0x24 C:/PROGRA~2/Arm GNU Toolchain arm-none-eabi/13.3 rel1/bin/../lib/gcc/arm-none-eabi/13.3.1/thumb/v7-m/nofp\libg_nano.a(libc_a-lseekr.o)
                0x08005488                _lseek_r
 .text._read_r  0x080054ac       0x24 C:/PROGRA~2/Arm GNU Toolchain arm-none-eabi/13.3 rel1/bin/../lib/gcc/arm-none-eabi/13.3.1/thumb/v7-m/nofp\libg_nano.a(libc_a-readr.o)
                0x080054ac                _read_r
 .text._write_r
                0x080054d0       0x24 C:/PROGRA~2/Arm GNU Toolchain arm-none-eabi/13.3 rel1/bin/../lib/gcc/arm-none-eabi/13.3.1/thumb/v7-m/nofp\libg_nano.a(libc_a-writer.o)
                0x080054d0                _write_r
 .text.__libc_init_array
                0x080054f4       0x48 C:/PROGRA~2/Arm GNU Toolchain arm-none-eabi/13.3 rel1/bin/../lib/gcc/arm-none-eabi/13.3.1/thumb/v7-m/nofp\libg_nano.a(libc_a-init.o)
                0x080054f4                __libc_init_array
 .text.__retarget_lock_init_recursive
                0x0800553c        0x2 C:/PROGRA~2/Arm GNU Toolchain arm-none-eabi/13.3 rel1/bin/../lib/gcc/arm-none-eabi/13.3.1/thumb/v7-m/nofp\libg_nano.a(libc_a-lock.o)
                0x0800553c                __retarget_lock_init_recursive
 .text.__retarget_lock_acquire_recursive
                0x0800553e        0x2 C:/PROGRA~2/Arm GNU Toolchain arm-none-eabi/13.3 rel1/bin/../lib/gcc/arm-none-eabi/13.3.1/thumb/v7-m/nofp\libg_nano.a(libc_a-lock.o)
                0x0800553e                __retarget_lock_acquire_recursive
 .text.__retarget_lock_release_recursive
                0x08005540        0x2 C:/PROGRA~2/Arm GNU Toolchain arm-none-eabi/13.3 rel1/bin/../lib/gcc/arm-none-eabi/13.3.1/thumb/v7-m/nofp\libg_nano.a(libc_a-lock.o)
                0x08005540                __retarget_lock_release_recursive
 .text.memchr   0x08005542       0x1c C:/PROGRA~2/Arm GNU Toolchain arm-none-eabi/13.3 rel1/bin/../lib/gcc/arm-none-eabi/13.3.1/thumb/v7-m/nofp\libg_nano.a(libc_a-memchr-stub.o)
                0x08005542                memchr
 .text.quorem   0x0800555e      0x110 C:/PROGRA~2/Arm GNU Toolchain arm-none-eabi/13.3 rel1/bin/../lib/gcc/arm-none-eabi/13.3.1/thumb/v7-m/nofp\libg_nano.a(libc_a-dtoa.o)
 *fill*         0x0800566e        0x2 
 .text._dtoa_r  0x08005670      0xb7c C:/PROGRA~2/Arm GNU Toolchain arm-none-eabi/13.3 rel1/bin/../lib/gcc/arm-none-eabi/13.3.1/thumb/v7-m/nofp\libg_nano.a(libc_a-dtoa.o)
                0x08005670                _dtoa_r
 .text._free_r  0x080061ec       0x90 C:/PROGRA~2/Arm GNU Toolchain arm-none-eabi/13.3 rel1/bin/../lib/gcc/arm-none-eabi/13.3.1/thumb/v7-m/nofp\libg_nano.a(libc_a-freer.o)
                0x080061ec                _free_r
 .text.malloc   0x0800627c       0x10 C:/PROGRA~2/Arm GNU Toolchain arm-none-eabi/13.3 rel1/bin/../lib/gcc/arm-none-eabi/13.3.1/thumb/v7-m/nofp\libg_nano.a(libc_a-malloc.o)
                0x0800627c                malloc
 .text.sbrk_aligned
                0x0800628c       0x44 C:/PROGRA~2/Arm GNU Toolchain arm-none-eabi/13.3 rel1/bin/../lib/gcc/arm-none-eabi/13.3.1/thumb/v7-m/nofp\libg_nano.a(libc_a-mallocr.o)
 .text._malloc_r
                0x080062d0      0x100 C:/PROGRA~2/Arm GNU Toolchain arm-none-eabi/13.3 rel1/bin/../lib/gcc/arm-none-eabi/13.3.1/thumb/v7-m/nofp\libg_nano.a(libc_a-mallocr.o)
                0x080062d0                _malloc_r
 .text.__malloc_lock
                0x080063d0        0xc C:/PROGRA~2/Arm GNU Toolchain arm-none-eabi/13.3 rel1/bin/../lib/gcc/arm-none-eabi/13.3.1/thumb/v7-m/nofp\libg_nano.a(libc_a-mlock.o)
                0x080063d0                __malloc_lock
 .text.__malloc_unlock
                0x080063dc        0xc C:/PROGRA~2/Arm GNU Toolchain arm-none-eabi/13.3 rel1/bin/../lib/gcc/arm-none-eabi/13.3.1/thumb/v7-m/nofp\libg_nano.a(libc_a-mlock.o)
                0x080063dc                __malloc_unlock
 .text._Balloc  0x080063e8       0x80 C:/PROGRA~2/Arm GNU Toolchain arm-none-eabi/13.3 rel1/bin/../lib/gcc/arm-none-eabi/13.3.1/thumb/v7-m/nofp\libg_nano.a(libc_a-mprec.o)
                0x080063e8                _Balloc
 .text._Bfree   0x08006468       0x44 C:/PROGRA~2/Arm GNU Toolchain arm-none-eabi/13.3 rel1/bin/../lib/gcc/arm-none-eabi/13.3.1/thumb/v7-m/nofp\libg_nano.a(libc_a-mprec.o)
                0x08006468                _Bfree
 .text.__multadd
                0x080064ac       0x8c C:/PROGRA~2/Arm GNU Toolchain arm-none-eabi/13.3 rel1/bin/../lib/gcc/arm-none-eabi/13.3.1/thumb/v7-m/nofp\libg_nano.a(libc_a-mprec.o)
                0x080064ac                __multadd
 .text.__hi0bits
                0x08006538       0x3e C:/PROGRA~2/Arm GNU Toolchain arm-none-eabi/13.3 rel1/bin/../lib/gcc/arm-none-eabi/13.3.1/thumb/v7-m/nofp\libg_nano.a(libc_a-mprec.o)
                0x08006538                __hi0bits
 .text.__lo0bits
                0x08006576       0x5a C:/PROGRA~2/Arm GNU Toolchain arm-none-eabi/13.3 rel1/bin/../lib/gcc/arm-none-eabi/13.3.1/thumb/v7-m/nofp\libg_nano.a(libc_a-mprec.o)
                0x08006576                __lo0bits
 .text.__i2b    0x080065d0       0x2c C:/PROGRA~2/Arm GNU Toolchain arm-none-eabi/13.3 rel1/bin/../lib/gcc/arm-none-eabi/13.3.1/thumb/v7-m/nofp\libg_nano.a(libc_a-mprec.o)
                0x080065d0                __i2b
 .text.__multiply
                0x080065fc      0x144 C:/PROGRA~2/Arm GNU Toolchain arm-none-eabi/13.3 rel1/bin/../lib/gcc/arm-none-eabi/13.3.1/thumb/v7-m/nofp\libg_nano.a(libc_a-mprec.o)
                0x080065fc                __multiply
 .text.__pow5mult
                0x08006740       0xb4 C:/PROGRA~2/Arm GNU Toolchain arm-none-eabi/13.3 rel1/bin/../lib/gcc/arm-none-eabi/13.3.1/thumb/v7-m/nofp\libg_nano.a(libc_a-mprec.o)
                0x08006740                __pow5mult
 .text.__lshift
                0x080067f4       0xd8 C:/PROGRA~2/Arm GNU Toolchain arm-none-eabi/13.3 rel1/bin/../lib/gcc/arm-none-eabi/13.3.1/thumb/v7-m/nofp\libg_nano.a(libc_a-mprec.o)
                0x080067f4                __lshift
 .text.__mcmp   0x080068cc       0x36 C:/PROGRA~2/Arm GNU Toolchain arm-none-eabi/13.3 rel1/bin/../lib/gcc/arm-none-eabi/13.3.1/thumb/v7-m/nofp\libg_nano.a(libc_a-mprec.o)
                0x080068cc                __mcmp
 *fill*         0x08006902        0x2 
 .text.__mdiff  0x08006904      0x128 C:/PROGRA~2/Arm GNU Toolchain arm-none-eabi/13.3 rel1/bin/../lib/gcc/arm-none-eabi/13.3.1/thumb/v7-m/nofp\libg_nano.a(libc_a-mprec.o)
                0x08006904                __mdiff
 .text.__d2b    0x08006a2c       0xb0 C:/PROGRA~2/Arm GNU Toolchain arm-none-eabi/13.3 rel1/bin/../lib/gcc/arm-none-eabi/13.3.1/thumb/v7-m/nofp\libg_nano.a(libc_a-mprec.o)
                0x08006a2c                __d2b
 .text.__sfputc_r
                0x08006adc       0x2a C:/PROGRA~2/Arm GNU Toolchain arm-none-eabi/13.3 rel1/bin/../lib/gcc/arm-none-eabi/13.3.1/thumb/v7-m/nofp\libg_nano.a(libc_a-nano-vfprintf.o)
 .text.__sfputs_r
                0x08006b06       0x24 C:/PROGRA~2/Arm GNU Toolchain arm-none-eabi/13.3 rel1/bin/../lib/gcc/arm-none-eabi/13.3.1/thumb/v7-m/nofp\libg_nano.a(libc_a-nano-vfprintf.o)
                0x08006b06                __sfputs_r
 *fill*         0x08006b2a        0x2 
 .text._vfprintf_r
                0x08006b2c      0x230 C:/PROGRA~2/Arm GNU Toolchain arm-none-eabi/13.3 rel1/bin/../lib/gcc/arm-none-eabi/13.3.1/thumb/v7-m/nofp\libg_nano.a(libc_a-nano-vfprintf.o)
                0x08006b2c                _vfprintf_r
                0x08006b2c                _vfiprintf_r
 .text.__sflush_r
                0x08006d5c      0x100 C:/PROGRA~2/Arm GNU Toolchain arm-none-eabi/13.3 rel1/bin/../lib/gcc/arm-none-eabi/13.3.1/thumb/v7-m/nofp\libg_nano.a(libc_a-fflush.o)
                0x08006d5c                __sflush_r
 .text._fflush_r
                0x08006e5c       0x50 C:/PROGRA~2/Arm GNU Toolchain arm-none-eabi/13.3 rel1/bin/../lib/gcc/arm-none-eabi/13.3.1/thumb/v7-m/nofp\libg_nano.a(libc_a-fflush.o)
                0x08006e5c                _fflush_r
 .text.__swhatbuf_r
                0x08006eac       0x4a C:/PROGRA~2/Arm GNU Toolchain arm-none-eabi/13.3 rel1/bin/../lib/gcc/arm-none-eabi/13.3.1/thumb/v7-m/nofp\libg_nano.a(libc_a-makebuf.o)
                0x08006eac                __swhatbuf_r
 .text.__smakebuf_r
                0x08006ef6       0x78 C:/PROGRA~2/Arm GNU Toolchain arm-none-eabi/13.3 rel1/bin/../lib/gcc/arm-none-eabi/13.3.1/thumb/v7-m/nofp\libg_nano.a(libc_a-makebuf.o)
                0x08006ef6                __smakebuf_r
 *fill*         0x08006f6e        0x2 
 .text._fstat_r
                0x08006f70       0x24 C:/PROGRA~2/Arm GNU Toolchain arm-none-eabi/13.3 rel1/bin/../lib/gcc/arm-none-eabi/13.3.1/thumb/v7-m/nofp\libg_nano.a(libc_a-fstatr.o)
                0x08006f70                _fstat_r
 .text._isatty_r
                0x08006f94       0x20 C:/PROGRA~2/Arm GNU Toolchain arm-none-eabi/13.3 rel1/bin/../lib/gcc/arm-none-eabi/13.3.1/thumb/v7-m/nofp\libg_nano.a(libc_a-isattyr.o)
                0x08006f94                _isatty_r
 .text._sbrk_r  0x08006fb4       0x20 C:/PROGRA~2/Arm GNU Toolchain arm-none-eabi/13.3 rel1/bin/../lib/gcc/arm-none-eabi/13.3.1/thumb/v7-m/nofp\libg_nano.a(libc_a-sbrkr.o)
                0x08006fb4                _sbrk_r
 .text.memcpy   0x08006fd4       0x1c C:/PROGRA~2/Arm GNU Toolchain arm-none-eabi/13.3 rel1/bin/../lib/gcc/arm-none-eabi/13.3.1/thumb/v7-m/nofp\libg_nano.a(libc_a-memcpy-stub.o)
                0x08006fd4                memcpy
 .text.__assert_func
                0x08006ff0       0x3c C:/PROGRA~2/Arm GNU Toolchain arm-none-eabi/13.3 rel1/bin/../lib/gcc/arm-none-eabi/13.3.1/thumb/v7-m/nofp\libg_nano.a(libc_a-assert.o)
                0x08006ff0                __assert_func
 .text._calloc_r
                0x0800702c       0x28 C:/PROGRA~2/Arm GNU Toolchain arm-none-eabi/13.3 rel1/bin/../lib/gcc/arm-none-eabi/13.3.1/thumb/v7-m/nofp\libg_nano.a(libc_a-callocr.o)
                0x0800702c                _calloc_r
 .text.__ascii_mbtowc
                0x08007054       0x24 C:/PROGRA~2/Arm GNU Toolchain arm-none-eabi/13.3 rel1/bin/../lib/gcc/arm-none-eabi/13.3.1/thumb/v7-m/nofp\libg_nano.a(libc_a-mbtowc_r.o)
                0x08007054                __ascii_mbtowc
 .text.__ascii_wctomb
                0x08007078       0x1a C:/PROGRA~2/Arm GNU Toolchain arm-none-eabi/13.3 rel1/bin/../lib/gcc/arm-none-eabi/13.3.1/thumb/v7-m/nofp\libg_nano.a(libc_a-wctomb_r.o)
                0x08007078                __ascii_wctomb
 *fill*         0x08007092        0x2 
 .text.fprintf  0x08007094       0x24 C:/PROGRA~2/Arm GNU Toolchain arm-none-eabi/13.3 rel1/bin/../lib/gcc/arm-none-eabi/13.3.1/thumb/v7-m/nofp\libg_nano.a(libc_a-fprintf.o)
                0x08007094                fiprintf
                0x08007094                fprintf
 .text.abort    0x080070b8        0xe C:/PROGRA~2/Arm GNU Toolchain arm-none-eabi/13.3 rel1/bin/../lib/gcc/arm-none-eabi/13.3.1/thumb/v7-m/nofp\libg_nano.a(libc_a-abort.o)
                0x080070b8                abort
 .text._raise_r
                0x080070c6       0x50 C:/PROGRA~2/Arm GNU Toolchain arm-none-eabi/13.3 rel1/bin/../lib/gcc/arm-none-eabi/13.3.1/thumb/v7-m/nofp\libg_nano.a(libc_a-signal.o)
                0x080070c6                _raise_r
 *fill*         0x08007116        0x2 
 .text.raise    0x08007118       0x10 C:/PROGRA~2/Arm GNU Toolchain arm-none-eabi/13.3 rel1/bin/../lib/gcc/arm-none-eabi/13.3.1/thumb/v7-m/nofp\libg_nano.a(libc_a-signal.o)
                0x08007118                raise
 .text._kill_r  0x08007128       0x24 C:/PROGRA~2/Arm GNU Toolchain arm-none-eabi/13.3 rel1/bin/../lib/gcc/arm-none-eabi/13.3.1/thumb/v7-m/nofp\libg_nano.a(libc_a-signalr.o)
                0x08007128                _kill_r
 .text._getpid_r
                0x0800714c        0x4 C:/PROGRA~2/Arm GNU Toolchain arm-none-eabi/13.3 rel1/bin/../lib/gcc/arm-none-eabi/13.3.1/thumb/v7-m/nofp\libg_nano.a(libc_a-signalr.o)
                0x0800714c                _getpid_r
 .text._fstat   0x08007150       0x10 C:/PROGRA~2/Arm GNU Toolchain arm-none-eabi/13.3 rel1/bin/../lib/gcc/arm-none-eabi/13.3.1/thumb/v7-m/nofp\libnosys.a(fstat.o)
                0x08007150                _fstat
 .text._getpid  0x08007160       0x10 C:/PROGRA~2/Arm GNU Toolchain arm-none-eabi/13.3 rel1/bin/../lib/gcc/arm-none-eabi/13.3.1/thumb/v7-m/nofp\libnosys.a(getpid.o)
                0x08007160                _getpid
 .text._kill    0x08007170       0x10 C:/PROGRA~2/Arm GNU Toolchain arm-none-eabi/13.3 rel1/bin/../lib/gcc/arm-none-eabi/13.3.1/thumb/v7-m/nofp\libnosys.a(kill.o)
                0x08007170                _kill
 .text._sbrk    0x08007180       0x1c C:/PROGRA~2/Arm GNU Toolchain arm-none-eabi/13.3 rel1/bin/../lib/gcc/arm-none-eabi/13.3.1/thumb/v7-m/nofp\libnosys.a(sbrk.o)
                0x08007180                _sbrk
 .text._exit    0x0800719c        0x4 C:/PROGRA~2/Arm GNU Toolchain arm-none-eabi/13.3 rel1/bin/../lib/gcc/arm-none-eabi/13.3.1/thumb/v7-m/nofp\libnosys.a(_exit.o)
                0x0800719c                _exit
 *(.glue_7)
 .glue_7        0x080071a0        0x0 linker stubs
 *(.glue_7t)
 .glue_7t       0x080071a0        0x0 linker stubs
 *(.eh_frame)
 .eh_frame      0x080071a0        0x0 C:/PROGRA~2/Arm GNU Toolchain arm-none-eabi/13.3 rel1/bin/../lib/gcc/arm-none-eabi/13.3.1/thumb/v7-m/nofp/crtbegin.o
 *(.init)
 .init          0x080071a0        0x4 C:/PROGRA~2/Arm GNU Toolchain arm-none-eabi/13.3 rel1/bin/../lib/gcc/arm-none-eabi/13.3.1/thumb/v7-m/nofp/crti.o
                0x080071a0                _init
 .init          0x080071a4        0x8 C:/PROGRA~2/Arm GNU Toolchain arm-none-eabi/13.3 rel1/bin/../lib/gcc/arm-none-eabi/13.3.1/thumb/v7-m/nofp/crtn.o
 *(.fini)
 .fini          0x080071ac        0x4 C:/PROGRA~2/Arm GNU Toolchain arm-none-eabi/13.3 rel1/bin/../lib/gcc/arm-none-eabi/13.3.1/thumb/v7-m/nofp/crti.o
                0x080071ac                _fini
 .fini          0x080071b0        0x8 C:/PROGRA~2/Arm GNU Toolchain arm-none-eabi/13.3 rel1/bin/../lib/gcc/arm-none-eabi/13.3.1/thumb/v7-m/nofp/crtn.o
                0x080071b8                        . = ALIGN (0x4)
                0x080071b8                        _etext = .

.vfp11_veneer   0x080071b8        0x0
 .vfp11_veneer  0x080071b8        0x0 linker stubs

.v4_bx          0x080071b8        0x0
 .v4_bx         0x080071b8        0x0 linker stubs

.iplt           0x080071b8        0x0
 .iplt          0x080071b8        0x0 C:/PROGRA~2/Arm GNU Toolchain arm-none-eabi/13.3 rel1/bin/../lib/gcc/arm-none-eabi/13.3.1/thumb/v7-m/nofp/crtbegin.o

.rodata         0x080071b8      0x3f4
                0x080071b8                        . = ALIGN (0x4)
 *(.rodata)
 .rodata        0x080071b8       0x2d CMakeFiles/STM32_BLDC_Hall.elf.dir/User_program/Timer.c.obj
 *fill*         0x080071e5        0x3 
 .rodata        0x080071e8       0x38 CMakeFiles/STM32_BLDC_Hall.elf.dir/main.c.obj
 *(.rodata*)
 .rodata.APBAHBPrescTable
                0x08007220       0x10 CMakeFiles/STM32_BLDC_Hall.elf.dir/FWlib/src/stm32f10x_rcc.c.obj
 .rodata.ADCPrescTable
                0x08007230        0x4 CMakeFiles/STM32_BLDC_Hall.elf.dir/FWlib/src/stm32f10x_rcc.c.obj
 .rodata._printf_float.str1.1
                0x08007234      0x173 C:/PROGRA~2/Arm GNU Toolchain arm-none-eabi/13.3 rel1/bin/../lib/gcc/arm-none-eabi/13.3.1/thumb/v7-m/nofp\libg_nano.a(libc_a-nano-vfprintf_float.o)
                                 0x12 (size before relaxing)
 .rodata._printf_i.str1.1
                0x080073a7       0x22 C:/PROGRA~2/Arm GNU Toolchain arm-none-eabi/13.3 rel1/bin/../lib/gcc/arm-none-eabi/13.3.1/thumb/v7-m/nofp\libg_nano.a(libc_a-nano-vfprintf_i.o)
 .rodata._dtoa_r.str1.1
                0x080073a7       0x90 C:/PROGRA~2/Arm GNU Toolchain arm-none-eabi/13.3 rel1/bin/../lib/gcc/arm-none-eabi/13.3.1/thumb/v7-m/nofp\libg_nano.a(libc_a-dtoa.o)
 .rodata._Balloc.str1.1
                0x080073a7       0x71 C:/PROGRA~2/Arm GNU Toolchain arm-none-eabi/13.3 rel1/bin/../lib/gcc/arm-none-eabi/13.3.1/thumb/v7-m/nofp\libg_nano.a(libc_a-mprec.o)
 .rodata.__multadd.str1.1
                0x080073a7       0x11 C:/PROGRA~2/Arm GNU Toolchain arm-none-eabi/13.3 rel1/bin/../lib/gcc/arm-none-eabi/13.3.1/thumb/v7-m/nofp\libg_nano.a(libc_a-mprec.o)
 *fill*         0x080073a7        0x1 
 .rodata.p05.0  0x080073a8        0xc C:/PROGRA~2/Arm GNU Toolchain arm-none-eabi/13.3 rel1/bin/../lib/gcc/arm-none-eabi/13.3.1/thumb/v7-m/nofp\libg_nano.a(libc_a-mprec.o)
 *fill*         0x080073b4        0x4 
 .rodata.__mprec_bigtens
                0x080073b8       0x28 C:/PROGRA~2/Arm GNU Toolchain arm-none-eabi/13.3 rel1/bin/../lib/gcc/arm-none-eabi/13.3.1/thumb/v7-m/nofp\libg_nano.a(libc_a-mprec.o)
                0x080073b8                __mprec_bigtens
 .rodata.__mprec_tens
                0x080073e0       0xc8 C:/PROGRA~2/Arm GNU Toolchain arm-none-eabi/13.3 rel1/bin/../lib/gcc/arm-none-eabi/13.3.1/thumb/v7-m/nofp\libg_nano.a(libc_a-mprec.o)
                0x080073e0                __mprec_tens
 .rodata._vfprintf_r.str1.1
                0x080074a8       0x11 C:/PROGRA~2/Arm GNU Toolchain arm-none-eabi/13.3 rel1/bin/../lib/gcc/arm-none-eabi/13.3.1/thumb/v7-m/nofp\libg_nano.a(libc_a-nano-vfprintf.o)
 .rodata._setlocale_r.str1.1
                0x080074a8        0x9 C:/PROGRA~2/Arm GNU Toolchain arm-none-eabi/13.3 rel1/bin/../lib/gcc/arm-none-eabi/13.3.1/thumb/v7-m/nofp\libg_nano.a(libc_a-locale.o)
 .rodata.str1.1
                0x080074a8        0x2 C:/PROGRA~2/Arm GNU Toolchain arm-none-eabi/13.3 rel1/bin/../lib/gcc/arm-none-eabi/13.3.1/thumb/v7-m/nofp\libg_nano.a(libc_a-locale.o)
 .rodata.__assert_func.str1.1
                0x080074a8       0x3d C:/PROGRA~2/Arm GNU Toolchain arm-none-eabi/13.3 rel1/bin/../lib/gcc/arm-none-eabi/13.3.1/thumb/v7-m/nofp\libg_nano.a(libc_a-assert.o)
 .rodata._ctype_
                0x080074a8      0x101 C:/PROGRA~2/Arm GNU Toolchain arm-none-eabi/13.3 rel1/bin/../lib/gcc/arm-none-eabi/13.3.1/thumb/v7-m/nofp\libg_nano.a(libc_a-ctype_.o)
                0x080074a8                _ctype_
                0x080075ac                        . = ALIGN (0x4)
 *fill*         0x080075a9        0x3 

.ARM.extab
 *(.ARM.extab* .gnu.linkonce.armextab.*)

.ARM            0x080075ac        0x8
                0x080075ac                        __exidx_start = .
 *(.ARM.exidx*)
 .ARM.exidx     0x080075ac        0x8 C:/PROGRA~2/Arm GNU Toolchain arm-none-eabi/13.3 rel1/bin/../lib/gcc/arm-none-eabi/13.3.1/thumb/v7-m/nofp\libg_nano.a(libc_a-strcmp.o)
 .ARM.exidx     0x080075b4        0x0 C:/PROGRA~2/Arm GNU Toolchain arm-none-eabi/13.3 rel1/bin/../lib/gcc/arm-none-eabi/13.3.1/thumb/v7-m/nofp\libg_nano.a(libc_a-strlen.o)
                                  0x8 (size before relaxing)
                0x080075b4                        __exidx_end = .

.rel.dyn        0x080075b4        0x0
 .rel.iplt      0x080075b4        0x0 C:/PROGRA~2/Arm GNU Toolchain arm-none-eabi/13.3 rel1/bin/../lib/gcc/arm-none-eabi/13.3.1/thumb/v7-m/nofp/crtbegin.o

.preinit_array  0x080075b4        0x0
                0x080075b4                        PROVIDE (__preinit_array_start = .)
 *(.preinit_array*)
                0x080075b4                        PROVIDE (__preinit_array_end = .)

.init_array     0x080075b4        0x4
                0x080075b4                        PROVIDE (__init_array_start = .)
 *(SORT_BY_NAME(.init_array.*))
 *(.init_array*)
 .init_array    0x080075b4        0x4 C:/PROGRA~2/Arm GNU Toolchain arm-none-eabi/13.3 rel1/bin/../lib/gcc/arm-none-eabi/13.3.1/thumb/v7-m/nofp/crtbegin.o
                0x080075b8                        PROVIDE (__init_array_end = .)

.fini_array     0x080075b8        0x4
                [!provide]                        PROVIDE (__fini_array_start = .)
 *(SORT_BY_NAME(.fini_array.*))
 *(.fini_array*)
 .fini_array    0x080075b8        0x4 C:/PROGRA~2/Arm GNU Toolchain arm-none-eabi/13.3 rel1/bin/../lib/gcc/arm-none-eabi/13.3.1/thumb/v7-m/nofp/crtbegin.o
                [!provide]                        PROVIDE (__fini_array_end = .)
                0x080075bc                        _sidata = LOADADDR (.data)

.data           0x20000000      0x288 load address 0x080075bc
                0x20000000                        . = ALIGN (0x4)
                0x20000000                        _sdata = .
 *(.data)
 *(.data*)
 .data.BUS_CurrProtection
                0x20000000        0x2 CMakeFiles/STM32_BLDC_Hall.elf.dir/User_program/ADC_int.c.obj
                0x20000000                BUS_CurrProtection
 .data.HallK1   0x20000002        0x2 CMakeFiles/STM32_BLDC_Hall.elf.dir/User_program/ThreeHall.c.obj
                0x20000002                HallK1
 .data.HallK2   0x20000004        0x2 CMakeFiles/STM32_BLDC_Hall.elf.dir/User_program/ThreeHall.c.obj
                0x20000004                HallK2
 .data.FilK1    0x20000006        0x2 CMakeFiles/STM32_BLDC_Hall.elf.dir/User_program/Tim1_ISR_MCLoop.c.obj
                0x20000006                FilK1
 .data.FilK2    0x20000008        0x2 CMakeFiles/STM32_BLDC_Hall.elf.dir/User_program/Tim1_ISR_MCLoop.c.obj
                0x20000008                FilK2
 *fill*         0x2000000a        0x2 
 .data.pi_spd   0x2000000c       0x30 CMakeFiles/STM32_BLDC_Hall.elf.dir/main.c.obj
                0x2000000c                pi_spd
 .data.pi_ICurr
                0x2000003c       0x30 CMakeFiles/STM32_BLDC_Hall.elf.dir/main.c.obj
                0x2000003c                pi_ICurr
 .data.ADCSampPare
                0x2000006c       0x2c CMakeFiles/STM32_BLDC_Hall.elf.dir/main.c.obj
                0x2000006c                ADCSampPare
 .data.Hall_Three
                0x20000098       0x28 CMakeFiles/STM32_BLDC_Hall.elf.dir/main.c.obj
                0x20000098                Hall_Three
 .data.__sglue  0x200000c0        0xc C:/PROGRA~2/Arm GNU Toolchain arm-none-eabi/13.3 rel1/bin/../lib/gcc/arm-none-eabi/13.3.1/thumb/v7-m/nofp\libg_nano.a(libc_a-findfp.o)
                0x200000c0                __sglue
 .data._impure_ptr
                0x200000cc        0x4 C:/PROGRA~2/Arm GNU Toolchain arm-none-eabi/13.3 rel1/bin/../lib/gcc/arm-none-eabi/13.3.1/thumb/v7-m/nofp\libg_nano.a(libc_a-impure.o)
                0x200000cc                _impure_ptr
 .data._impure_data
                0x200000d0       0x4c C:/PROGRA~2/Arm GNU Toolchain arm-none-eabi/13.3 rel1/bin/../lib/gcc/arm-none-eabi/13.3.1/thumb/v7-m/nofp\libg_nano.a(libc_a-impure.o)
                0x200000d0                _impure_data
 .data.__global_locale
                0x2000011c      0x16c C:/PROGRA~2/Arm GNU Toolchain arm-none-eabi/13.3 rel1/bin/../lib/gcc/arm-none-eabi/13.3.1/thumb/v7-m/nofp\libg_nano.a(libc_a-locale.o)
                0x2000011c                __global_locale
                0x20000288                        . = ALIGN (0x4)
                0x20000288                        _edata = .

.tm_clone_table
                0x20000288        0x0 load address 0x08007844
 .tm_clone_table
                0x20000288        0x0 C:/PROGRA~2/Arm GNU Toolchain arm-none-eabi/13.3 rel1/bin/../lib/gcc/arm-none-eabi/13.3.1/thumb/v7-m/nofp/crtbegin.o
 .tm_clone_table
                0x20000288        0x0 C:/PROGRA~2/Arm GNU Toolchain arm-none-eabi/13.3 rel1/bin/../lib/gcc/arm-none-eabi/13.3.1/thumb/v7-m/nofp/crtend.o

.igot.plt       0x20000288        0x0 load address 0x08007844
 .igot.plt      0x20000288        0x0 C:/PROGRA~2/Arm GNU Toolchain arm-none-eabi/13.3 rel1/bin/../lib/gcc/arm-none-eabi/13.3.1/thumb/v7-m/nofp/crtbegin.o
                0x20000288                        . = ALIGN (0x4)

.bss            0x20000288      0x414 load address 0x08007844
                0x20000288                        _sbss = .
                0x20000288                        __bss_start__ = _sbss
 *(.bss)
 *(.bss*)
 .bss.completed.1
                0x20000288        0x1 C:/PROGRA~2/Arm GNU Toolchain arm-none-eabi/13.3 rel1/bin/../lib/gcc/arm-none-eabi/13.3.1/thumb/v7-m/nofp/crtbegin.o
 *fill*         0x20000289        0x3 
 .bss.object.0  0x2000028c       0x18 C:/PROGRA~2/Arm GNU Toolchain arm-none-eabi/13.3 rel1/bin/../lib/gcc/arm-none-eabi/13.3.1/thumb/v7-m/nofp/crtbegin.o
 .bss.ADC_ConvertedValue
                0x200002a4        0xa CMakeFiles/STM32_BLDC_Hall.elf.dir/User_program/ADC_int.c.obj
                0x200002a4                ADC_ConvertedValue
 .bss.i.3       0x200002ae        0x1 CMakeFiles/STM32_BLDC_Hall.elf.dir/User_program/ADC_int.c.obj
 *fill*         0x200002af        0x1 
 .bss.ADC_PhaseU_Curr.2
                0x200002b0       0x80 CMakeFiles/STM32_BLDC_Hall.elf.dir/User_program/ADC_int.c.obj
 .bss.ADC_PhaseV_Curr.1
                0x20000330       0x80 CMakeFiles/STM32_BLDC_Hall.elf.dir/User_program/ADC_int.c.obj
 .bss.ADC_BUS_Curr.0
                0x200003b0       0x80 CMakeFiles/STM32_BLDC_Hall.elf.dir/User_program/ADC_int.c.obj
 .bss.DUTY      0x20000430        0x2 CMakeFiles/STM32_BLDC_Hall.elf.dir/User_program/Tim1_PWM.c.obj
                0x20000430                DUTY
 *fill*         0x20000432        0x2 
 .bss.G_uart    0x20000434        0x4 CMakeFiles/STM32_BLDC_Hall.elf.dir/User_program/printf_uart.c.obj
                0x20000434                G_uart
 .bss.TestPare  0x20000438       0x28 CMakeFiles/STM32_BLDC_Hall.elf.dir/main.c.obj
                0x20000438                TestPare
 .bss.TaskTimePare
                0x20000460       0x18 CMakeFiles/STM32_BLDC_Hall.elf.dir/main.c.obj
                0x20000460                TaskTimePare
 .bss.logicContr
                0x20000478        0xa CMakeFiles/STM32_BLDC_Hall.elf.dir/main.c.obj
                0x20000478                logicContr
 *fill*         0x20000482        0x2 
 .bss.fuzzy_spd
                0x20000484       0x20 CMakeFiles/STM32_BLDC_Hall.elf.dir/main.c.obj
                0x20000484                fuzzy_spd
 .bss.fuzzy_curr
                0x200004a4       0x20 CMakeFiles/STM32_BLDC_Hall.elf.dir/main.c.obj
                0x200004a4                fuzzy_curr
 .bss.rxcmd     0x200004c4        0x2 CMakeFiles/STM32_BLDC_Hall.elf.dir/main.c.obj
                0x200004c4                rxcmd
 .bss.switchRX  0x200004c6        0x1 CMakeFiles/STM32_BLDC_Hall.elf.dir/main.c.obj
                0x200004c6                switchRX
 *fill*         0x200004c7        0x1 
 .bss.uart_rx_buffer
                0x200004c8       0x80 CMakeFiles/STM32_BLDC_Hall.elf.dir/main.c.obj
                0x200004c8                uart_rx_buffer
 .bss.uart_rx_write_ptr
                0x20000548        0x2 CMakeFiles/STM32_BLDC_Hall.elf.dir/main.c.obj
                0x20000548                uart_rx_write_ptr
 .bss.uart_rx_line_complete
                0x2000054a        0x1 CMakeFiles/STM32_BLDC_Hall.elf.dir/main.c.obj
                0x2000054a                uart_rx_line_complete
 *fill*         0x2000054b        0x1 
 .bss.__sf      0x2000054c      0x138 C:/PROGRA~2/Arm GNU Toolchain arm-none-eabi/13.3 rel1/bin/../lib/gcc/arm-none-eabi/13.3.1/thumb/v7-m/nofp\libg_nano.a(libc_a-findfp.o)
                0x2000054c                __sf
 .bss.__stdio_exit_handler
                0x20000684        0x4 C:/PROGRA~2/Arm GNU Toolchain arm-none-eabi/13.3 rel1/bin/../lib/gcc/arm-none-eabi/13.3.1/thumb/v7-m/nofp\libg_nano.a(libc_a-findfp.o)
                0x20000684                __stdio_exit_handler
 .bss.errno     0x20000688        0x4 C:/PROGRA~2/Arm GNU Toolchain arm-none-eabi/13.3 rel1/bin/../lib/gcc/arm-none-eabi/13.3.1/thumb/v7-m/nofp\libg_nano.a(libc_a-reent.o)
                0x20000688                errno
 .bss.__lock___malloc_recursive_mutex
                0x2000068c        0x1 C:/PROGRA~2/Arm GNU Toolchain arm-none-eabi/13.3 rel1/bin/../lib/gcc/arm-none-eabi/13.3.1/thumb/v7-m/nofp\libg_nano.a(libc_a-lock.o)
                0x2000068c                __lock___malloc_recursive_mutex
 .bss.__lock___sfp_recursive_mutex
                0x2000068d        0x1 C:/PROGRA~2/Arm GNU Toolchain arm-none-eabi/13.3 rel1/bin/../lib/gcc/arm-none-eabi/13.3.1/thumb/v7-m/nofp\libg_nano.a(libc_a-lock.o)
                0x2000068d                __lock___sfp_recursive_mutex
 *fill*         0x2000068e        0x2 
 .bss.__malloc_sbrk_start
                0x20000690        0x4 C:/PROGRA~2/Arm GNU Toolchain arm-none-eabi/13.3 rel1/bin/../lib/gcc/arm-none-eabi/13.3.1/thumb/v7-m/nofp\libg_nano.a(libc_a-mallocr.o)
                0x20000690                __malloc_sbrk_start
 .bss.__malloc_free_list
                0x20000694        0x4 C:/PROGRA~2/Arm GNU Toolchain arm-none-eabi/13.3 rel1/bin/../lib/gcc/arm-none-eabi/13.3.1/thumb/v7-m/nofp\libg_nano.a(libc_a-mallocr.o)
                0x20000694                __malloc_free_list
 .bss.heap_end.0
                0x20000698        0x4 C:/PROGRA~2/Arm GNU Toolchain arm-none-eabi/13.3 rel1/bin/../lib/gcc/arm-none-eabi/13.3.1/thumb/v7-m/nofp\libnosys.a(sbrk.o)
 *(COMMON)
                0x2000069c                        . = ALIGN (0x4)
                0x2000069c                        _ebss = .
                0x2000069c                        __bss_end__ = _ebss

._user_heap_stack
                0x2000069c      0x604 load address 0x08007844
                0x200006a0                        . = ALIGN (0x8)
 *fill*         0x2000069c        0x4 
                0x200006a0                        PROVIDE (end = .)
                [!provide]                        PROVIDE (_end = .)
                0x200008a0                        . = (. + _Min_Heap_Size)
 *fill*         0x200006a0      0x200 
                0x20000ca0                        . = (. + _Min_Stack_Size)
 *fill*         0x200008a0      0x400 
                0x20000ca0                        . = ALIGN (0x8)

/DISCARD/
 libc.a(*)
 libm.a(*)
 libgcc.a(*)

.ARM.attributes
                0x00000000       0x29
 *(.ARM.attributes)
 .ARM.attributes
                0x00000000       0x1d C:/PROGRA~2/Arm GNU Toolchain arm-none-eabi/13.3 rel1/bin/../lib/gcc/arm-none-eabi/13.3.1/thumb/v7-m/nofp/crti.o
 .ARM.attributes
                0x0000001d       0x2d C:/PROGRA~2/Arm GNU Toolchain arm-none-eabi/13.3 rel1/bin/../lib/gcc/arm-none-eabi/13.3.1/thumb/v7-m/nofp/crtbegin.o
 .ARM.attributes
                0x0000004a       0x2d CMakeFiles/STM32_BLDC_Hall.elf.dir/User_program/ADC_int.c.obj
 .ARM.attributes
                0x00000077       0x2d CMakeFiles/STM32_BLDC_Hall.elf.dir/User_program/Fuzzy_Control.c.obj
 .ARM.attributes
                0x000000a4       0x2d CMakeFiles/STM32_BLDC_Hall.elf.dir/User_program/GPIO_int.c.obj
 .ARM.attributes
                0x000000d1       0x2d CMakeFiles/STM32_BLDC_Hall.elf.dir/User_program/IQ_math.c.obj
 .ARM.attributes
                0x000000fe       0x2d CMakeFiles/STM32_BLDC_Hall.elf.dir/User_program/PI_Cale.c.obj
 .ARM.attributes
                0x0000012b       0x2d CMakeFiles/STM32_BLDC_Hall.elf.dir/User_program/Task_function.c.obj
 .ARM.attributes
                0x00000158       0x2d CMakeFiles/STM32_BLDC_Hall.elf.dir/User_program/ThreeHall.c.obj
 .ARM.attributes
                0x00000185       0x2d CMakeFiles/STM32_BLDC_Hall.elf.dir/User_program/Tim1_ISR_MCLoop.c.obj
 .ARM.attributes
                0x000001b2       0x2d CMakeFiles/STM32_BLDC_Hall.elf.dir/User_program/Tim1_PWM.c.obj
 .ARM.attributes
                0x000001df       0x2d CMakeFiles/STM32_BLDC_Hall.elf.dir/User_program/Tim4_Encoder_PWMDAC.c.obj
 .ARM.attributes
                0x0000020c       0x2d CMakeFiles/STM32_BLDC_Hall.elf.dir/User_program/Timer.c.obj
 .ARM.attributes
                0x00000239       0x2d CMakeFiles/STM32_BLDC_Hall.elf.dir/User_program/printf_uart.c.obj
 .ARM.attributes
                0x00000266       0x2d CMakeFiles/STM32_BLDC_Hall.elf.dir/FWlib/src/misc.c.obj
 .ARM.attributes
                0x00000293       0x2d CMakeFiles/STM32_BLDC_Hall.elf.dir/FWlib/src/stm32f10x_adc.c.obj
 .ARM.attributes
                0x000002c0       0x2d CMakeFiles/STM32_BLDC_Hall.elf.dir/FWlib/src/stm32f10x_dma.c.obj
 .ARM.attributes
                0x000002ed       0x2d CMakeFiles/STM32_BLDC_Hall.elf.dir/FWlib/src/stm32f10x_gpio.c.obj
 .ARM.attributes
                0x0000031a       0x2d CMakeFiles/STM32_BLDC_Hall.elf.dir/FWlib/src/stm32f10x_it.c.obj
 .ARM.attributes
                0x00000347       0x2d CMakeFiles/STM32_BLDC_Hall.elf.dir/FWlib/src/stm32f10x_rcc.c.obj
 .ARM.attributes
                0x00000374       0x2d CMakeFiles/STM32_BLDC_Hall.elf.dir/FWlib/src/stm32f10x_tim.c.obj
 .ARM.attributes
                0x000003a1       0x2d CMakeFiles/STM32_BLDC_Hall.elf.dir/FWlib/src/stm32f10x_usart.c.obj
 .ARM.attributes
                0x000003ce       0x2d CMakeFiles/STM32_BLDC_Hall.elf.dir/main.c.obj
 .ARM.attributes
                0x000003fb       0x21 CMakeFiles/STM32_BLDC_Hall.elf.dir/startup/startup_stm32f103xb.s.obj
 .ARM.attributes
                0x0000041c       0x2d CMakeFiles/STM32_BLDC_Hall.elf.dir/CMSIS/system_stm32f10x.c.obj
 .ARM.attributes
                0x00000449       0x1d C:/PROGRA~2/Arm GNU Toolchain arm-none-eabi/13.3 rel1/bin/../lib/gcc/arm-none-eabi/13.3.1/thumb/v7-m/nofp\libgcc.a(_arm_addsubdf3.o)
 .ARM.attributes
                0x00000466       0x1d C:/PROGRA~2/Arm GNU Toolchain arm-none-eabi/13.3 rel1/bin/../lib/gcc/arm-none-eabi/13.3.1/thumb/v7-m/nofp\libgcc.a(_arm_addsubsf3.o)
 .ARM.attributes
                0x00000483       0x1d C:/PROGRA~2/Arm GNU Toolchain arm-none-eabi/13.3 rel1/bin/../lib/gcc/arm-none-eabi/13.3.1/thumb/v7-m/nofp\libgcc.a(_arm_muldivsf3.o)
 .ARM.attributes
                0x000004a0       0x1d C:/PROGRA~2/Arm GNU Toolchain arm-none-eabi/13.3 rel1/bin/../lib/gcc/arm-none-eabi/13.3.1/thumb/v7-m/nofp\libgcc.a(_arm_cmpsf2.o)
 .ARM.attributes
                0x000004bd       0x1d C:/PROGRA~2/Arm GNU Toolchain arm-none-eabi/13.3 rel1/bin/../lib/gcc/arm-none-eabi/13.3.1/thumb/v7-m/nofp\libgcc.a(_arm_fixunssfsi.o)
 .ARM.attributes
                0x000004da       0x2d C:/PROGRA~2/Arm GNU Toolchain arm-none-eabi/13.3 rel1/bin/../lib/gcc/arm-none-eabi/13.3.1/thumb/v7-m/nofp\libg_nano.a(libc_a-nano-vfprintf_float.o)
 .ARM.attributes
                0x00000507       0x2d C:/PROGRA~2/Arm GNU Toolchain arm-none-eabi/13.3 rel1/bin/../lib/gcc/arm-none-eabi/13.3.1/thumb/v7-m/nofp\libg_nano.a(libc_a-nano-vfprintf_i.o)
 .ARM.attributes
                0x00000534       0x2d C:/PROGRA~2/Arm GNU Toolchain arm-none-eabi/13.3 rel1/bin/../lib/gcc/arm-none-eabi/13.3.1/thumb/v7-m/nofp\libg_nano.a(libc_a-findfp.o)
 .ARM.attributes
                0x00000561       0x2d C:/PROGRA~2/Arm GNU Toolchain arm-none-eabi/13.3 rel1/bin/../lib/gcc/arm-none-eabi/13.3.1/thumb/v7-m/nofp\libg_nano.a(libc_a-fwalk.o)
 .ARM.attributes
                0x0000058e       0x2d C:/PROGRA~2/Arm GNU Toolchain arm-none-eabi/13.3 rel1/bin/../lib/gcc/arm-none-eabi/13.3.1/thumb/v7-m/nofp\libg_nano.a(libc_a-printf.o)
 .ARM.attributes
                0x000005bb       0x2d C:/PROGRA~2/Arm GNU Toolchain arm-none-eabi/13.3 rel1/bin/../lib/gcc/arm-none-eabi/13.3.1/thumb/v7-m/nofp\libg_nano.a(libc_a-setvbuf.o)
 .ARM.attributes
                0x000005e8       0x2d C:/PROGRA~2/Arm GNU Toolchain arm-none-eabi/13.3 rel1/bin/../lib/gcc/arm-none-eabi/13.3.1/thumb/v7-m/nofp\libg_nano.a(libc_a-stdio.o)
 .ARM.attributes
                0x00000615       0x2d C:/PROGRA~2/Arm GNU Toolchain arm-none-eabi/13.3 rel1/bin/../lib/gcc/arm-none-eabi/13.3.1/thumb/v7-m/nofp\libg_nano.a(libc_a-wbuf.o)
 .ARM.attributes
                0x00000642       0x2d C:/PROGRA~2/Arm GNU Toolchain arm-none-eabi/13.3 rel1/bin/../lib/gcc/arm-none-eabi/13.3.1/thumb/v7-m/nofp\libg_nano.a(libc_a-wsetup.o)
 .ARM.attributes
                0x0000066f       0x2d C:/PROGRA~2/Arm GNU Toolchain arm-none-eabi/13.3 rel1/bin/../lib/gcc/arm-none-eabi/13.3.1/thumb/v7-m/nofp\libg_nano.a(libc_a-memset.o)
 .ARM.attributes
                0x0000069c       0x2d C:/PROGRA~2/Arm GNU Toolchain arm-none-eabi/13.3 rel1/bin/../lib/gcc/arm-none-eabi/13.3.1/thumb/v7-m/nofp\libg_nano.a(libc_a-localeconv.o)
 .ARM.attributes
                0x000006c9       0x2d C:/PROGRA~2/Arm GNU Toolchain arm-none-eabi/13.3 rel1/bin/../lib/gcc/arm-none-eabi/13.3.1/thumb/v7-m/nofp\libg_nano.a(libc_a-closer.o)
 .ARM.attributes
                0x000006f6       0x2d C:/PROGRA~2/Arm GNU Toolchain arm-none-eabi/13.3 rel1/bin/../lib/gcc/arm-none-eabi/13.3.1/thumb/v7-m/nofp\libg_nano.a(libc_a-reent.o)
 .ARM.attributes
                0x00000723       0x2d C:/PROGRA~2/Arm GNU Toolchain arm-none-eabi/13.3 rel1/bin/../lib/gcc/arm-none-eabi/13.3.1/thumb/v7-m/nofp\libg_nano.a(libc_a-impure.o)
 .ARM.attributes
                0x00000750       0x2d C:/PROGRA~2/Arm GNU Toolchain arm-none-eabi/13.3 rel1/bin/../lib/gcc/arm-none-eabi/13.3.1/thumb/v7-m/nofp\libg_nano.a(libc_a-lseekr.o)
 .ARM.attributes
                0x0000077d       0x2d C:/PROGRA~2/Arm GNU Toolchain arm-none-eabi/13.3 rel1/bin/../lib/gcc/arm-none-eabi/13.3.1/thumb/v7-m/nofp\libg_nano.a(libc_a-readr.o)
 .ARM.attributes
                0x000007aa       0x2d C:/PROGRA~2/Arm GNU Toolchain arm-none-eabi/13.3 rel1/bin/../lib/gcc/arm-none-eabi/13.3.1/thumb/v7-m/nofp\libg_nano.a(libc_a-writer.o)
 .ARM.attributes
                0x000007d7       0x2d C:/PROGRA~2/Arm GNU Toolchain arm-none-eabi/13.3 rel1/bin/../lib/gcc/arm-none-eabi/13.3.1/thumb/v7-m/nofp\libg_nano.a(libc_a-init.o)
 .ARM.attributes
                0x00000804       0x2d C:/PROGRA~2/Arm GNU Toolchain arm-none-eabi/13.3 rel1/bin/../lib/gcc/arm-none-eabi/13.3.1/thumb/v7-m/nofp\libg_nano.a(libc_a-lock.o)
 .ARM.attributes
                0x00000831       0x1b C:/PROGRA~2/Arm GNU Toolchain arm-none-eabi/13.3 rel1/bin/../lib/gcc/arm-none-eabi/13.3.1/thumb/v7-m/nofp\libg_nano.a(libc_a-strcmp.o)
 .ARM.attributes
                0x0000084c       0x2d C:/PROGRA~2/Arm GNU Toolchain arm-none-eabi/13.3 rel1/bin/../lib/gcc/arm-none-eabi/13.3.1/thumb/v7-m/nofp\libg_nano.a(libc_a-memchr-stub.o)
 .ARM.attributes
                0x00000879       0x17 C:/PROGRA~2/Arm GNU Toolchain arm-none-eabi/13.3 rel1/bin/../lib/gcc/arm-none-eabi/13.3.1/thumb/v7-m/nofp\libg_nano.a(libc_a-strlen.o)
 .ARM.attributes
                0x00000890       0x2d C:/PROGRA~2/Arm GNU Toolchain arm-none-eabi/13.3 rel1/bin/../lib/gcc/arm-none-eabi/13.3.1/thumb/v7-m/nofp\libg_nano.a(libc_a-dtoa.o)
 .ARM.attributes
                0x000008bd       0x2d C:/PROGRA~2/Arm GNU Toolchain arm-none-eabi/13.3 rel1/bin/../lib/gcc/arm-none-eabi/13.3.1/thumb/v7-m/nofp\libg_nano.a(libc_a-freer.o)
 .ARM.attributes
                0x000008ea       0x2d C:/PROGRA~2/Arm GNU Toolchain arm-none-eabi/13.3 rel1/bin/../lib/gcc/arm-none-eabi/13.3.1/thumb/v7-m/nofp\libg_nano.a(libc_a-malloc.o)
 .ARM.attributes
                0x00000917       0x2d C:/PROGRA~2/Arm GNU Toolchain arm-none-eabi/13.3 rel1/bin/../lib/gcc/arm-none-eabi/13.3.1/thumb/v7-m/nofp\libg_nano.a(libc_a-mallocr.o)
 .ARM.attributes
                0x00000944       0x2d C:/PROGRA~2/Arm GNU Toolchain arm-none-eabi/13.3 rel1/bin/../lib/gcc/arm-none-eabi/13.3.1/thumb/v7-m/nofp\libg_nano.a(libc_a-mlock.o)
 .ARM.attributes
                0x00000971       0x2d C:/PROGRA~2/Arm GNU Toolchain arm-none-eabi/13.3 rel1/bin/../lib/gcc/arm-none-eabi/13.3.1/thumb/v7-m/nofp\libg_nano.a(libc_a-mprec.o)
 .ARM.attributes
                0x0000099e       0x2d C:/PROGRA~2/Arm GNU Toolchain arm-none-eabi/13.3 rel1/bin/../lib/gcc/arm-none-eabi/13.3.1/thumb/v7-m/nofp\libg_nano.a(libc_a-nano-vfprintf.o)
 .ARM.attributes
                0x000009cb       0x2d C:/PROGRA~2/Arm GNU Toolchain arm-none-eabi/13.3 rel1/bin/../lib/gcc/arm-none-eabi/13.3.1/thumb/v7-m/nofp\libg_nano.a(libc_a-fflush.o)
 .ARM.attributes
                0x000009f8       0x2d C:/PROGRA~2/Arm GNU Toolchain arm-none-eabi/13.3 rel1/bin/../lib/gcc/arm-none-eabi/13.3.1/thumb/v7-m/nofp\libg_nano.a(libc_a-makebuf.o)
 .ARM.attributes
                0x00000a25       0x2d C:/PROGRA~2/Arm GNU Toolchain arm-none-eabi/13.3 rel1/bin/../lib/gcc/arm-none-eabi/13.3.1/thumb/v7-m/nofp\libg_nano.a(libc_a-locale.o)
 .ARM.attributes
                0x00000a52       0x2d C:/PROGRA~2/Arm GNU Toolchain arm-none-eabi/13.3 rel1/bin/../lib/gcc/arm-none-eabi/13.3.1/thumb/v7-m/nofp\libg_nano.a(libc_a-fstatr.o)
 .ARM.attributes
                0x00000a7f       0x2d C:/PROGRA~2/Arm GNU Toolchain arm-none-eabi/13.3 rel1/bin/../lib/gcc/arm-none-eabi/13.3.1/thumb/v7-m/nofp\libg_nano.a(libc_a-isattyr.o)
 .ARM.attributes
                0x00000aac       0x2d C:/PROGRA~2/Arm GNU Toolchain arm-none-eabi/13.3 rel1/bin/../lib/gcc/arm-none-eabi/13.3.1/thumb/v7-m/nofp\libg_nano.a(libc_a-sbrkr.o)
 .ARM.attributes
                0x00000ad9       0x2d C:/PROGRA~2/Arm GNU Toolchain arm-none-eabi/13.3 rel1/bin/../lib/gcc/arm-none-eabi/13.3.1/thumb/v7-m/nofp\libg_nano.a(libc_a-memcpy-stub.o)
 .ARM.attributes
                0x00000b06       0x2d C:/PROGRA~2/Arm GNU Toolchain arm-none-eabi/13.3 rel1/bin/../lib/gcc/arm-none-eabi/13.3.1/thumb/v7-m/nofp\libg_nano.a(libc_a-assert.o)
 .ARM.attributes
                0x00000b33       0x2d C:/PROGRA~2/Arm GNU Toolchain arm-none-eabi/13.3 rel1/bin/../lib/gcc/arm-none-eabi/13.3.1/thumb/v7-m/nofp\libg_nano.a(libc_a-callocr.o)
 .ARM.attributes
                0x00000b60       0x2d C:/PROGRA~2/Arm GNU Toolchain arm-none-eabi/13.3 rel1/bin/../lib/gcc/arm-none-eabi/13.3.1/thumb/v7-m/nofp\libg_nano.a(libc_a-mbtowc_r.o)
 .ARM.attributes
                0x00000b8d       0x2d C:/PROGRA~2/Arm GNU Toolchain arm-none-eabi/13.3 rel1/bin/../lib/gcc/arm-none-eabi/13.3.1/thumb/v7-m/nofp\libg_nano.a(libc_a-wctomb_r.o)
 .ARM.attributes
                0x00000bba       0x2d C:/PROGRA~2/Arm GNU Toolchain arm-none-eabi/13.3 rel1/bin/../lib/gcc/arm-none-eabi/13.3.1/thumb/v7-m/nofp\libg_nano.a(libc_a-ctype_.o)
 .ARM.attributes
                0x00000be7       0x2d C:/PROGRA~2/Arm GNU Toolchain arm-none-eabi/13.3 rel1/bin/../lib/gcc/arm-none-eabi/13.3.1/thumb/v7-m/nofp\libg_nano.a(libc_a-fprintf.o)
 .ARM.attributes
                0x00000c14       0x2d C:/PROGRA~2/Arm GNU Toolchain arm-none-eabi/13.3 rel1/bin/../lib/gcc/arm-none-eabi/13.3.1/thumb/v7-m/nofp\libg_nano.a(libc_a-abort.o)
 .ARM.attributes
                0x00000c41       0x2d C:/PROGRA~2/Arm GNU Toolchain arm-none-eabi/13.3 rel1/bin/../lib/gcc/arm-none-eabi/13.3.1/thumb/v7-m/nofp\libg_nano.a(libc_a-signal.o)
 .ARM.attributes
                0x00000c6e       0x2d C:/PROGRA~2/Arm GNU Toolchain arm-none-eabi/13.3 rel1/bin/../lib/gcc/arm-none-eabi/13.3.1/thumb/v7-m/nofp\libg_nano.a(libc_a-signalr.o)
 .ARM.attributes
                0x00000c9b       0x1d C:/PROGRA~2/Arm GNU Toolchain arm-none-eabi/13.3 rel1/bin/../lib/gcc/arm-none-eabi/13.3.1/thumb/v7-m/nofp\libgcc.a(_arm_muldivdf3.o)
 .ARM.attributes
                0x00000cb8       0x1d C:/PROGRA~2/Arm GNU Toolchain arm-none-eabi/13.3 rel1/bin/../lib/gcc/arm-none-eabi/13.3.1/thumb/v7-m/nofp\libgcc.a(_arm_cmpdf2.o)
 .ARM.attributes
                0x00000cd5       0x1d C:/PROGRA~2/Arm GNU Toolchain arm-none-eabi/13.3 rel1/bin/../lib/gcc/arm-none-eabi/13.3.1/thumb/v7-m/nofp\libgcc.a(_arm_unorddf2.o)
 .ARM.attributes
                0x00000cf2       0x1d C:/PROGRA~2/Arm GNU Toolchain arm-none-eabi/13.3 rel1/bin/../lib/gcc/arm-none-eabi/13.3.1/thumb/v7-m/nofp\libgcc.a(_arm_fixdfsi.o)
 .ARM.attributes
                0x00000d0f       0x2d C:/PROGRA~2/Arm GNU Toolchain arm-none-eabi/13.3 rel1/bin/../lib/gcc/arm-none-eabi/13.3.1/thumb/v7-m/nofp\libnosys.a(fstat.o)
 .ARM.attributes
                0x00000d3c       0x2d C:/PROGRA~2/Arm GNU Toolchain arm-none-eabi/13.3 rel1/bin/../lib/gcc/arm-none-eabi/13.3.1/thumb/v7-m/nofp\libnosys.a(getpid.o)
 .ARM.attributes
                0x00000d69       0x2d C:/PROGRA~2/Arm GNU Toolchain arm-none-eabi/13.3 rel1/bin/../lib/gcc/arm-none-eabi/13.3.1/thumb/v7-m/nofp\libnosys.a(kill.o)
 .ARM.attributes
                0x00000d96       0x2d C:/PROGRA~2/Arm GNU Toolchain arm-none-eabi/13.3 rel1/bin/../lib/gcc/arm-none-eabi/13.3.1/thumb/v7-m/nofp\libnosys.a(sbrk.o)
 .ARM.attributes
                0x00000dc3       0x2d C:/PROGRA~2/Arm GNU Toolchain arm-none-eabi/13.3 rel1/bin/../lib/gcc/arm-none-eabi/13.3.1/thumb/v7-m/nofp\libnosys.a(_exit.o)
 .ARM.attributes
                0x00000df0       0x2d C:/PROGRA~2/Arm GNU Toolchain arm-none-eabi/13.3 rel1/bin/../lib/gcc/arm-none-eabi/13.3.1/thumb/v7-m/nofp/crtend.o
 .ARM.attributes
                0x00000e1d       0x1d C:/PROGRA~2/Arm GNU Toolchain arm-none-eabi/13.3 rel1/bin/../lib/gcc/arm-none-eabi/13.3.1/thumb/v7-m/nofp/crtn.o
OUTPUT(STM32_BLDC_Hall.elf elf32-littlearm)
LOAD linker stubs
LOAD C:/PROGRA~2/Arm GNU Toolchain arm-none-eabi/13.3 rel1/bin/../lib/gcc/arm-none-eabi/13.3.1/thumb/v7-m/nofp\libc.a
LOAD C:/PROGRA~2/Arm GNU Toolchain arm-none-eabi/13.3 rel1/bin/../lib/gcc/arm-none-eabi/13.3.1/thumb/v7-m/nofp\libm.a
LOAD C:/PROGRA~2/Arm GNU Toolchain arm-none-eabi/13.3 rel1/bin/../lib/gcc/arm-none-eabi/13.3.1/thumb/v7-m/nofp\libgcc.a

.debug_info     0x00000000     0xa62f
 .debug_info    0x00000000      0x771 CMakeFiles/STM32_BLDC_Hall.elf.dir/User_program/ADC_int.c.obj
 .debug_info    0x00000771      0x1de CMakeFiles/STM32_BLDC_Hall.elf.dir/User_program/Fuzzy_Control.c.obj
 .debug_info    0x0000094f      0x3d0 CMakeFiles/STM32_BLDC_Hall.elf.dir/User_program/GPIO_int.c.obj
 .debug_info    0x00000d1f      0x2dd CMakeFiles/STM32_BLDC_Hall.elf.dir/User_program/IQ_math.c.obj
 .debug_info    0x00000ffc      0x199 CMakeFiles/STM32_BLDC_Hall.elf.dir/User_program/PI_Cale.c.obj
 .debug_info    0x00001195      0x2f0 CMakeFiles/STM32_BLDC_Hall.elf.dir/User_program/Task_function.c.obj
 .debug_info    0x00001485      0x341 CMakeFiles/STM32_BLDC_Hall.elf.dir/User_program/ThreeHall.c.obj
 .debug_info    0x000017c6      0x9fe CMakeFiles/STM32_BLDC_Hall.elf.dir/User_program/Tim1_ISR_MCLoop.c.obj
 .debug_info    0x000021c4      0x8cb CMakeFiles/STM32_BLDC_Hall.elf.dir/User_program/Tim1_PWM.c.obj
 .debug_info    0x00002a8f      0x50b CMakeFiles/STM32_BLDC_Hall.elf.dir/User_program/Tim4_Encoder_PWMDAC.c.obj
 .debug_info    0x00002f9a      0xc5f CMakeFiles/STM32_BLDC_Hall.elf.dir/User_program/Timer.c.obj
 .debug_info    0x00003bf9      0xf7a CMakeFiles/STM32_BLDC_Hall.elf.dir/User_program/printf_uart.c.obj
 .debug_info    0x00004b73      0x4e3 CMakeFiles/STM32_BLDC_Hall.elf.dir/FWlib/src/misc.c.obj
 .debug_info    0x00005056      0xb3e CMakeFiles/STM32_BLDC_Hall.elf.dir/FWlib/src/stm32f10x_adc.c.obj
 .debug_info    0x00005b94      0x432 CMakeFiles/STM32_BLDC_Hall.elf.dir/FWlib/src/stm32f10x_dma.c.obj
 .debug_info    0x00005fc6      0x6cc CMakeFiles/STM32_BLDC_Hall.elf.dir/FWlib/src/stm32f10x_gpio.c.obj
 .debug_info    0x00006692      0x2f7 CMakeFiles/STM32_BLDC_Hall.elf.dir/FWlib/src/stm32f10x_it.c.obj
 .debug_info    0x00006989      0x854 CMakeFiles/STM32_BLDC_Hall.elf.dir/FWlib/src/stm32f10x_rcc.c.obj
 .debug_info    0x000071dd     0x1bfd CMakeFiles/STM32_BLDC_Hall.elf.dir/FWlib/src/stm32f10x_tim.c.obj
 .debug_info    0x00008dda      0x9ed CMakeFiles/STM32_BLDC_Hall.elf.dir/FWlib/src/stm32f10x_usart.c.obj
 .debug_info    0x000097c7      0xa07 CMakeFiles/STM32_BLDC_Hall.elf.dir/main.c.obj
 .debug_info    0x0000a1ce       0x30 CMakeFiles/STM32_BLDC_Hall.elf.dir/startup/startup_stm32f103xb.s.obj
 .debug_info    0x0000a1fe      0x431 CMakeFiles/STM32_BLDC_Hall.elf.dir/CMSIS/system_stm32f10x.c.obj

.debug_abbrev   0x00000000     0x24a6
 .debug_abbrev  0x00000000      0x20e CMakeFiles/STM32_BLDC_Hall.elf.dir/User_program/ADC_int.c.obj
 .debug_abbrev  0x0000020e      0x14a CMakeFiles/STM32_BLDC_Hall.elf.dir/User_program/Fuzzy_Control.c.obj
 .debug_abbrev  0x00000358      0x195 CMakeFiles/STM32_BLDC_Hall.elf.dir/User_program/GPIO_int.c.obj
 .debug_abbrev  0x000004ed      0x140 CMakeFiles/STM32_BLDC_Hall.elf.dir/User_program/IQ_math.c.obj
 .debug_abbrev  0x0000062d       0xed CMakeFiles/STM32_BLDC_Hall.elf.dir/User_program/PI_Cale.c.obj
 .debug_abbrev  0x0000071a       0xd4 CMakeFiles/STM32_BLDC_Hall.elf.dir/User_program/Task_function.c.obj
 .debug_abbrev  0x000007ee      0x14f CMakeFiles/STM32_BLDC_Hall.elf.dir/User_program/ThreeHall.c.obj
 .debug_abbrev  0x0000093d      0x187 CMakeFiles/STM32_BLDC_Hall.elf.dir/User_program/Tim1_ISR_MCLoop.c.obj
 .debug_abbrev  0x00000ac4      0x177 CMakeFiles/STM32_BLDC_Hall.elf.dir/User_program/Tim1_PWM.c.obj
 .debug_abbrev  0x00000c3b      0x116 CMakeFiles/STM32_BLDC_Hall.elf.dir/User_program/Tim4_Encoder_PWMDAC.c.obj
 .debug_abbrev  0x00000d51      0x289 CMakeFiles/STM32_BLDC_Hall.elf.dir/User_program/Timer.c.obj
 .debug_abbrev  0x00000fda      0x35b CMakeFiles/STM32_BLDC_Hall.elf.dir/User_program/printf_uart.c.obj
 .debug_abbrev  0x00001335      0x18a CMakeFiles/STM32_BLDC_Hall.elf.dir/FWlib/src/misc.c.obj
 .debug_abbrev  0x000014bf      0x1da CMakeFiles/STM32_BLDC_Hall.elf.dir/FWlib/src/stm32f10x_adc.c.obj
 .debug_abbrev  0x00001699      0x195 CMakeFiles/STM32_BLDC_Hall.elf.dir/FWlib/src/stm32f10x_dma.c.obj
 .debug_abbrev  0x0000182e      0x235 CMakeFiles/STM32_BLDC_Hall.elf.dir/FWlib/src/stm32f10x_gpio.c.obj
 .debug_abbrev  0x00001a63       0xd4 CMakeFiles/STM32_BLDC_Hall.elf.dir/FWlib/src/stm32f10x_it.c.obj
 .debug_abbrev  0x00001b37      0x1e1 CMakeFiles/STM32_BLDC_Hall.elf.dir/FWlib/src/stm32f10x_rcc.c.obj
 .debug_abbrev  0x00001d18      0x1fb CMakeFiles/STM32_BLDC_Hall.elf.dir/FWlib/src/stm32f10x_tim.c.obj
 .debug_abbrev  0x00001f13      0x1bd CMakeFiles/STM32_BLDC_Hall.elf.dir/FWlib/src/stm32f10x_usart.c.obj
 .debug_abbrev  0x000020d0      0x1fd CMakeFiles/STM32_BLDC_Hall.elf.dir/main.c.obj
 .debug_abbrev  0x000022cd       0x24 CMakeFiles/STM32_BLDC_Hall.elf.dir/startup/startup_stm32f103xb.s.obj
 .debug_abbrev  0x000022f1      0x1b5 CMakeFiles/STM32_BLDC_Hall.elf.dir/CMSIS/system_stm32f10x.c.obj

.debug_aranges  0x00000000      0xb28
 .debug_aranges
                0x00000000       0x40 CMakeFiles/STM32_BLDC_Hall.elf.dir/User_program/ADC_int.c.obj
 .debug_aranges
                0x00000040       0x30 CMakeFiles/STM32_BLDC_Hall.elf.dir/User_program/Fuzzy_Control.c.obj
 .debug_aranges
                0x00000070       0x70 CMakeFiles/STM32_BLDC_Hall.elf.dir/User_program/GPIO_int.c.obj
 .debug_aranges
                0x000000e0       0x38 CMakeFiles/STM32_BLDC_Hall.elf.dir/User_program/IQ_math.c.obj
 .debug_aranges
                0x00000118       0x28 CMakeFiles/STM32_BLDC_Hall.elf.dir/User_program/PI_Cale.c.obj
 .debug_aranges
                0x00000140       0x28 CMakeFiles/STM32_BLDC_Hall.elf.dir/User_program/Task_function.c.obj
 .debug_aranges
                0x00000168       0x28 CMakeFiles/STM32_BLDC_Hall.elf.dir/User_program/ThreeHall.c.obj
 .debug_aranges
                0x00000190       0x28 CMakeFiles/STM32_BLDC_Hall.elf.dir/User_program/Tim1_ISR_MCLoop.c.obj
 .debug_aranges
                0x000001b8       0x58 CMakeFiles/STM32_BLDC_Hall.elf.dir/User_program/Tim1_PWM.c.obj
 .debug_aranges
                0x00000210       0x20 CMakeFiles/STM32_BLDC_Hall.elf.dir/User_program/Tim4_Encoder_PWMDAC.c.obj
 .debug_aranges
                0x00000230       0x50 CMakeFiles/STM32_BLDC_Hall.elf.dir/User_program/Timer.c.obj
 .debug_aranges
                0x00000280       0x60 CMakeFiles/STM32_BLDC_Hall.elf.dir/User_program/printf_uart.c.obj
 .debug_aranges
                0x000002e0       0x40 CMakeFiles/STM32_BLDC_Hall.elf.dir/FWlib/src/misc.c.obj
 .debug_aranges
                0x00000320      0x138 CMakeFiles/STM32_BLDC_Hall.elf.dir/FWlib/src/stm32f10x_adc.c.obj
 .debug_aranges
                0x00000458       0x70 CMakeFiles/STM32_BLDC_Hall.elf.dir/FWlib/src/stm32f10x_dma.c.obj
 .debug_aranges
                0x000004c8       0xa8 CMakeFiles/STM32_BLDC_Hall.elf.dir/FWlib/src/stm32f10x_gpio.c.obj
 .debug_aranges
                0x00000570       0x20 CMakeFiles/STM32_BLDC_Hall.elf.dir/FWlib/src/stm32f10x_it.c.obj
 .debug_aranges
                0x00000590      0x118 CMakeFiles/STM32_BLDC_Hall.elf.dir/FWlib/src/stm32f10x_rcc.c.obj
 .debug_aranges
                0x000006a8      0x2f0 CMakeFiles/STM32_BLDC_Hall.elf.dir/FWlib/src/stm32f10x_tim.c.obj
 .debug_aranges
                0x00000998      0x100 CMakeFiles/STM32_BLDC_Hall.elf.dir/FWlib/src/stm32f10x_usart.c.obj
 .debug_aranges
                0x00000a98       0x30 CMakeFiles/STM32_BLDC_Hall.elf.dir/main.c.obj
 .debug_aranges
                0x00000ac8       0x28 CMakeFiles/STM32_BLDC_Hall.elf.dir/startup/startup_stm32f103xb.s.obj
 .debug_aranges
                0x00000af0       0x38 CMakeFiles/STM32_BLDC_Hall.elf.dir/CMSIS/system_stm32f10x.c.obj

.debug_rnglists
                0x00000000      0x829
 .debug_rnglists
                0x00000000       0x2d CMakeFiles/STM32_BLDC_Hall.elf.dir/User_program/ADC_int.c.obj
 .debug_rnglists
                0x0000002d       0x22 CMakeFiles/STM32_BLDC_Hall.elf.dir/User_program/Fuzzy_Control.c.obj
 .debug_rnglists
                0x0000004f       0x4f CMakeFiles/STM32_BLDC_Hall.elf.dir/User_program/GPIO_int.c.obj
 .debug_rnglists
                0x0000009e       0x28 CMakeFiles/STM32_BLDC_Hall.elf.dir/User_program/IQ_math.c.obj
 .debug_rnglists
                0x000000c6       0x1a CMakeFiles/STM32_BLDC_Hall.elf.dir/User_program/PI_Cale.c.obj
 .debug_rnglists
                0x000000e0       0x1a CMakeFiles/STM32_BLDC_Hall.elf.dir/User_program/Task_function.c.obj
 .debug_rnglists
                0x000000fa       0x1a CMakeFiles/STM32_BLDC_Hall.elf.dir/User_program/ThreeHall.c.obj
 .debug_rnglists
                0x00000114       0x1a CMakeFiles/STM32_BLDC_Hall.elf.dir/User_program/Tim1_ISR_MCLoop.c.obj
 .debug_rnglists
                0x0000012e       0x3e CMakeFiles/STM32_BLDC_Hall.elf.dir/User_program/Tim1_PWM.c.obj
 .debug_rnglists
                0x0000016c       0x14 CMakeFiles/STM32_BLDC_Hall.elf.dir/User_program/Tim4_Encoder_PWMDAC.c.obj
 .debug_rnglists
                0x00000180       0x39 CMakeFiles/STM32_BLDC_Hall.elf.dir/User_program/Timer.c.obj
 .debug_rnglists
                0x000001b9       0x51 CMakeFiles/STM32_BLDC_Hall.elf.dir/User_program/printf_uart.c.obj
 .debug_rnglists
                0x0000020a       0x2c CMakeFiles/STM32_BLDC_Hall.elf.dir/FWlib/src/misc.c.obj
 .debug_rnglists
                0x00000236       0xe8 CMakeFiles/STM32_BLDC_Hall.elf.dir/FWlib/src/stm32f10x_adc.c.obj
 .debug_rnglists
                0x0000031e       0x50 CMakeFiles/STM32_BLDC_Hall.elf.dir/FWlib/src/stm32f10x_dma.c.obj