<html>
<body>
<pre>
<h1>µVision Build Log</h1>
<h2>Tool Versions:</h2>
IDE-Version: £gVision V5.14.2
Copyright (C) 2015 ARM Ltd and ARM Germany GmbH. All rights reserved.
License Information: YH YH, YH, LIC=GMZI6-DIZWL-CXYU6-DHB9I-R77GQ-GNR08
 
Tool Versions:
Toolchain:       MDK-ARM Standard  Version: 5.25.2.0
Toolchain Path:  D:\Keil_v5\ARM\ARMCC\Bin
C Compiler:      Armcc.exe V5.06 update 6 (build 750)
Assembler:       Armasm.exe V5.06 update 6 (build 750)
Linker/Locator:  ArmLink.exe V5.06 update 6 (build 750)
Library Manager: ArmAr.exe V5.06 update 6 (build 750)
Hex Converter:   FromElf.exe V5.06 update 6 (build 750)
CPU DLL:         SARMCM3.DLL V5.25.2.0
Dialog DLL:      DARMSTM.DLL V1.68.0.0
Target DLL:      STLink\ST-LINKIII-KEIL_SWO.dll V3.0.1.0
Dialog DLL:      TARMSTM.DLL V1.66.0.0
 
<h2>Project:</h2>
D:\prog\STM32\STM32\stm32\STM32prog\CLion_Vscode_BLDC_PWM_Hall_2\STM32_BLDC_Halll_V17_3.uvprojx
Project File Date:  11/17/2024

<h2>Output:</h2>
*** Using Compiler 'V5.06 update 6 (build 750)', folder: 'D:\Keil_v5\ARM\ARMCC\Bin'
Rebuild target 'STM32_BLDC_Hall_V17_3'
compiling core_cm3.c...
compiling system_stm32f10x.c...
assembling startup_stm32f10x_md.s...
compiling misc.c...
compiling stm32f10x_adc.c...
compiling stm32f10x_bkp.c...
compiling stm32f10x_can.c...
compiling stm32f10x_cec.c...
compiling stm32f10x_crc.c...
compiling stm32f10x_dac.c...
compiling stm32f10x_dbgmcu.c...
compiling stm32f10x_dma.c...
compiling stm32f10x_exti.c...
compiling stm32f10x_flash.c...
compiling stm32f10x_fsmc.c...
compiling stm32f10x_gpio.c...
compiling stm32f10x_i2c.c...
compiling stm32f10x_iwdg.c...
compiling stm32f10x_pwr.c...
compiling stm32f10x_rcc.c...
compiling stm32f10x_rtc.c...
compiling stm32f10x_sdio.c...
compiling stm32f10x_spi.c...
compiling stm32f10x_tim.c...
compiling stm32f10x_usart.c...
compiling stm32f10x_wwdg.c...
compiling stm32f10x_it.c...
compiling main.c...
compiling ADC_int.c...
compiling GPIO_int.c...
compiling hello_world.c...
compiling IQ_math.c...
compiling PI_Cale.c...
compiling printf_uart.c...
compiling Task_function.c...
compiling ThreeHall.c...
compiling Tim1_ISR_MCLoop.c...
compiling Tim1_PWM.c...
compiling Tim4_Encoder_PWMDAC.c...
compiling Timer.c...
compiling Fuzzy_Control.c...
linking...
Program Size: Code=16600 RO-data=2000 RW-data=268 ZI-data=1692  
FromELF: creating hex file...
".\Output\STM32_BLDC_Hall.elf" - 0 Error(s), 0 Warning(s).

<h2>Collection of Component include folders:</h2>
  D:\prog\STM32\STM32\stm32\STM32prog\CLion_Vscode_BLDC_PWM_Hall_2\RTE
  D:\Keil_v5\ARM\PACK\Keil\STM32F1xx_DFP\2.3.0\Device\Include

<h2>Collection of Component Files used:</h2>
</pre>
</body>
</html>
