<html>
<body>
<pre>
<h1>µVision Build Log</h1>
<h2>Tool Versions:</h2>
IDE-Version: £gVision V5.14.2
Copyright (C) 2015 ARM Ltd and ARM Germany GmbH. All rights reserved.
License Information: YH YH, YH, LIC=GMZI6-DIZWL-CXYU6-DHB9I-R77GQ-GNR08
 
Tool Versions:
Toolchain:       MDK-ARM Standard  Version: 5.25.2.0
Toolchain Path:  D:\Keil_v5\ARM\ARMCC\Bin
C Compiler:      Armcc.exe V5.06 update 6 (build 750)
Assembler:       Armasm.exe V5.06 update 6 (build 750)
Linker/Locator:  ArmLink.exe V5.06 update 6 (build 750)
Library Manager: ArmAr.exe V5.06 update 6 (build 750)
Hex Converter:   FromElf.exe V5.06 update 6 (build 750)
CPU DLL:         SARMCM3.DLL V5.25.2.0
Dialog DLL:      DARMSTM.DLL V1.68.0.0
Target DLL:      STLink\ST-LINKIII-KEIL_SWO.dll V3.0.1.0
Dialog DLL:      TARMSTM.DLL V1.66.0.0
 
<h2>Project:</h2>
d:\prog\STM32\STM32\stm32\STM32prog\CLion_Vscode_BLDC_PWM_Hall_2\STM32_BLDC_Halll_V17_3.uvprojx
Project File Date:  11/02/2024

<h2>Output:</h2>
*** Using Compiler 'V5.06 update 6 (build 750)', folder: 'D:\Keil_v5\ARM\ARMCC\Bin'
Build target 'STM32_BLDC_Hall_V17_3'
compiling main.c...
main.c(158): warning:  #223-D: function "Uart3Init" declared implicitly
      Uart3Init(115200); // ??ùÂ?ãÂ?ñUart1
main.c: 1 warning, 0 errors
linking...
Program Size: Code=14900 RO-data=1804 RW-data=268 ZI-data=1620  
FromELF: creating hex file...
".\Output\STM32_BLDC_Hall.elf" - 0 Error(s), 1 Warning(s).

<h2>Collection of Component include folders:</h2>
  d:\prog\STM32\STM32\stm32\STM32prog\CLion_Vscode_BLDC_PWM_Hall_2\RTE
  D:\Keil_v5\ARM\PACK\Keil\STM32F1xx_DFP\2.3.0\Device\Include

<h2>Collection of Component Files used:</h2>
</pre>
</body>
</html>
